Component: ARM Compiler 5.06 update 6 (build 750) Tool: armlink [4d35ed]

==============================================================================

Section Cross References

    main.o(i.flash_cali) refers to bsp_flash.o(i.BSP_FLASH_READ) for BSP_FLASH_READ
    main.o(i.flash_cali) refers to bsp_flash.o(.bss) for cali_param
    main.o(i.main) refers to delay.o(i.SysTick_Init) for SysTick_Init
    main.o(i.main) refers to misc.o(i.NVIC_PriorityGroupConfig) for NVIC_PriorityGroupConfig
    main.o(i.main) refers to stm32_tim_base.o(i.TIM_BASE_Init) for TIM_BASE_Init
    main.o(i.main) refers to gpio.o(i.GPIO_INIT) for GPIO_INIT
    main.o(i.main) refers to tim.o(i.TIM5_DEVICE) for TIM5_DEVICE
    main.o(i.main) refers to can.o(i.CAN1_DEVICE) for CAN1_DEVICE
    main.o(i.main) refers to can.o(i.CAN2_DEVICE) for CAN2_DEVICE
    main.o(i.main) refers to usart.o(i.USART1_DEVICE) for USART1_DEVICE
    main.o(i.main) refers to usart.o(i.USART3_DEVICE) for USART3_DEVICE
    main.o(i.main) refers to usart.o(i.USART6_DEVICE) for USART6_DEVICE
    main.o(i.main) refers to usart.o(i.UART8_DEVICE) for UART8_DEVICE
    main.o(i.main) refers to spi.o(i.SPI_DEVICE) for SPI_DEVICE
    main.o(i.main) refers to detect_task.o(i.detect_param_init) for detect_param_init
    main.o(i.main) refers to clamp_task.o(i.clamp_param_init) for clamp_param_init
    main.o(i.main) refers to rescue_task.o(i.rescue_param_init) for rescue_param_init
    main.o(i.main) refers to supply_task.o(i.supply_param_init) for supply_param_init
    main.o(i.main) refers to judge_rx_data.o(i.judgement_rx_param_init) for judgement_rx_param_init
    main.o(i.main) refers to judge_tx_data.o(i.judgement_tx_param_init) for judgement_tx_param_init
    main.o(i.main) refers to pc_rx_data.o(i.pc_rx_param_init) for pc_rx_param_init
    main.o(i.main) refers to pc_tx_data.o(i.pc_tx_param_init) for pc_tx_param_init
    main.o(i.main) refers to start_task.o(i.TASK_START) for TASK_START
    main.o(i.main) refers to tasks.o(i.vTaskStartScheduler) for vTaskStartScheduler
    stm32f4xx_it.o(i.SysTick_Handler) refers to tasks.o(i.xTaskGetSchedulerState) for xTaskGetSchedulerState
    stm32f4xx_it.o(i.SysTick_Handler) refers to port.o(i.xPortSysTickHandler) for xPortSysTickHandler
    system_stm32f4xx.o(i.SystemCoreClockUpdate) refers to system_stm32f4xx.o(.data) for SystemCoreClock
    system_stm32f4xx.o(i.SystemInit) refers to system_stm32f4xx.o(i.SetSysClock) for SetSysClock
    start_task.o(i.TASK_START) refers to tasks.o(i.xTaskCreate) for xTaskCreate
    start_task.o(i.TASK_START) refers to start_task.o(.data) for start_Task_Handle
    start_task.o(i.TASK_START) refers to start_task.o(i.start_task) for start_task
    start_task.o(i.start_task) refers to port.o(i.vPortEnterCritical) for vPortEnterCritical
    start_task.o(i.start_task) refers to tasks.o(i.xTaskCreate) for xTaskCreate
    start_task.o(i.start_task) refers to tasks.o(i.vTaskDelete) for vTaskDelete
    start_task.o(i.start_task) refers to port.o(i.vPortExitCritical) for vPortExitCritical
    start_task.o(i.start_task) refers to start_task.o(.data) for clamp_Task_Handle
    start_task.o(i.start_task) refers to clamp_task.o(i.clamp_task) for clamp_task
    start_task.o(i.start_task) refers to supply_task.o(i.supply_task) for supply_task
    start_task.o(i.start_task) refers to rescue_task.o(i.rescue_task) for rescue_task
    start_task.o(i.start_task) refers to upraise_task.o(i.upraise_task) for upraise_task
    start_task.o(i.start_task) refers to comm_task.o(i.can_msg_send_task) for can_msg_send_task
    start_task.o(i.start_task) refers to modeswitch_task.o(i.mode_switch_task) for mode_switch_task
    start_task.o(i.start_task) refers to info_get_task.o(i.info_get_task) for info_get_task
    start_task.o(i.start_task) refers to detect_task.o(i.detect_task) for detect_task
    start_task.o(i.start_task) refers to judge_task.o(i.judge_tx_task) for judge_tx_task
    start_task.o(i.start_task) refers to judge_task.o(i.judge_rx_task) for judge_rx_task
    start_task.o(i.start_task) refers to pc_task.o(i.pc_tx_task) for pc_tx_task
    start_task.o(i.start_task) refers to pc_task.o(i.pc_rx_task) for pc_rx_task
    stm32_tim_base.o(i.HAL_GetTick) refers to stm32_tim_base.o(.data) for uwTick
    stm32_tim_base.o(i.HAL_IncTick) refers to stm32_tim_base.o(.data) for uwTick
    stm32_tim_base.o(i.TIM4_IRQHandler) refers to stm32f4xx_tim.o(i.TIM_GetITStatus) for TIM_GetITStatus
    stm32_tim_base.o(i.TIM4_IRQHandler) refers to stm32_tim_base.o(i.HAL_IncTick) for HAL_IncTick
    stm32_tim_base.o(i.TIM4_IRQHandler) refers to stm32f4xx_tim.o(i.TIM_ClearITPendingBit) for TIM_ClearITPendingBit
    stm32_tim_base.o(i.TIM_BASE_Init) refers to stm32f4xx_rcc.o(i.RCC_APB1PeriphClockCmd) for RCC_APB1PeriphClockCmd
    stm32_tim_base.o(i.TIM_BASE_Init) refers to stm32f4xx_tim.o(i.TIM_TimeBaseInit) for TIM_TimeBaseInit
    stm32_tim_base.o(i.TIM_BASE_Init) refers to stm32f4xx_tim.o(i.TIM_ITConfig) for TIM_ITConfig
[...]
    EXTI3_IRQHandler                         0x08000293   Thumb Code     0  startup_stm32f427_437xx.o(.text)
    EXTI4_IRQHandler                         0x08000293   Thumb Code     0  startup_stm32f427_437xx.o(.text)
    EXTI9_5_IRQHandler                       0x08000293   Thumb Code     0  startup_stm32f427_437xx.o(.text)
    FLASH_IRQHandler                         0x08000293   Thumb Code     0  startup_stm32f427_437xx.o(.text)
    FMC_IRQHandler                           0x08000293   Thumb Code     0  startup_stm32f427_437xx.o(.text)
    FPU_IRQHandler                           0x08000293   Thumb Code     0  startup_stm32f427_437xx.o(.text)
    HASH_RNG_IRQHandler                      0x08000293   Thumb Code     0  startup_stm32f427_437xx.o(.text)
    I2C1_ER_IRQHandler                       0x08000293   Thumb Code     0  startup_stm32f427_437xx.o(.text)
    I2C1_EV_IRQHandler                       0x08000293   Thumb Code     0  startup_stm32f427_437xx.o(.text)
    I2C2_ER_IRQHandler                       0x08000293   Thumb Code     0  startup_stm32f427_437xx.o(.text)
    I2C2_EV_IRQHandler                       0x08000293   Thumb Code     0  startup_stm32f427_437xx.o(.text)
    I2C3_ER_IRQHandler                       0x08000293   Thumb Code     0  startup_stm32f427_437xx.o(.text)
    I2C3_EV_IRQHandler                       0x08000293   Thumb Code     0  startup_stm32f427_437xx.o(.text)
    OTG_FS_IRQHandler                        0x08000293   Thumb Code     0  startup_stm32f427_437xx.o(.text)
    OTG_FS_WKUP_IRQHandler                   0x08000293   Thumb Code     0  startup_stm32f427_437xx.o(.text)
    OTG_HS_EP1_IN_IRQHandler                 0x08000293   Thumb Code     0  startup_stm32f427_437xx.o(.text)
    OTG_HS_EP1_OUT_IRQHandler                0x08000293   Thumb Code     0  startup_stm32f427_437xx.o(.text)
    OTG_HS_IRQHandler                        0x08000293   Thumb Code     0  startup_stm32f427_437xx.o(.text)
    OTG_HS_WKUP_IRQHandler                   0x08000293   Thumb Code     0  startup_stm32f427_437xx.o(.text)
    PVD_IRQHandler                           0x08000293   Thumb Code     0  startup_stm32f427_437xx.o(.text)
    RCC_IRQHandler                           0x08000293   Thumb Code     0  startup_stm32f427_437xx.o(.text)
    RTC_Alarm_IRQHandler                     0x08000293   Thumb Code     0  startup_stm32f427_437xx.o(.text)
    RTC_WKUP_IRQHandler                      0x08000293   Thumb Code     0  startup_stm32f427_437xx.o(.text)
    SAI1_IRQHandler                          0x08000293   Thumb Code     0  startup_stm32f427_437xx.o(.text)
    SDIO_IRQHandler                          0x08000293   Thumb Code     0  startup_stm32f427_437xx.o(.text)
    SPI1_IRQHandler                          0x08000293   Thumb Code     0  startup_stm32f427_437xx.o(.text)
    SPI2_IRQHandler                          0x08000293   Thumb Code     0  startup_stm32f427_437xx.o(.text)
    SPI3_IRQHandler                          0x08000293   Thumb Code     0  startup_stm32f427_437xx.o(.text)
    SPI4_IRQHandler                          0x08000293   Thumb Code     0  startup_stm32f427_437xx.o(.text)
    SPI5_IRQHandler                          0x08000293   Thumb Code     0  startup_stm32f427_437xx.o(.text)
    SPI6_IRQHandler                          0x08000293   Thumb Code     0  startup_stm32f427_437xx.o(.text)
    TAMP_STAMP_IRQHandler                    0x08000293   Thumb Code     0  startup_stm32f427_437xx.o(.text)
    TIM1_BRK_TIM9_IRQHandler                 0x08000293   Thumb Code     0  startup_stm32f427_437xx.o(.text)
    TIM1_CC_IRQHandler                       0x08000293   Thumb Code     0  startup_stm32f427_437xx.o(.text)
    TIM1_TRG_COM_TIM11_IRQHandler            0x08000293   Thumb Code     0  startup_stm32f427_437xx.o(.text)
    TIM1_UP_TIM10_IRQHandler                 0x08000293   Thumb Code     0  startup_stm32f427_437xx.o(.text)
    TIM2_IRQHandler                          0x08000293   Thumb Code     0  startup_stm32f427_437xx.o(.text)
    TIM3_IRQHandler                          0x08000293   Thumb Code     0  startup_stm32f427_437xx.o(.text)
    TIM5_IRQHandler                          0x08000293   Thumb Code     0  startup_stm32f427_437xx.o(.text)
    TIM6_DAC_IRQHandler                      0x08000293   Thumb Code     0  startup_stm32f427_437xx.o(.text)
    TIM7_IRQHandler                          0x08000293   Thumb Code     0  startup_stm32f427_437xx.o(.text)
    TIM8_BRK_TIM12_IRQHandler                0x08000293   Thumb Code     0  startup_stm32f427_437xx.o(.text)
    TIM8_CC_IRQHandler                       0x08000293   Thumb Code     0  startup_stm32f427_437xx.o(.text)
    TIM8_TRG_COM_TIM14_IRQHandler            0x08000293   Thumb Code     0  startup_stm32f427_437xx.o(.text)
    TIM8_UP_TIM13_IRQHandler                 0x08000293   Thumb Code     0  startup_stm32f427_437xx.o(.text)
    UART4_IRQHandler                         0x08000293   Thumb Code     0  startup_stm32f427_437xx.o(.text)
    UART5_IRQHandler                         0x08000293   Thumb Code     0  startup_stm32f427_437xx.o(.text)
    UART7_IRQHandler                         0x08000293   Thumb Code     0  startup_stm32f427_437xx.o(.text)
    UART8_IRQHandler                         0x08000293   Thumb Code     0  startup_stm32f427_437xx.o(.text)
    USART2_IRQHandler                        0x08000293   Thumb Code     0  startup_stm32f427_437xx.o(.text)
    WWDG_IRQHandler                          0x08000293   Thumb Code     0  startup_stm32f427_437xx.o(.text)
    __aeabi_memcpy                           0x0800029d   Thumb Code    36  memcpya.o(.text)
    __aeabi_memcpy4                          0x0800029d   Thumb Code     0  memcpya.o(.text)
    __aeabi_memcpy8                          0x0800029d   Thumb Code     0  memcpya.o(.text)
    __aeabi_memset                           0x080002c1   Thumb Code    14  memseta.o(.text)
    __aeabi_memset4                          0x080002c1   Thumb Code     0  memseta.o(.text)
    __aeabi_memset8                          0x080002c1   Thumb Code     0  memseta.o(.text)
    __aeabi_memclr                           0x080002cf   Thumb Code     4  memseta.o(.text)
    __aeabi_memclr4                          0x080002cf   Thumb Code     0  memseta.o(.text)
    __aeabi_memclr8                          0x080002cf   Thumb Code     0  memseta.o(.text)
    _memset$wrapper                          0x080002d3   Thumb Code    18  memseta.o(.text)
    strlen                                   0x080002e5   Thumb Code    14  strlen.o(.text)
    __aeabi_dadd                             0x080002f3   Thumb Code   322  dadd.o(.text)
    __aeabi_dsub                             0x08000435   Thumb Code     6  dadd.o(.text)
    __aeabi_drsub                            0x0800043b   Thumb Code     6  dadd.o(.text)
    __aeabi_dmul                             0x08000441   Thumb Code   228  dmul.o(.text)
    __aeabi_f2d                              0x08000525   Thumb Code    38  f2d.o(.text)
    __aeabi_cdcmpeq                          0x0800054d   Thumb Code     0  cdcmple.o(.text)
    __aeabi_cdcmple                          0x0800054d   Thumb Code    48  cdcmple.o(.text)
    __aeabi_cdrcmple                         0x0800057d   Thumb Code    48  cdrcmple.o(.text)
    __aeabi_uidiv                            0x080005ad   Thumb Code     0  uidiv.o(.text)
    __aeabi_uidivmod                         0x080005ad   Thumb Code    44  uidiv.o(.text)
    __aeabi_llsl                             0x080005d9   Thumb Code    30  llshl.o(.text)
    _ll_shift_l                              0x080005d9   Thumb Code     0  llshl.o(.text)
    __aeabi_lasr                             0x080005f7   Thumb Code    36  llsshr.o(.text)
    _ll_sshift_r                             0x080005f7   Thumb Code     0  llsshr.o(.text)
    __I$use$fp                               0x0800061b   Thumb Code     0  iusefp.o(.text)
    _double_round                            0x0800061b   Thumb Code    30  depilogue.o(.text)
    _double_epilogue                         0x08000639   Thumb Code   156  depilogue.o(.text)
    __scatterload                            0x080006d5   Thumb Code    28  init.o(.text)
    __scatterload_rt2                        0x080006d5   Thumb Code     0  init.o(.text)
    __aeabi_llsr                             0x080006f9   Thumb Code    32  llushr.o(.text)
    _ll_ushift_r                             0x080006f9   Thumb Code     0  llushr.o(.text)
    __decompress                             0x08000719   Thumb Code     0  __dczerorl2.o(.text)
    __decompress1                            0x08000719   Thumb Code    86  __dczerorl2.o(.text)
    BSP_FLASH_WRITE                          0x08000771   Thumb Code    94  bsp_flash.o(i.BSP_FLASH_WRITE)
    BusFault_Handler                         0x080007d5   Thumb Code     4  stm32f4xx_it.o(i.BusFault_Handler)
    CAN1_DEVICE                              0x080007d9   Thumb Code   260  can.o(i.CAN1_DEVICE)
    CAN1_RX0_IRQHandler                      0x080008e5   Thumb Code    40  bsp_can.o(i.CAN1_RX0_IRQHandler)
    CAN2_DEVICE                              0x08000915   Thumb Code   262  can.o(i.CAN2_DEVICE)
    CAN2_RX0_IRQHandler                      0x08000a25   Thumb Code    40  bsp_can.o(i.CAN2_RX0_IRQHandler)
    CAN_ClearITPendingBit                    0x08000a55   Thumb Code   162  stm32f4xx_can.o(i.CAN_ClearITPendingBit)
    CAN_FilterInit                           0x08000afd   Thumb Code   258  stm32f4xx_can.o(i.CAN_FilterInit)
    CAN_GetITStatus                          0x08000c05   Thumb Code   284  stm32f4xx_can.o(i.CAN_GetITStatus)
    CAN_ITConfig                             0x08000d25   Thumb Code    18  stm32f4xx_can.o(i.CAN_ITConfig)
    CAN_Init                                 0x08000d37   Thumb Code   276  stm32f4xx_can.o(i.CAN_Init)
    CAN_Receive                              0x08000e4b   Thumb Code   240  stm32f4xx_can.o(i.CAN_Receive)
    CAN_Transmit                             0x08000f3b   Thumb Code   294  stm32f4xx_can.o(i.CAN_Transmit)
    DMA_ClearFlag                            0x08001075   Thumb Code    38  stm32f4xx_dma.o(i.DMA_ClearFlag)
    DMA_Cmd                                  0x080010a9   Thumb Code    22  stm32f4xx_dma.o(i.DMA_Cmd)
    DMA_DeInit                               0x080010c1   Thumb Code   324  stm32f4xx_dma.o(i.DMA_DeInit)
    DMA_DoubleBufferModeCmd                  0x08001219   Thumb Code    22  stm32f4xx_dma.o(i.DMA_DoubleBufferModeCmd)
    DMA_DoubleBufferModeConfig               0x0800122f   Thumb Code    24  stm32f4xx_dma.o(i.DMA_DoubleBufferModeConfig)
    DMA_GetCurrDataCounter                   0x08001247   Thumb Code     8  stm32f4xx_dma.o(i.DMA_GetCurrDataCounter)
    DMA_GetCurrentMemoryTarget               0x0800124f   Thumb Code    20  stm32f4xx_dma.o(i.DMA_GetCurrentMemoryTarget)
    DMA_Init                                 0x08001265   Thumb Code    82  stm32f4xx_dma.o(i.DMA_Init)
    DMA_SetCurrDataCounter                   0x080012bd   Thumb Code     4  stm32f4xx_dma.o(i.DMA_SetCurrDataCounter)
    DebugMon_Handler                         0x080012c1   Thumb Code     2  stm32f4xx_it.o(i.DebugMon_Handler)
    EXTI2_IRQHandler                         0x080012c5   Thumb Code    54  gpio.o(i.EXTI2_IRQHandler)
    EXTI_ClearITPendingBit                   0x08001309   Thumb Code     6  stm32f4xx_exti.o(i.EXTI_ClearITPendingBit)
    EXTI_GetITStatus                         0x08001315   Thumb Code    20  stm32f4xx_exti.o(i.EXTI_GetITStatus)
    EXTI_Init                                0x0800132d   Thumb Code   142  stm32f4xx_exti.o(i.EXTI_Init)
    FLASH_ClearFlag                          0x080013c1   Thumb Code     6  stm32f4xx_flash.o(i.FLASH_ClearFlag)
    FLASH_DataCacheCmd                       0x080013cd   Thumb Code    30  stm32f4xx_flash.o(i.FLASH_DataCacheCmd)
    FLASH_EraseSector                        0x080013f1   Thumb Code   130  stm32f4xx_flash.o(i.FLASH_EraseSector)
    FLASH_GetStatus                          0x08001479   Thumb Code    80  stm32f4xx_flash.o(i.FLASH_GetStatus)
    FLASH_Lock                               0x080014cd   Thumb Code    14  stm32f4xx_flash.o(i.FLASH_Lock)
    FLASH_ProgramByte                        0x080014e1   Thumb Code    70  stm32f4xx_flash.o(i.FLASH_ProgramByte)
    FLASH_Unlock                             0x0800152d   Thumb Code    24  stm32f4xx_flash.o(i.FLASH_Unlock)
    FLASH_WaitForLastOperation               0x08001551   Thumb Code    34  stm32f4xx_flash.o(i.FLASH_WaitForLastOperation)
    GPIO_INIT                                0x08001575   Thumb Code   230  gpio.o(i.GPIO_INIT)
    GPIO_Init                                0x08001675   Thumb Code   144  stm32f4xx_gpio.o(i.GPIO_Init)
    GPIO_PinAFConfig                         0x08001705   Thumb Code    70  stm32f4xx_gpio.o(i.GPIO_PinAFConfig)
    GPIO_ReadInputDataBit                    0x0800174b   Thumb Code    18  stm32f4xx_gpio.o(i.GPIO_ReadInputDataBit)
    GPIO_ResetBits                           0x0800175d   Thumb Code     4  stm32f4xx_gpio.o(i.GPIO_ResetBits)
    GPIO_SetBits                             0x08001761   Thumb Code     4  stm32f4xx_gpio.o(i.GPIO_SetBits)
    GetSector                                0x08001765   Thumb Code   374  bsp_flash.o(i.GetSector)
    HAL_GetTick                              0x08001935   Thumb Code     6  stm32_tim_base.o(i.HAL_GetTick)
    HAL_IncTick                              0x08001941   Thumb Code    24  stm32_tim_base.o(i.HAL_IncTick)
    HardFault_Handler                        0x0800195d   Thumb Code     4  stm32f4xx_it.o(i.HardFault_Handler)
    MemManage_Handler                        0x080019ad   Thumb Code     4  stm32f4xx_it.o(i.MemManage_Handler)
    NMI_Handler                              0x080019b1   Thumb Code     2  stm32f4xx_it.o(i.NMI_Handler)
    NVIC_Init                                0x080019b5   Thumb Code   106  misc.o(i.NVIC_Init)
    NVIC_PriorityGroupConfig                 0x08001a2d   Thumb Code    10  misc.o(i.NVIC_PriorityGroupConfig)
    PID_Struct_Init                          0x08001a41   Thumb Code   114  pid.o(i.PID_Struct_Init)
    RCC_AHB1PeriphClockCmd                   0x08001abd   Thumb Code    26  stm32f4xx_rcc.o(i.RCC_AHB1PeriphClockCmd)
    RCC_APB1PeriphClockCmd                   0x08001add   Thumb Code    26  stm32f4xx_rcc.o(i.RCC_APB1PeriphClockCmd)
    RCC_APB1PeriphResetCmd                   0x08001afd   Thumb Code    26  stm32f4xx_rcc.o(i.RCC_APB1PeriphResetCmd)
    RCC_APB2PeriphClockCmd                   0x08001b1d   Thumb Code    26  stm32f4xx_rcc.o(i.RCC_APB2PeriphClockCmd)
    RCC_APB2PeriphResetCmd                   0x08001b3d   Thumb Code    26  stm32f4xx_rcc.o(i.RCC_APB2PeriphResetCmd)
    RCC_GetClocksFreq                        0x08001b5d   Thumb Code   214  stm32f4xx_rcc.o(i.RCC_GetClocksFreq)
    SPI_Cmd                                  0x08001c45   Thumb Code    24  stm32f4xx_spi.o(i.SPI_Cmd)
    SPI_DEVICE                               0x08001c5d   Thumb Code   160  spi.o(i.SPI_DEVICE)
    SPI_Init                                 0x08001d05   Thumb Code    60  stm32f4xx_spi.o(i.SPI_Init)
    SYSCFG_EXTILineConfig                    0x08001fe9   Thumb Code    60  stm32f4xx_syscfg.o(i.SYSCFG_EXTILineConfig)
    SysTick_CLKSourceConfig                  0x08002149   Thumb Code    40  misc.o(i.SysTick_CLKSourceConfig)
    SysTick_Handler                          0x08002171   Thumb Code    16  stm32f4xx_it.o(i.SysTick_Handler)
    SysTick_Init                             0x08002181   Thumb Code    52  delay.o(i.SysTick_Init)
    SystemInit                               0x080021bd   Thumb Code    88  system_stm32f4xx.o(i.SystemInit)
    TASK_START                               0x08002225   Thumb Code    24  start_task.o(i.TASK_START)
    TIM4_IRQHandler                          0x08002251   Thumb Code    26  stm32_tim_base.o(i.TIM4_IRQHandler)
    TIM5_DEVICE                              0x08002271   Thumb Code   156  tim.o(i.TIM5_DEVICE)
    TIM_ARRPreloadConfig                     0x08002315   Thumb Code    24  stm32f4xx_tim.o(i.TIM_ARRPreloadConfig)
    TIM_BASE_Init                            0x0800232d   Thumb Code    94  stm32_tim_base.o(i.TIM_BASE_Init)
    TIM_ClearITPendingBit                    0x08002391   Thumb Code     6  stm32f4xx_tim.o(i.TIM_ClearITPendingBit)
    TIM_Cmd                                  0x08002397   Thumb Code    24  stm32f4xx_tim.o(i.TIM_Cmd)
    TIM_GetITStatus                          0x080023af   Thumb Code    34  stm32f4xx_tim.o(i.TIM_GetITStatus)
    TIM_ITConfig                             0x080023d1   Thumb Code    18  stm32f4xx_tim.o(i.TIM_ITConfig)
    TIM_OC4Init                              0x080023e5   Thumb Code   112  stm32f4xx_tim.o(i.TIM_OC4Init)
    TIM_OC4PreloadConfig                     0x0800245d   Thumb Code    26  stm32f4xx_tim.o(i.TIM_OC4PreloadConfig)
    TIM_TimeBaseInit                         0x08002479   Thumb Code   104  stm32f4xx_tim.o(i.TIM_TimeBaseInit)
    UART8_DEVICE                             0x080024fd   Thumb Code   200  usart.o(i.UART8_DEVICE)
    USART1_DEVICE                            0x080025cd   Thumb Code   204  usart.o(i.USART1_DEVICE)
    USART1_DMA                               0x080026a5   Thumb Code   142  dma.o(i.USART1_DMA)
    USART1_IRQHandler                        0x08002741   Thumb Code   178  rc.o(i.USART1_IRQHandler)
    USART3_DEVICE                            0x08002809   Thumb Code   206  usart.o(i.USART3_DEVICE)
    USART3_DMA                               0x080028e1   Thumb Code   138  dma.o(i.USART3_DMA)
    USART3_IRQHandler                        0x0800297d   Thumb Code    98  judge_task.o(i.USART3_IRQHandler)
    USART6_DEVICE                            0x080029ed   Thumb Code   214  usart.o(i.USART6_DEVICE)
    USART6_DMA                               0x08002acd   Thumb Code   138  dma.o(i.USART6_DMA)
    USART6_IRQHandler                        0x08002b69   Thumb Code    98  pc_task.o(i.USART6_IRQHandler)
    USART_ClearFlag                          0x08002bd9   Thumb Code    18  stm32f4xx_usart.o(i.USART_ClearFlag)
    USART_ClearITPendingBit                  0x08002beb   Thumb Code    30  stm32f4xx_usart.o(i.USART_ClearITPendingBit)
    USART_Cmd                                0x08002c09   Thumb Code    24  stm32f4xx_usart.o(i.USART_Cmd)
    USART_DMACmd                             0x08002c21   Thumb Code    18  stm32f4xx_usart.o(i.USART_DMACmd)
    USART_DeInit                             0x08002c35   Thumb Code   206  stm32f4xx_usart.o(i.USART_DeInit)
    USART_GetFlagStatus                      0x08002d25   Thumb Code    26  stm32f4xx_usart.o(i.USART_GetFlagStatus)
    USART_GetITStatus                        0x08002d3f   Thumb Code    84  stm32f4xx_usart.o(i.USART_GetITStatus)
    USART_ITConfig                           0x08002d93   Thumb Code    74  stm32f4xx_usart.o(i.USART_ITConfig)
    USART_Init                               0x08002ddd   Thumb Code   204  stm32f4xx_usart.o(i.USART_Init)
    USART_ReceiveData                        0x08002eb1   Thumb Code    10  stm32f4xx_usart.o(i.USART_ReceiveData)
    UsageFault_Handler                       0x08002ebb   Thumb Code     4  stm32f4xx_it.o(i.UsageFault_Handler)
    __0sprintf$3                             0x08002ec1   Thumb Code    34  printf3.o(i.__0sprintf$3)
    __1sprintf$3                             0x08002ec1   Thumb Code     0  printf3.o(i.__0sprintf$3)
    __2sprintf                               0x08002ec1   Thumb Code     0  printf3.o(i.__0sprintf$3)
    __hardfp_fabs                            0x08002ee9   Thumb Code    20  fabs.o(i.__hardfp_fabs)
    __scatterload_copy                       0x08002efd   Thumb Code    14  handlers.o(i.__scatterload_copy)
    __scatterload_null                       0x08002f0b   Thumb Code     2  handlers.o(i.__scatterload_null)
    __scatterload_zeroinit                   0x08002f0d   Thumb Code    14  handlers.o(i.__scatterload_zeroinit)
    append_crc16_check_sum                   0x08003129   Thumb Code    44  protocol.o(i.append_crc16_check_sum)
    append_crc8_check_sum                    0x08003159   Thumb Code    38  protocol.o(i.append_crc8_check_sum)
    auto_big_island_handler                  0x0800317f   Thumb Code     2  clamp_task.o(i.auto_big_island_handler)
    auto_small_island_handler                0x08003181   Thumb Code     2  clamp_task.o(i.auto_small_island_handler)
    big_island_handler                       0x08003185   Thumb Code  1374  clamp_task.o(i.big_island_handler)
    can_msg_send_task                        0x08003705   Thumb Code   236  comm_task.o(i.can_msg_send_task)
    clamp_init_handler                       0x08003825   Thumb Code   376  clamp_task.o(i.clamp_init_handler)
    clamp_is_controllable                    0x080039bd   Thumb Code    32  detect_task.o(i.clamp_is_controllable)
    clamp_param_init                         0x080039fd   Thumb Code   186  clamp_task.o(i.clamp_param_init)
    clamp_task                               0x08003ad1   Thumb Code   518  clamp_task.o(i.clamp_task)
    data_packet_pack                         0x08003d05   Thumb Code    80  data_packet.o(i.data_packet_pack)
    delay_ms                                 0x08003d5d   Thumb Code    56  delay.o(i.delay_ms)
    delay_nms                                0x08003d95   Thumb Code    72  delay.o(i.delay_nms)
    detect_param_init                        0x08003de1   Thumb Code    94  detect_task.o(i.detect_param_init)
    detect_task                              0x08003e45   Thumb Code   574  detect_task.o(i.detect_task)
    dma_buffer_to_unpack_buffer              0x080040ed   Thumb Code   232  data_packet.o(i.dma_buffer_to_unpack_buffer)
    encoder_data_handler                     0x080041dd   Thumb Code   194  bsp_can.o(i.encoder_data_handler)
    err_detector_hook                        0x080042ad   Thumb Code    18  detect_task.o(i.err_detector_hook)
    fifo_s_get                               0x080042c5   Thumb Code    88  data_fifo.o(i.fifo_s_get)
    fifo_s_gets                              0x0800431d   Thumb Code   118  data_fifo.o(i.fifo_s_gets)
    fifo_s_init                              0x08004393   Thumb Code    66  data_fifo.o(i.fifo_s_init)
    fifo_s_puts                              0x080043d5   Thumb Code   124  data_fifo.o(i.fifo_s_puts)
    fifo_used_count                          0x08004451   Thumb Code    16  data_fifo.o(i.fifo_used_count)
    get_clamp_mode                           0x08004495   Thumb Code    94  modeswitch_task.o(i.get_clamp_mode)
    get_crc16_check_sum                      0x08004511   Thumb Code    46  protocol.o(i.get_crc16_check_sum)
    get_crc8_check_sum                       0x08004545   Thumb Code    32  protocol.o(i.get_crc8_check_sum)
    get_infantry_info                        0x0800459d   Thumb Code     2  pc_tx_data.o(i.get_infantry_info)
    get_last_mode                            0x080045a1   Thumb Code    34  modeswitch_task.o(i.get_last_mode)
    get_main_mode                            0x080045e5   Thumb Code    44  modeswitch_task.o(i.get_main_mode)
    get_moto_offset                          0x08004615   Thumb Code    16  bsp_can.o(i.get_moto_offset)
    get_mouse_status                         0x08004625   Thumb Code   160  keyboard.o(i.get_mouse_status)
    get_rescue_mode                          0x080046fd   Thumb Code    12  modeswitch_task.o(i.get_rescue_mode)
    get_supply_mode                          0x08004709   Thumb Code    42  modeswitch_task.o(i.get_supply_mode)
    get_upload_data                          0x08004749   Thumb Code    16  pc_tx_data.o(i.get_upload_data)
    info_get_task                            0x0800479d   Thumb Code   126  info_get_task.o(i.info_get_task)
    judge_rx_task                            0x08004831   Thumb Code    60  judge_task.o(i.judge_rx_task)
    judge_tx_task                            0x08004879   Thumb Code    48  judge_task.o(i.judge_tx_task)
    judgement_client_graphics_draw_pack      0x080048b5   Thumb Code     2  judge_tx_data.o(i.judgement_client_graphics_draw_pack)
    judgement_client_packet_pack             0x080048b7   Thumb Code     2  judge_tx_data.o(i.judgement_client_packet_pack)
    judgement_data_handler                   0x080048b9   Thumb Code   228  judge_rx_data.o(i.judgement_data_handler)
    judgement_rx_param_init                  0x080049a1   Thumb Code    80  judge_rx_data.o(i.judgement_rx_param_init)
    judgement_tx_param_init                  0x08004a0d   Thumb Code    30  judge_tx_data.o(i.judgement_tx_param_init)
    keyboard_clamp_hook                      0x08004a39   Thumb Code   114  keyboard.o(i.keyboard_clamp_hook)
    keyboard_global_hook                     0x08004ab9   Thumb Code    62  keyboard.o(i.keyboard_global_hook)
    keyboard_rescue_hook                     0x08004b01   Thumb Code    36  keyboard.o(i.keyboard_rescue_hook)
    keyboard_supply_hook                     0x08004b2d   Thumb Code    94  keyboard.o(i.keyboard_supply_hook)
    main                                     0x08004b99   Thumb Code   136  main.o(i.main)
    mode_switch_task                         0x08004c21   Thumb Code    56  modeswitch_task.o(i.mode_switch_task)
    module_offline_detect                    0x08004c61   Thumb Code   136  detect_task.o(i.module_offline_detect)
    osKernelSysTick                          0x08004ced   Thumb Code    20  stm32_tim_base.o(i.osKernelSysTick)
    pc_data_handler                          0x08004d01   Thumb Code   262  pc_rx_data.o(i.pc_data_handler)
    pc_rx_param_init                         0x08004e29   Thumb Code    80  pc_rx_data.o(i.pc_rx_param_init)
    pc_rx_task                               0x08004e95   Thumb Code    60  pc_task.o(i.pc_rx_task)
    pc_send_data_packet_pack                 0x08004edd   Thumb Code    20  pc_tx_data.o(i.pc_send_data_packet_pack)
    pc_tx_param_init                         0x08004ef5   Thumb Code    30  pc_tx_data.o(i.pc_tx_param_init)
    pc_tx_task                               0x08004f21   Thumb Code    42  pc_task.o(i.pc_tx_task)
    pid_calc                                 0x08004f55   Thumb Code   162  pid.o(i.pid_calc)
    pvPortMalloc                             0x08005b15   Thumb Code   296  heap_4.o(i.pvPortMalloc)
    pvTaskIncrementMutexHeldCount            0x08005c51   Thumb Code    26  tasks.o(i.pvTaskIncrementMutexHeldCount)
    pxPortInitialiseStack                    0x08005c71   Thumb Code    38  port.o(i.pxPortInitialiseStack)
    remote_ctrl_clamp_hook                   0x08005d15   Thumb Code   114  remote_ctrl.o(i.remote_ctrl_clamp_hook)
    remote_ctrl_rescue_hook                  0x08005d95   Thumb Code    30  remote_ctrl.o(i.remote_ctrl_rescue_hook)
    remote_ctrl_supply_hook                  0x08005dbd   Thumb Code    94  remote_ctrl.o(i.remote_ctrl_supply_hook)
    rescue_enable_handler                    0x08005e3d   Thumb Code   114  rescue_task.o(i.rescue_enable_handler)
    rescue_init_handler                      0x08005ebd   Thumb Code   376  rescue_task.o(i.rescue_init_handler)
    rescue_param_init                        0x08006055   Thumb Code   136  rescue_task.o(i.rescue_param_init)
    rescue_task                              0x080060ed   Thumb Code   434  rescue_task.o(i.rescue_task)
    send_clamp_cur                           0x080062c5   Thumb Code    84  bsp_can.o(i.send_clamp_cur)
    send_packed_fifo_data                    0x0800631d   Thumb Code    70  data_packet.o(i.send_packed_fifo_data)
    send_rescue_cur                          0x0800636d   Thumb Code    82  bsp_can.o(i.send_rescue_cur)
    send_upraise_cur                         0x080063c5   Thumb Code    84  bsp_can.o(i.send_upraise_cur)
    small_island_handler                     0x0800641d   Thumb Code  1726  clamp_task.o(i.small_island_handler)
    start_task                               0x08006afd   Thumb Code   262  start_task.o(i.start_task)
    supply_param_init                        0x08006d71   Thumb Code     2  supply_task.o(i.supply_param_init)
    supply_task                              0x08006d75   Thumb Code    84  supply_task.o(i.supply_task)
    supply_to_hero_handler                   0x08006dd5   Thumb Code     2  supply_task.o(i.supply_to_hero_handler)
    supply_to_infantry_handler               0x08006dd9   Thumb Code    26  supply_task.o(i.supply_to_infantry_handler)
    unpack_fifo_data                         0x08006dfd   Thumb Code   354  data_packet.o(i.unpack_fifo_data)
    upraise_init_handler                     0x08006f61   Thumb Code   344  upraise_task.o(i.upraise_init_handler)
    upraise_task                             0x080070d5   Thumb Code   660  upraise_task.o(i.upraise_task)
    uxListRemove                             0x080073c1   Thumb Code    40  list.o(i.uxListRemove)
    uxTaskGetStackHighWaterMark              0x080073e9   Thumb Code    34  tasks.o(i.uxTaskGetStackHighWaterMark)
    vListInitialise                          0x08007411   Thumb Code    26  list.o(i.vListInitialise)
    vListInitialiseItem                      0x0800742b   Thumb Code     6  list.o(i.vListInitialiseItem)
    vListInsert                              0x08007431   Thumb Code    52  list.o(i.vListInsert)
    vListInsertEnd                           0x08007465   Thumb Code    24  list.o(i.vListInsertEnd)
    vPortEnterCritical                       0x0800747d   Thumb Code    76  port.o(i.vPortEnterCritical)
    vPortExitCritical                        0x080074d1   Thumb Code    56  port.o(i.vPortExitCritical)
    vPortFree                                0x0800750d   Thumb Code   140  heap_4.o(i.vPortFree)
    vPortSetupTimerInterrupt                 0x080075a1   Thumb Code    26  port.o(i.vPortSetupTimerInterrupt)
    vPortValidateInterruptPriority           0x080075c1   Thumb Code   106  port.o(i.vPortValidateInterruptPriority)
    vQueueAddToRegistry                      0x08007639   Thumb Code    38  queue.o(i.vQueueAddToRegistry)
    vQueueWaitForMessageRestricted           0x08007665   Thumb Code    74  queue.o(i.vQueueWaitForMessageRestricted)
    vTaskDelayUntil                          0x080076b1   Thumb Code   200  tasks.o(i.vTaskDelayUntil)
    vTaskDelete                              0x08007785   Thumb Code   202  tasks.o(i.vTaskDelete)
    vTaskMissedYield                         0x08007879   Thumb Code     8  tasks.o(i.vTaskMissedYield)
    vTaskPlaceOnEventList                    0x08007885   Thumb Code    52  tasks.o(i.vTaskPlaceOnEventList)
    vTaskPlaceOnEventListRestricted          0x080078bd   Thumb Code    60  tasks.o(i.vTaskPlaceOnEventListRestricted)
    vTaskPriorityInherit                     0x080078fd   Thumb Code   164  tasks.o(i.vTaskPriorityInherit)
    vTaskSetTimeOutState                     0x080079ad   Thumb Code    38  tasks.o(i.vTaskSetTimeOutState)
    vTaskStartScheduler                      0x080079dd   Thumb Code   128  tasks.o(i.vTaskStartScheduler)
    vTaskSuspendAll                          0x08007a79   Thumb Code    12  tasks.o(i.vTaskSuspendAll)
    vTaskSwitchContext                       0x08007a89   Thumb Code   168  tasks.o(i.vTaskSwitchContext)
    verify_crc16_check_sum                   0x08007b4d   Thumb Code    60  protocol.o(i.verify_crc16_check_sum)
    verify_crc8_check_sum                    0x08007b8d   Thumb Code    48  protocol.o(i.verify_crc8_check_sum)
    xPortStartScheduler                      0x08007bbd   Thumb Code   288  port.o(i.xPortStartScheduler)
    xPortSysTickHandler                      0x08007cf9   Thumb Code    46  port.o(i.xPortSysTickHandler)
    xQueueCreateMutex                        0x08007d2d   Thumb Code    34  queue.o(i.xQueueCreateMutex)
    xQueueGenericCreate                      0x08007d4f   Thumb Code    88  queue.o(i.xQueueGenericCreate)
    xQueueGenericReceive                     0x08007da9   Thumb Code   446  queue.o(i.xQueueGenericReceive)
    xQueueGenericReset                       0x08007f6d   Thumb Code   146  queue.o(i.xQueueGenericReset)
    xQueueGenericSend                        0x08008005   Thumb Code   452  queue.o(i.xQueueGenericSend)
    xQueueGenericSendFromISR                 0x080081cd   Thumb Code   264  queue.o(i.xQueueGenericSendFromISR)
    xTaskCheckForTimeOut                     0x080082d5   Thumb Code   132  tasks.o(i.xTaskCheckForTimeOut)
    xTaskCreate                              0x08008361   Thumb Code    96  tasks.o(i.xTaskCreate)
    xTaskGenericNotify                       0x080083c1   Thumb Code   242  tasks.o(i.xTaskGenericNotify)
    xTaskGenericNotifyFromISR                0x080084c5   Thumb Code   298  tasks.o(i.xTaskGenericNotifyFromISR)
    xTaskGetSchedulerState                   0x08008609   Thumb Code    24  tasks.o(i.xTaskGetSchedulerState)
    xTaskGetTickCount                        0x08008629   Thumb Code     6  tasks.o(i.xTaskGetTickCount)
    xTaskGetTickCountFromISR                 0x08008635   Thumb Code    16  tasks.o(i.xTaskGetTickCountFromISR)
    xTaskIncrementTick                       0x08008649   Thumb Code   282  tasks.o(i.xTaskIncrementTick)
    xTaskNotifyWait                          0x08008791   Thumb Code   150  tasks.o(i.xTaskNotifyWait)
    xTaskPriorityDisinherit                  0x08008831   Thumb Code   188  tasks.o(i.xTaskPriorityDisinherit)
    xTaskRemoveFromEventList                 0x080088f9   Thumb Code   128  tasks.o(i.xTaskRemoveFromEventList)
    xTaskResumeAll                           0x08008991   Thumb Code   224  tasks.o(i.xTaskResumeAll)
    xTimerCreateTimerTask                    0x08008a95   Thumb Code    64  timers.o(i.xTimerCreateTimerTask)
    xTimerGenericCommand                     0x08008ae9   Thumb Code   126  timers.o(i.xTimerGenericCommand)
    CRC8_INIT                                0x08008b6c   Data           1  protocol.o(.constdata)
    CRC8_TAB                                 0x08008b6d   Data         256  protocol.o(.constdata)
    wCRC_Table                               0x08008c6e   Data         512  protocol.o(.constdata)
    Region$$Table$$Base                      0x08008e70   Number         0  anon$$obj.o(Region$$Table)
    Region$$Table$$Limit                     0x08008e90   Number         0  anon$$obj.o(Region$$Table)
    SystemCoreClock                          0x20000000   Data           4  system_stm32f4xx.o(.data)
    AHBPrescTable                            0x20000004   Data          16  system_stm32f4xx.o(.data)
    start_Task_Handle                        0x20000014   Data           4  start_task.o(.data)
    clamp_Task_Handle                        0x20000018   Data           4  start_task.o(.data)
    supply_Task_Handle                       0x2000001c   Data           4  start_task.o(.data)
    rescue_Task_Handle                       0x20000020   Data           4  start_task.o(.data)
    upraise_Task_Handle                      0x20000024   Data           4  start_task.o(.data)
    can_msg_send_Task_Handle                 0x20000028   Data           4  start_task.o(.data)
    mode_switch_Task_Handle                  0x2000002c   Data           4  start_task.o(.data)
    info_get_Task_Handle                     0x20000030   Data           4  start_task.o(.data)
    detect_Task_Handle                       0x20000034   Data           4  start_task.o(.data)
    judge_tx_Task_Handle                     0x20000038   Data           4  start_task.o(.data)
    judge_rx_Task_Handle                     0x2000003c   Data           4  start_task.o(.data)
    pc_tx_Task_Handle                        0x20000040   Data           4  start_task.o(.data)
    pc_rx_Task_Handle                        0x20000044   Data           4  start_task.o(.data)
    uwTick                                   0x20000048   Data           4  stm32_tim_base.o(.data)
    pxCurrentTCB                             0x2000005c   Data           4  tasks.o(.data)
    key_state                                0x200000dc   Data           1  gpio.o(.data)
    can_stack_surplus                        0x200000e4   Data           4  comm_task.o(.data)
    detect_stack_surplus                     0x200000e8   Data           4  detect_task.o(.data)
    state                                    0x200000ec   Data           4  detect_task.o(.data)
    last_state                               0x200000f0   Data           4  detect_task.o(.data)
    txt                                      0x200000f4   Data         960  detect_task.o(.data)
    temp1                                    0x200004b4   Data           4  detect_task.o(.data)
    temp2                                    0x200004b8   Data           4  detect_task.o(.data)
    timeout                                  0x200004bc   Data           4  detect_task.o(.data)
    info_stack_surplus                       0x200004c0   Data           4  info_get_task.o(.data)
    mode_switch_stack_surplus                0x200004c4   Data           4  modeswitch_task.o(.data)
    global_mode                              0x200004c8   Data           1  modeswitch_task.o(.data)
    last_global_mode                         0x200004c9   Data           1  modeswitch_task.o(.data)
    clamp_mode                               0x200004ca   Data           1  modeswitch_task.o(.data)
    last_clamp_mode                          0x200004cb   Data           1  modeswitch_task.o(.data)
    rescue_mode                              0x200004cc   Data           1  modeswitch_task.o(.data)
    last_rescue_mode                         0x200004cd   Data           1  modeswitch_task.o(.data)
    supply_mode                              0x200004ce   Data           1  modeswitch_task.o(.data)
    last_supply_mode                         0x200004cf   Data           1  modeswitch_task.o(.data)
    judge_tx_stack_surplus                   0x200004d0   Data           4  judge_task.o(.data)
    judge_rx_stack_surplus                   0x200004d4   Data           4  judge_task.o(.data)
    pc_tx_stack_surplus                      0x200004d8   Data           4  pc_task.o(.data)
    pc_rx_stack_surplus                      0x200004dc   Data           4  pc_task.o(.data)
    clamp_stack_surplus                      0x200004e0   Data           4  clamp_task.o(.data)
    pick_box                                 0x200004e4   Data           1  clamp_task.o(.data)
    clamp_pid                                0x200004e8   Data          24  clamp_task.o(.data)
    action_times                             0x20000500   Data           4  clamp_task.o(.data)
    rescue_stack_surplus                     0x20000508   Data           4  rescue_task.o(.data)
    grasp_motoget                            0x2000050c   Data           4  rescue_task.o(.data)
    flex_motoget                             0x20000510   Data           4  rescue_task.o(.data)
    rescue_pid                               0x20000514   Data          24  rescue_task.o(.data)
    supply_stack_surplus                     0x20000530   Data           4  supply_task.o(.data)
    supply                                   0x20000534   Data           1  supply_task.o(.data)
    upraise_stack_surplus                    0x20000538   Data           4  upraise_task.o(.data)
    small_upraise_angle                      0x2000053c   Data           4  upraise_task.o(.data)
    big_upraise_angle                        0x20000540   Data           4  upraise_task.o(.data)
    clamp_upraise_angle                      0x20000544   Data           4  upraise_task.o(.data)
    upraise_pid                              0x20000548   Data          24  upraise_task.o(.data)
    rm                                       0x2000056a   Data           1  remote_ctrl.o(.data)
    glb_sw                                   0x2000056c   Data           4  remote_ctrl.o(.data)
    km                                       0x20000570   Data           8  keyboard.o(.data)
    CRC_INIT                                 0x20000578   Data           2  protocol.o(.data)
    dma_write_len                            0x2000057c   Data           4  data_packet.o(.data)
    fifo_overflow                            0x20000580   Data           4  data_packet.o(.data)
    interover_data_overflow                  0x2000058c   Data           1  judge_rx_data.o(.data)
    debug_radius                             0x20000594   Data           2  judge_tx_data.o(.data)
    debug_start_xx                           0x20000596   Data           2  judge_tx_data.o(.data)
    debug_start_yy                           0x20000598   Data           2  judge_tx_data.o(.data)
    debug_width                              0x2000059a   Data           2  judge_tx_data.o(.data)
    debug_start_x                            0x2000059c   Data           2  judge_tx_data.o(.data)
    debug_start_y                            0x2000059e   Data           2  judge_tx_data.o(.data)
    text1                                    0x200005a0   Data          30  judge_tx_data.o(.data)
    sta10                                    0x200005be   Data           2  judge_tx_data.o(.data)
    pc_seq                                   0x200005c4   Data           4  pc_rx_data.o(.data)
    once_lost_num                            0x200005c8   Data           4  pc_rx_data.o(.data)
    lost_pack_percent                        0x200005cc   Data           4  pc_rx_data.o(.data)
    pack_num_cnt                             0x200005d0   Data           4  pc_rx_data.o(.data)
    lost_num_sum_t                           0x200005d4   Data           4  pc_rx_data.o(.data)
    pack_lost                                0x200005d8   Data           4  pc_rx_data.o(.data)
    gim_mode_js                              0x200005dc   Data           4  pc_rx_data.o(.data)
    pitch_angle_js                           0x200005e0   Data           4  pc_rx_data.o(.data)
    yaw_angle_js                             0x200005e4   Data           4  pc_rx_data.o(.data)
    dis_mm_js                                0x200005e8   Data           4  pc_rx_data.o(.data)
    pc_yaw_time                              0x200005ec   Data           4  pc_rx_data.o(.data)
    recv_pc_glb                              0x200005f0   Data           1  pc_rx_data.o(.data)
    glb_err_exit                             0x200005f1   Data           1  pc_rx_data.o(.data)
    pc_state                                 0x200005f4   Data           4  pc_rx_data.o(.data)
    pc_tx_packet_id                          0x200005fc   Data           1  pc_tx_data.o(.data)
    count_cali_count                         0x20000600   Data           4  pc_tx_data.o(.data)
    xQueueRegistry                           0x20000604   Data          64  queue.o(.bss)
    rc                                       0x20020950   Data          22  rc.o(.bss)
    dbus_buf                                 0x20020966   Data          72  dma.o(.bss)
    usart2_TXbuf                             0x200209ae   Data          18  dma.o(.bss)
    usart2_RXbuf                             0x200209c0   Data          18  dma.o(.bss)
    judge_rxbuf                              0x200209d2   Data        2048  dma.o(.bss)
    pc_rxbuf                                 0x200211d2   Data        2048  dma.o(.bss)
    spi5_rx_buf                              0x200219d2   Data          23  dma.o(.bss)
    spi5_tx_buf                              0x200219e9   Data          23  dma.o(.bss)
    rx1_message                              0x20021a00   Data          20  bsp_can.o(.bss)
    rx2_message                              0x20021a14   Data          20  bsp_can.o(.bss)
    moto_clamp                               0x20021a28   Data          96  bsp_can.o(.bss)
    moto_upraise                             0x20021a88   Data          64  bsp_can.o(.bss)
    moto_rescue                              0x20021ac8   Data          96  bsp_can.o(.bss)
    cali_param                               0x20021b28   Data          12  bsp_flash.o(.bss)
    RCC_Clocks                               0x20021b34   Data          16  detect_task.o(.bss)
    global_err                               0x20021b44   Data         416  detect_task.o(.bss)
    clamp                                    0x20021ce4   Data          60  clamp_task.o(.bss)
    offset_angle                             0x20021d20   Data          24  clamp_task.o(.bss)
    rescue                                   0x20021d44   Data          52  rescue_task.o(.bss)
    upraise                                  0x20021d84   Data          36  upraise_task.o(.bss)
    pid_clamp                                0x20021da8   Data         204  pid.o(.bss)
    pid_clamp_spd                            0x20021e74   Data         204  pid.o(.bss)
    pid_upraise                              0x20021f40   Data         136  pid.o(.bss)
    pid_upraise_spd                          0x20021fc8   Data         136  pid.o(.bss)
    pid_rescue                               0x20022050   Data         204  pid.o(.bss)
    pid_rescue_spd                           0x2002211c   Data         204  pid.o(.bss)
    judge_recv_mesg                          0x200221e8   Data         101  judge_rx_data.o(.bss)
    judge_rx_obj                             0x20022250   Data          24  judge_rx_data.o(.bss)
    judge_unpack_obj                         0x20022268   Data         216  judge_rx_data.o(.bss)
    judge_rxdata_fifo                        0x20022340   Data          28  judge_rx_data.o(.bss)
    judge_send_mesg                          0x20022550   Data         174  judge_tx_data.o(.bss)
    judge_txdata_fifo                        0x20022600   Data          28  judge_tx_data.o(.bss)
    glb_struct                               0x20022810   Data          12  pc_rx_data.o(.bss)
    pc_rx_obj                                0x2002281c   Data          24  pc_rx_data.o(.bss)
    pc_unpack_obj                            0x20022834   Data         216  pc_rx_data.o(.bss)
    pc_rxdata_fifo                           0x2002290c   Data          28  pc_rx_data.o(.bss)
    pc_recv_mesg                             0x20022b1c   Data          46  pc_rx_data.o(.bss)
    pc_txdata_fifo                           0x20022b4c   Data          28  pc_tx_data.o(.bss)
    pc_send_mesg                             0x20022d5c   Data          44  pc_tx_data.o(.bss)
    __initial_sp                             0x20023d88   Data           0  startup_stm32f427_437xx.o(STACK)



==============================================================================

Memory Map of the image

  Image Entry point : 0x080001ad

  Load Region LR_IROM1 (Base: 0x08000000, Size: 0x00009494, Max: 0x00200000, ABSOLUTE, COMPRESSED[0x00009008])

    Execution Region ER_IROM1 (Exec base: 0x08000000, Load base: 0x08000000, Size: 0x00008e90, Max: 0x00200000, ABSOLUTE)

    Exec Addr    Load Addr    Size         Type   Attr      Idx    E Section Name        Object

    0x08000000   0x08000000   0x000001ac   Data   RO          649    RESET               startup_stm32f427_437xx.o
    0x080001ac   0x080001ac   0x00000000   Code   RO         8478  * .ARM.Collect$$$$00000000  mc_w.l(entry.o)
    0x080001ac   0x080001ac   0x00000004   Code   RO         8788    .ARM.Collect$$$$00000001  mc_w.l(entry2.o)
    0x080001b0   0x080001b0   0x00000004   Code   RO         8791    .ARM.Collect$$$$00000004  mc_w.l(entry5.o)
    0x080001b4   0x080001b4   0x00000000   Code   RO         8793    .ARM.Collect$$$$00000008  mc_w.l(entry7b.o)
    0x080001b4   0x080001b4   0x00000000   Code   RO         8795    .ARM.Collect$$$$0000000A  mc_w.l(entry8b.o)
    0x080001b4   0x080001b4   0x00000008   Code   RO         8796    .ARM.Collect$$$$0000000B  mc_w.l(entry9a.o)
    0x080001bc   0x080001bc   0x00000000   Code   RO         8798    .ARM.Collect$$$$0000000D  mc_w.l(entry10a.o)
    0x080001bc   0x080001bc   0x00000000   Code   RO         8800    .ARM.Collect$$$$0000000F  mc_w.l(entry11a.o)
    0x080001bc   0x080001bc   0x00000004   Code   RO         8789    .ARM.Collect$$$$00002712  mc_w.l(entry2.o)
    0x080001c0   0x080001c0   0x000000b6   Code   RO         6501    .emb_text           port.o
    0x08000276   0x08000276   0x00000002   PAD
    0x08000278   0x08000278   0x00000024   Code   RO          650    .text               startup_stm32f427_437xx.o
    0x0800029c   0x0800029c   0x00000024   Code   RO         8481    .text               mc_w.l(memcpya.o)
    0x080002c0   0x080002c0   0x00000024   Code   RO         8483    .text               mc_w.l(memseta.o)
    0x080002e4   0x080002e4   0x0000000e   Code   RO         8485    .text               mc_w.l(strlen.o)
    0x080002f2   0x080002f2   0x0000014e   Code   RO         8778    .text               mf_w.l(dadd.o)
    0x08000440   0x08000440   0x000000e4   Code   RO         8780    .text               mf_w.l(dmul.o)
    0x08000524   0x08000524   0x00000026   Code   RO         8782    .text               mf_w.l(f2d.o)
    0x0800054a   0x0800054a   0x00000002   PAD
    0x0800054c   0x0800054c   0x00000030   Code   RO         8784    .text               mf_w.l(cdcmple.o)
    0x0800057c   0x0800057c   0x00000030   Code   RO         8786    .text               mf_w.l(cdrcmple.o)
    0x080005ac   0x080005ac   0x0000002c   Code   RO         8805    .text               mc_w.l(uidiv.o)
    0x080005d8   0x080005d8   0x0000001e   Code   RO         8809    .text               mc_w.l(llshl.o)
    0x080005f6   0x080005f6   0x00000024   Code   RO         8811    .text               mc_w.l(llsshr.o)
    0x0800061a   0x0800061a   0x00000000   Code   RO         8815    .text               mc_w.l(iusefp.o)
    0x0800061a   0x0800061a   0x000000ba   Code   RO         8816    .text               mf_w.l(depilogue.o)
    0x080006d4   0x080006d4   0x00000024   Code   RO         8822    .text               mc_w.l(init.o)
    0x080006f8   0x080006f8   0x00000020   Code   RO         8825    .text               mc_w.l(llushr.o)
    0x08000718   0x08000718   0x00000056   Code   RO         8836    .text               mc_w.l(__dczerorl2.o)
    0x0800076e   0x0800076e   0x00000002   PAD
    0x08000770   0x08000770   0x00000064   Code   RO         6994    i.BSP_FLASH_WRITE   bsp_flash.o
    0x080007d4   0x080007d4   0x00000004   Code   RO          259    i.BusFault_Handler  stm32f4xx_it.o
    0x080007d8   0x080007d8   0x0000010c   Code   RO         6686    i.CAN1_DEVICE       can.o
    0x080008e4   0x080008e4   0x00000030   Code   RO         6908    i.CAN1_RX0_IRQHandler  bsp_can.o
    0x08000914   0x08000914   0x00000110   Code   RO         6687    i.CAN2_DEVICE       can.o
    0x08000a24   0x08000a24   0x00000030   Code   RO         6909    i.CAN2_RX0_IRQHandler  bsp_can.o
    0x08000a54   0x08000a54   0x000000a8   Code   RO          979    i.CAN_ClearITPendingBit  stm32f4xx_can.o
    0x08000afc   0x08000afc   0x00000108   Code   RO          983    i.CAN_FilterInit    stm32f4xx_can.o
    0x08000c04   0x08000c04   0x00000120   Code   RO          985    i.CAN_GetITStatus   stm32f4xx_can.o
    0x08000d24   0x08000d24   0x00000012   Code   RO          989    i.CAN_ITConfig      stm32f4xx_can.o
    0x08000d36   0x08000d36   0x00000114   Code   RO          990    i.CAN_Init          stm32f4xx_can.o
    0x08000e4a   0x08000e4a   0x000000f0   Code   RO          993    i.CAN_Receive       stm32f4xx_can.o
    0x08000f3a   0x08000f3a   0x00000126   Code   RO          998    i.CAN_Transmit      stm32f4xx_can.o
    0x08001060   0x08001060   0x00000012   Code   RO         1001    i.CheckITStatus     stm32f4xx_can.o
    0x08001072   0x08001072   0x00000002   PAD
    0x08001074   0x08001074   0x00000034   Code   RO         1735    i.DMA_ClearFlag     stm32f4xx_dma.o
    0x080010a8   0x080010a8   0x00000016   Code   RO         1737    i.DMA_Cmd           stm32f4xx_dma.o
    0x080010be   0x080010be   0x00000002   PAD
    0x080010c0   0x080010c0   0x00000158   Code   RO         1738    i.DMA_DeInit        stm32f4xx_dma.o
    0x08001218   0x08001218   0x00000016   Code   RO         1739    i.DMA_DoubleBufferModeCmd  stm32f4xx_dma.o
    0x0800122e   0x0800122e   0x00000018   Code   RO         1740    i.DMA_DoubleBufferModeConfig  stm32f4xx_dma.o
    0x08001246   0x08001246   0x00000008   Code   RO         1743    i.DMA_GetCurrDataCounter  stm32f4xx_dma.o
    0x0800124e   0x0800124e   0x00000014   Code   RO         1744    i.DMA_GetCurrentMemoryTarget  stm32f4xx_dma.o
    0x08001262   0x08001262   0x00000002   PAD
    0x08001264   0x08001264   0x00000058   Code   RO         1749    i.DMA_Init          stm32f4xx_dma.o
    0x080012bc   0x080012bc   0x00000004   Code   RO         1752    i.DMA_SetCurrDataCounter  stm32f4xx_dma.o
    0x080012c0   0x080012c0   0x00000002   Code   RO          260    i.DebugMon_Handler  stm32f4xx_it.o
    0x080012c2   0x080012c2   0x00000002   PAD
    0x080012c4   0x080012c4   0x00000044   Code   RO         6637    i.EXTI2_IRQHandler  gpio.o
    0x08001308   0x08001308   0x0000000c   Code   RO         2000    i.EXTI_ClearITPendingBit  stm32f4xx_exti.o
    0x08001314   0x08001314   0x00000018   Code   RO         2004    i.EXTI_GetITStatus  stm32f4xx_exti.o
    0x0800132c   0x0800132c   0x00000094   Code   RO         2005    i.EXTI_Init         stm32f4xx_exti.o
    0x080013c0   0x080013c0   0x0000000c   Code   RO         2065    i.FLASH_ClearFlag   stm32f4xx_flash.o
    0x080013cc   0x080013cc   0x00000024   Code   RO         2066    i.FLASH_DataCacheCmd  stm32f4xx_flash.o
    0x080013f0   0x080013f0   0x00000088   Code   RO         2071    i.FLASH_EraseSector  stm32f4xx_flash.o
    0x08001478   0x08001478   0x00000054   Code   RO         2073    i.FLASH_GetStatus   stm32f4xx_flash.o
    0x080014cc   0x080014cc   0x00000014   Code   RO         2077    i.FLASH_Lock        stm32f4xx_flash.o
    0x080014e0   0x080014e0   0x0000004c   Code   RO         2098    i.FLASH_ProgramByte  stm32f4xx_flash.o
    0x0800152c   0x0800152c   0x00000024   Code   RO         2103    i.FLASH_Unlock      stm32f4xx_flash.o
    0x08001550   0x08001550   0x00000022   Code   RO         2104    i.FLASH_WaitForLastOperation  stm32f4xx_flash.o
    0x08001572   0x08001572   0x00000002   PAD
    0x08001574   0x08001574   0x00000100   Code   RO         6638    i.GPIO_INIT         gpio.o
    0x08001674   0x08001674   0x00000090   Code   RO         2378    i.GPIO_Init         stm32f4xx_gpio.o
    0x08001704   0x08001704   0x00000046   Code   RO         2379    i.GPIO_PinAFConfig  stm32f4xx_gpio.o
    0x0800174a   0x0800174a   0x00000012   Code   RO         2382    i.GPIO_ReadInputDataBit  stm32f4xx_gpio.o
    0x0800175c   0x0800175c   0x00000004   Code   RO         2385    i.GPIO_ResetBits    stm32f4xx_gpio.o
    0x08001760   0x08001760   0x00000004   Code   RO         2386    i.GPIO_SetBits      stm32f4xx_gpio.o
    0x08001764   0x08001764   0x000001d0   Code   RO         6995    i.GetSector         bsp_flash.o
    0x08001934   0x08001934   0x0000000c   Code   RO          588    i.HAL_GetTick       stm32_tim_base.o
    0x08001940   0x08001940   0x0000001c   Code   RO          589    i.HAL_IncTick       stm32_tim_base.o
    0x0800195c   0x0800195c   0x00000004   Code   RO          261    i.HardFault_Handler  stm32f4xx_it.o
    0x08001960   0x08001960   0x0000004c   Code   RO         6639    i.KEY_EXTI          gpio.o
    0x080019ac   0x080019ac   0x00000004   Code   RO          262    i.MemManage_Handler  stm32f4xx_it.o
    0x080019b0   0x080019b0   0x00000002   Code   RO          263    i.NMI_Handler       stm32f4xx_it.o
    0x080019b2   0x080019b2   0x00000002   PAD
    0x080019b4   0x080019b4   0x00000078   Code   RO          657    i.NVIC_Init         misc.o
    0x08001a2c   0x08001a2c   0x00000014   Code   RO          658    i.NVIC_PriorityGroupConfig  misc.o
    0x08001a40   0x08001a40   0x0000007c   Code   RO         7732    i.PID_Struct_Init   pid.o
    0x08001abc   0x08001abc   0x00000020   Code   RO         3295    i.RCC_AHB1PeriphClockCmd  stm32f4xx_rcc.o
    0x08001adc   0x08001adc   0x00000020   Code   RO         3304    i.RCC_APB1PeriphClockCmd  stm32f4xx_rcc.o
    0x08001afc   0x08001afc   0x00000020   Code   RO         3306    i.RCC_APB1PeriphResetCmd  stm32f4xx_rcc.o
    0x08001b1c   0x08001b1c   0x00000020   Code   RO         3307    i.RCC_APB2PeriphClockCmd  stm32f4xx_rcc.o
    0x08001b3c   0x08001b3c   0x00000020   Code   RO         3309    i.RCC_APB2PeriphResetCmd  stm32f4xx_rcc.o
    0x08001b5c   0x08001b5c   0x000000e8   Code   RO         3316    i.RCC_GetClocksFreq  stm32f4xx_rcc.o
    0x08001c44   0x08001c44   0x00000018   Code   RO         4450    i.SPI_Cmd           stm32f4xx_spi.o
    0x08001c5c   0x08001c5c   0x000000a8   Code   RO         6765    i.SPI_DEVICE        spi.o
    0x08001d04   0x08001d04   0x0000003c   Code   RO         4463    i.SPI_Init          stm32f4xx_spi.o
    0x08001d40   0x08001d40   0x000002a8   Code   RO         6910    i.STD_CAN_RxCpltCallback  bsp_can.o
    0x08001fe8   0x08001fe8   0x00000040   Code   RO         4615    i.SYSCFG_EXTILineConfig  stm32f4xx_syscfg.o
    0x08002028   0x08002028   0x00000120   Code   RO          459    i.SetSysClock       system_stm32f4xx.o
    0x08002148   0x08002148   0x00000028   Code   RO          661    i.SysTick_CLKSourceConfig  misc.o
    0x08002170   0x08002170   0x00000010   Code   RO          264    i.SysTick_Handler   stm32f4xx_it.o
    0x08002180   0x08002180   0x0000003c   Code   RO         6590    i.SysTick_Init      delay.o
    0x080021bc   0x080021bc   0x00000068   Code   RO          461    i.SystemInit        system_stm32f4xx.o
    0x08002224   0x08002224   0x0000002c   Code   RO          501    i.TASK_START        start_task.o
    0x08002250   0x08002250   0x00000020   Code   RO          590    i.TIM4_IRQHandler   stm32_tim_base.o
    0x08002270   0x08002270   0x000000a4   Code   RO         6881    i.TIM5_DEVICE       tim.o
    0x08002314   0x08002314   0x00000018   Code   RO         4676    i.TIM_ARRPreloadConfig  stm32f4xx_tim.o
    0x0800232c   0x0800232c   0x00000064   Code   RO          591    i.TIM_BASE_Init     stm32_tim_base.o
    0x08002390   0x08002390   0x00000006   Code   RO         4683    i.TIM_ClearITPendingBit  stm32f4xx_tim.o
    0x08002396   0x08002396   0x00000018   Code   RO         4688    i.TIM_Cmd           stm32f4xx_tim.o
    0x080023ae   0x080023ae   0x00000022   Code   RO         4709    i.TIM_GetITStatus   stm32f4xx_tim.o
    0x080023d0   0x080023d0   0x00000012   Code   RO         4713    i.TIM_ITConfig      stm32f4xx_tim.o
    0x080023e2   0x080023e2   0x00000002   PAD
    0x080023e4   0x080023e4   0x00000078   Code   RO         4732    i.TIM_OC4Init       stm32f4xx_tim.o
    0x0800245c   0x0800245c   0x0000001a   Code   RO         4734    i.TIM_OC4PreloadConfig  stm32f4xx_tim.o
    0x08002476   0x08002476   0x00000002   PAD
    0x08002478   0x08002478   0x00000084   Code   RO         4760    i.TIM_TimeBaseInit  stm32f4xx_tim.o
    0x080024fc   0x080024fc   0x000000d0   Code   RO         6719    i.UART8_DEVICE      usart.o
    0x080025cc   0x080025cc   0x000000d8   Code   RO         6720    i.USART1_DEVICE     usart.o
    0x080026a4   0x080026a4   0x0000009c   Code   RO         6834    i.USART1_DMA        dma.o
    0x08002740   0x08002740   0x000000c8   Code   RO         6793    i.USART1_IRQHandler  rc.o
    0x08002808   0x08002808   0x000000d8   Code   RO         6721    i.USART3_DEVICE     usart.o
    0x080028e0   0x080028e0   0x0000009c   Code   RO         6835    i.USART3_DMA        dma.o
    0x0800297c   0x0800297c   0x00000070   Code   RO         7275    i.USART3_IRQHandler  judge_task.o
    0x080029ec   0x080029ec   0x000000e0   Code   RO         6722    i.USART6_DEVICE     usart.o
    0x08002acc   0x08002acc   0x0000009c   Code   RO         6836    i.USART6_DMA        dma.o
    0x08002b68   0x08002b68   0x00000070   Code   RO         7319    i.USART6_IRQHandler  pc_task.o
    0x08002bd8   0x08002bd8   0x00000012   Code   RO         5238    i.USART_ClearFlag   stm32f4xx_usart.o
    0x08002bea   0x08002bea   0x0000001e   Code   RO         5239    i.USART_ClearITPendingBit  stm32f4xx_usart.o
    0x08002c08   0x08002c08   0x00000018   Code   RO         5242    i.USART_Cmd         stm32f4xx_usart.o
    0x08002c20   0x08002c20   0x00000012   Code   RO         5243    i.USART_DMACmd      stm32f4xx_usart.o
    0x08002c32   0x08002c32   0x00000002   PAD
    0x08002c34   0x08002c34   0x000000f0   Code   RO         5244    i.USART_DeInit      stm32f4xx_usart.o
    0x08002d24   0x08002d24   0x0000001a   Code   RO         5245    i.USART_GetFlagStatus  stm32f4xx_usart.o
    0x08002d3e   0x08002d3e   0x00000054   Code   RO         5246    i.USART_GetITStatus  stm32f4xx_usart.o
    0x08002d92   0x08002d92   0x0000004a   Code   RO         5248    i.USART_ITConfig    stm32f4xx_usart.o
    0x08002ddc   0x08002ddc   0x000000d4   Code   RO         5249    i.USART_Init        stm32f4xx_usart.o
    0x08002eb0   0x08002eb0   0x0000000a   Code   RO         5256    i.USART_ReceiveData  stm32f4xx_usart.o
    0x08002eba   0x08002eba   0x00000004   Code   RO          265    i.UsageFault_Handler  stm32f4xx_it.o
    0x08002ebe   0x08002ebe   0x00000002   PAD
    0x08002ec0   0x08002ec0   0x00000028   Code   RO         8580    i.__0sprintf$3      mc_w.l(printf3.o)
    0x08002ee8   0x08002ee8   0x00000014   Code   RO         8472    i.__hardfp_fabs     m_wm.l(fabs.o)
    0x08002efc   0x08002efc   0x0000000e   Code   RO         8830    i.__scatterload_copy  mc_w.l(handlers.o)
    0x08002f0a   0x08002f0a   0x00000002   Code   RO         8831    i.__scatterload_null  mc_w.l(handlers.o)
    0x08002f0c   0x08002f0c   0x0000000e   Code   RO         8832    i.__scatterload_zeroinit  mc_w.l(handlers.o)
    0x08002f1a   0x08002f1a   0x00000002   PAD
    0x08002f1c   0x08002f1c   0x000001b8   Code   RO         8585    i._printf_core      mc_w.l(printf3.o)
    0x080030d4   0x080030d4   0x0000000a   Code   RO         8587    i._sputc            mc_w.l(printf3.o)
    0x080030de   0x080030de   0x0000004a   Code   RO         7733    i.abs_limit         pid.o
    0x08003128   0x08003128   0x00000030   Code   RO         7869    i.append_crc16_check_sum  protocol.o
    0x08003158   0x08003158   0x00000026   Code   RO         7870    i.append_crc8_check_sum  protocol.o
    0x0800317e   0x0800317e   0x00000002   Code   RO         7359    i.auto_big_island_handler  clamp_task.o
    0x08003180   0x08003180   0x00000002   Code   RO         7360    i.auto_small_island_handler  clamp_task.o
    0x08003182   0x08003182   0x00000002   PAD
    0x08003184   0x08003184   0x00000580   Code   RO         7361    i.big_island_handler  clamp_task.o
    0x08003704   0x08003704   0x000000fc   Code   RO         7035    i.can_msg_send_task  comm_task.o
    0x08003800   0x08003800   0x00000024   Code   RO         7627    i.clamp_cmd_ctrl    keyboard.o
    0x08003824   0x08003824   0x00000198   Code   RO         7362    i.clamp_init_handler  clamp_task.o
    0x080039bc   0x080039bc   0x00000028   Code   RO         7070    i.clamp_is_controllable  detect_task.o
    0x080039e4   0x080039e4   0x00000018   Code   RO         7628    i.clamp_mode_ctrl   keyboard.o
    0x080039fc   0x080039fc   0x000000d4   Code   RO         7363    i.clamp_param_init  clamp_task.o
    0x08003ad0   0x08003ad0   0x00000234   Code   RO         7364    i.clamp_task        clamp_task.o
    0x08003d04   0x08003d04   0x00000058   Code   RO         8040    i.data_packet_pack  data_packet.o
    0x08003d5c   0x08003d5c   0x00000038   Code   RO         6591    i.delay_ms          delay.o
    0x08003d94   0x08003d94   0x0000004c   Code   RO         6592    i.delay_nms         delay.o
    0x08003de0   0x08003de0   0x00000064   Code   RO         7071    i.detect_param_init  detect_task.o
    0x08003e44   0x08003e44   0x000002a8   Code   RO         7072    i.detect_task       detect_task.o
    0x080040ec   0x080040ec   0x000000f0   Code   RO         8041    i.dma_buffer_to_unpack_buffer  data_packet.o
    0x080041dc   0x080041dc   0x000000d0   Code   RO         6911    i.encoder_data_handler  bsp_can.o
    0x080042ac   0x080042ac   0x00000018   Code   RO         7073    i.err_detector_hook  detect_task.o
    0x080042c4   0x080042c4   0x00000058   Code   RO         7940    i.fifo_s_get        data_fifo.o
    0x0800431c   0x0800431c   0x00000076   Code   RO         7941    i.fifo_s_gets       data_fifo.o
    0x08004392   0x08004392   0x00000042   Code   RO         7942    i.fifo_s_init       data_fifo.o
    0x080043d4   0x080043d4   0x0000007c   Code   RO         7945    i.fifo_s_puts       data_fifo.o
    0x08004450   0x08004450   0x00000010   Code   RO         7946    i.fifo_used_count   data_fifo.o
    0x08004460   0x08004460   0x00000034   Code   RO         7141    i.get_clamp_info    info_get_task.o
    0x08004494   0x08004494   0x0000007c   Code   RO         7204    i.get_clamp_mode    modeswitch_task.o
    0x08004510   0x08004510   0x00000034   Code   RO         7871    i.get_crc16_check_sum  protocol.o
    0x08004544   0x08004544   0x00000024   Code   RO         7872    i.get_crc8_check_sum  protocol.o
    0x08004568   0x08004568   0x0000001a   Code   RO         8042    i.get_dma_memory_msg  data_packet.o
    0x08004582   0x08004582   0x00000002   PAD
    0x08004584   0x08004584   0x00000018   Code   RO         7142    i.get_global_last_info  info_get_task.o
    0x0800459c   0x0800459c   0x00000002   Code   RO         8257    i.get_infantry_info  pc_tx_data.o
    0x0800459e   0x0800459e   0x00000002   PAD
    0x080045a0   0x080045a0   0x00000044   Code   RO         7205    i.get_last_mode     modeswitch_task.o
    0x080045e4   0x080045e4   0x00000030   Code   RO         7206    i.get_main_mode     modeswitch_task.o
    0x08004614   0x08004614   0x00000010   Code   RO         6912    i.get_moto_offset   bsp_can.o
    0x08004624   0x08004624   0x000000a4   Code   RO         7629    i.get_mouse_status  keyboard.o
    0x080046c8   0x080046c8   0x00000034   Code   RO         7143    i.get_rescue_info   info_get_task.o
    0x080046fc   0x080046fc   0x0000000c   Code   RO         7207    i.get_rescue_mode   modeswitch_task.o
    0x08004708   0x08004708   0x00000040   Code   RO         7208    i.get_supply_mode   modeswitch_task.o
    0x08004748   0x08004748   0x00000010   Code   RO         8258    i.get_upload_data   pc_tx_data.o
    0x08004758   0x08004758   0x00000034   Code   RO         7144    i.get_upraise_info  info_get_task.o
    0x0800478c   0x0800478c   0x00000010   Code   RO          592    i.inHandlerMode     stm32_tim_base.o
    0x0800479c   0x0800479c   0x00000094   Code   RO         7145    i.info_get_task     info_get_task.o
    0x08004830   0x08004830   0x00000048   Code   RO         7276    i.judge_rx_task     judge_task.o
    0x08004878   0x08004878   0x0000003c   Code   RO         7277    i.judge_tx_task     judge_task.o
    0x080048b4   0x080048b4   0x00000002   Code   RO         8145    i.judgement_client_graphics_draw_pack  judge_tx_data.o
    0x080048b6   0x080048b6   0x00000002   Code   RO         8146    i.judgement_client_packet_pack  judge_tx_data.o
    0x080048b8   0x080048b8   0x000000e8   Code   RO         8100    i.judgement_data_handler  judge_rx_data.o
    0x080049a0   0x080049a0   0x0000006c   Code   RO         8101    i.judgement_rx_param_init  judge_rx_data.o
    0x08004a0c   0x08004a0c   0x0000002c   Code   RO         8147    i.judgement_tx_param_init  judge_tx_data.o
    0x08004a38   0x08004a38   0x00000080   Code   RO         7630    i.keyboard_clamp_hook  keyboard.o
    0x08004ab8   0x08004ab8   0x00000048   Code   RO         7631    i.keyboard_global_hook  keyboard.o
    0x08004b00   0x08004b00   0x0000002c   Code   RO         7632    i.keyboard_rescue_hook  keyboard.o
    0x08004b2c   0x08004b2c   0x0000006c   Code   RO         7633    i.keyboard_supply_hook  keyboard.o
    0x08004b98   0x08004b98   0x00000088   Code   RO            5    i.main              main.o
    0x08004c20   0x08004c20   0x00000040   Code   RO         7209    i.mode_switch_task  modeswitch_task.o
    0x08004c60   0x08004c60   0x0000008c   Code   RO         7074    i.module_offline_detect  detect_task.o
    0x08004cec   0x08004cec   0x00000014   Code   RO          593    i.osKernelSysTick   stm32_tim_base.o
    0x08004d00   0x08004d00   0x00000128   Code   RO         8220    i.pc_data_handler   pc_rx_data.o
    0x08004e28   0x08004e28   0x0000006c   Code   RO         8221    i.pc_rx_param_init  pc_rx_data.o
    0x08004e94   0x08004e94   0x00000048   Code   RO         7320    i.pc_rx_task        pc_task.o
    0x08004edc   0x08004edc   0x00000018   Code   RO         8259    i.pc_send_data_packet_pack  pc_tx_data.o
    0x08004ef4   0x08004ef4   0x0000002c   Code   RO         8260    i.pc_tx_param_init  pc_tx_data.o
    0x08004f20   0x08004f20   0x00000034   Code   RO         7321    i.pc_tx_task        pc_task.o
    0x08004f54   0x08004f54   0x000000a2   Code   RO         7735    i.pid_calc          pid.o
    0x08004ff6   0x08004ff6   0x0000001a   Code   RO         7736    i.pid_init          pid.o
    0x08005010   0x08005010   0x00000034   Code   RO         7737    i.pid_reset         pid.o
    0x08005044   0x08005044   0x00000070   Code   RO         8043    i.protocol_packet_pack  data_packet.o
    0x080050b4   0x080050b4   0x00000098   Code   RO         5932    i.prvAddCurrentTaskToDelayedList  tasks.o
    0x0800514c   0x0800514c   0x000000b8   Code   RO         5933    i.prvAddNewTaskToReadyList  tasks.o
    0x08005204   0x08005204   0x00000064   Code   RO         6298    i.prvCheckForValidListAndQueue  timers.o
    0x08005268   0x08005268   0x00000064   Code   RO         5934    i.prvCheckTasksWaitingTermination  tasks.o
    0x080052cc   0x080052cc   0x0000002a   Code   RO         5684    i.prvCopyDataFromQueue  queue.o
    0x080052f6   0x080052f6   0x0000007c   Code   RO         5685    i.prvCopyDataToQueue  queue.o
    0x08005372   0x08005372   0x00000012   Code   RO         5935    i.prvDeleteTCB      tasks.o
    0x08005384   0x08005384   0x00000028   Code   RO         6299    i.prvGetNextExpireTime  timers.o
    0x080053ac   0x080053ac   0x0000007c   Code   RO         6440    i.prvHeapInit       heap_4.o
    0x08005428   0x08005428   0x00000028   Code   RO         5936    i.prvIdleTask       tasks.o
    0x08005450   0x08005450   0x0000001c   Code   RO         5686    i.prvInitialiseMutex  queue.o
    0x0800546c   0x0800546c   0x0000002e   Code   RO         5687    i.prvInitialiseNewQueue  queue.o
    0x0800549a   0x0800549a   0x000000b6   Code   RO         5937    i.prvInitialiseNewTask  tasks.o
    0x08005550   0x08005550   0x00000068   Code   RO         5938    i.prvInitialiseTaskLists  tasks.o
    0x080055b8   0x080055b8   0x00000068   Code   RO         6441    i.prvInsertBlockIntoFreeList  heap_4.o
    0x08005620   0x08005620   0x00000058   Code   RO         6301    i.prvInsertTimerInActiveList  timers.o
    0x08005678   0x08005678   0x0000001a   Code   RO         5688    i.prvIsQueueEmpty   queue.o
    0x08005692   0x08005692   0x0000001e   Code   RO         5689    i.prvIsQueueFull    queue.o
    0x080056b0   0x080056b0   0x00000090   Code   RO         5690    i.prvNotifyQueueSetContainer  queue.o
    0x08005740   0x08005740   0x00000064   Code   RO         6302    i.prvProcessExpiredTimer  timers.o
    0x080057a4   0x080057a4   0x000000f8   Code   RO         6303    i.prvProcessReceivedCommands  timers.o
    0x0800589c   0x0800589c   0x00000074   Code   RO         6304    i.prvProcessTimerOrBlockTask  timers.o
    0x08005910   0x08005910   0x00000034   Code   RO         5940    i.prvResetNextTaskUnblockTime  tasks.o
    0x08005944   0x08005944   0x0000002c   Code   RO         6305    i.prvSampleTimeNow  timers.o
    0x08005970   0x08005970   0x000000a0   Code   RO         6306    i.prvSwitchTimerLists  timers.o
    0x08005a10   0x08005a10   0x00000016   Code   RO         5942    i.prvTaskCheckFreeStackSpace  tasks.o
    0x08005a26   0x08005a26   0x00000002   PAD
    0x08005a28   0x08005a28   0x00000040   Code   RO         6502    i.prvTaskExitError  port.o
    0x08005a68   0x08005a68   0x0000001a   Code   RO         6307    i.prvTimerTask      timers.o
    0x08005a82   0x08005a82   0x00000092   Code   RO         5691    i.prvUnlockQueue    queue.o
    0x08005b14   0x08005b14   0x0000013c   Code   RO         6442    i.pvPortMalloc      heap_4.o
    0x08005c50   0x08005c50   0x00000020   Code   RO         5944    i.pvTaskIncrementMutexHeldCount  tasks.o
    0x08005c70   0x08005c70   0x0000002c   Code   RO         6503    i.pxPortInitialiseStack  port.o
    0x08005c9c   0x08005c9c   0x00000060   Code   RO         7570    i.rc_clamp_cmd      remote_ctrl.o
    0x08005cfc   0x08005cfc   0x00000018   Code   RO         7571    i.rc_rescue_cmd     remote_ctrl.o
    0x08005d14   0x08005d14   0x00000080   Code   RO         7572    i.remote_ctrl_clamp_hook  remote_ctrl.o
    0x08005d94   0x08005d94   0x00000028   Code   RO         7573    i.remote_ctrl_rescue_hook  remote_ctrl.o
    0x08005dbc   0x08005dbc   0x00000068   Code   RO         7574    i.remote_ctrl_supply_hook  remote_ctrl.o
    0x08005e24   0x08005e24   0x00000018   Code   RO         7634    i.rescue_ctrl       keyboard.o
    0x08005e3c   0x08005e3c   0x00000080   Code   RO         7427    i.rescue_enable_handler  rescue_task.o
    0x08005ebc   0x08005ebc   0x00000198   Code   RO         7428    i.rescue_init_handler  rescue_task.o
    0x08006054   0x08006054   0x00000098   Code   RO         7429    i.rescue_param_init  rescue_task.o
    0x080060ec   0x080060ec   0x000001d8   Code   RO         7430    i.rescue_task       rescue_task.o
    0x080062c4   0x080062c4   0x00000058   Code   RO         6913    i.send_clamp_cur    bsp_can.o
    0x0800631c   0x0800631c   0x00000050   Code   RO         8044    i.send_packed_fifo_data  data_packet.o
    0x0800636c   0x0800636c   0x00000058   Code   RO         6914    i.send_rescue_cur   bsp_can.o
    0x080063c4   0x080063c4   0x00000058   Code   RO         6915    i.send_upraise_cur  bsp_can.o
    0x0800641c   0x0800641c   0x000006e0   Code   RO         7365    i.small_island_handler  clamp_task.o
    0x08006afc   0x08006afc   0x0000021c   Code   RO          502    i.start_task        start_task.o
    0x08006d18   0x08006d18   0x0000002c   Code   RO         7635    i.supply_ctrl       keyboard.o
    0x08006d44   0x08006d44   0x0000002c   Code   RO         7575    i.supply_operation_func  remote_ctrl.o
    0x08006d70   0x08006d70   0x00000002   Code   RO         7477    i.supply_param_init  supply_task.o
    0x08006d72   0x08006d72   0x00000002   PAD
    0x08006d74   0x08006d74   0x00000060   Code   RO         7478    i.supply_task       supply_task.o
    0x08006dd4   0x08006dd4   0x00000002   Code   RO         7479    i.supply_to_hero_handler  supply_task.o
    0x08006dd6   0x08006dd6   0x00000002   PAD
    0x08006dd8   0x08006dd8   0x00000024   Code   RO         7480    i.supply_to_infantry_handler  supply_task.o
    0x08006dfc   0x08006dfc   0x00000162   Code   RO         8045    i.unpack_fifo_data  data_packet.o
    0x08006f5e   0x08006f5e   0x00000002   PAD
    0x08006f60   0x08006f60   0x00000174   Code   RO         7526    i.upraise_init_handler  upraise_task.o
    0x080070d4   0x080070d4   0x000002cc   Code   RO         7528    i.upraise_task      upraise_task.o
    0x080073a0   0x080073a0   0x00000020   Code   RO         8046    i.usart_send_data   data_packet.o
    0x080073c0   0x080073c0   0x00000028   Code   RO         5635    i.uxListRemove      list.o
    0x080073e8   0x080073e8   0x00000028   Code   RO         5947    i.uxTaskGetStackHighWaterMark  tasks.o
    0x08007410   0x08007410   0x0000001a   Code   RO         5636    i.vListInitialise   list.o
    0x0800742a   0x0800742a   0x00000006   Code   RO         5637    i.vListInitialiseItem  list.o
    0x08007430   0x08007430   0x00000034   Code   RO         5638    i.vListInsert       list.o
    0x08007464   0x08007464   0x00000018   Code   RO         5639    i.vListInsertEnd    list.o
    0x0800747c   0x0800747c   0x00000054   Code   RO         6505    i.vPortEnterCritical  port.o
    0x080074d0   0x080074d0   0x0000003c   Code   RO         6506    i.vPortExitCritical  port.o
    0x0800750c   0x0800750c   0x00000094   Code   RO         6443    i.vPortFree         heap_4.o
    0x080075a0   0x080075a0   0x00000020   Code   RO         6507    i.vPortSetupTimerInterrupt  port.o
    0x080075c0   0x080075c0   0x00000078   Code   RO         6508    i.vPortValidateInterruptPriority  port.o
    0x08007638   0x08007638   0x0000002c   Code   RO         5697    i.vQueueAddToRegistry  queue.o
    0x08007664   0x08007664   0x0000004a   Code   RO         5701    i.vQueueWaitForMessageRestricted  queue.o
    0x080076ae   0x080076ae   0x00000002   PAD
    0x080076b0   0x080076b0   0x000000d4   Code   RO         5954    i.vTaskDelayUntil   tasks.o
    0x08007784   0x08007784   0x000000f4   Code   RO         5955    i.vTaskDelete       tasks.o
    0x08007878   0x08007878   0x0000000c   Code   RO         5958    i.vTaskMissedYield  tasks.o
    0x08007884   0x08007884   0x00000038   Code   RO         5960    i.vTaskPlaceOnEventList  tasks.o
    0x080078bc   0x080078bc   0x00000040   Code   RO         5961    i.vTaskPlaceOnEventListRestricted  tasks.o
    0x080078fc   0x080078fc   0x000000b0   Code   RO         5963    i.vTaskPriorityInherit  tasks.o
    0x080079ac   0x080079ac   0x00000030   Code   RO         5967    i.vTaskSetTimeOutState  tasks.o
    0x080079dc   0x080079dc   0x0000009c   Code   RO         5968    i.vTaskStartScheduler  tasks.o
    0x08007a78   0x08007a78   0x00000010   Code   RO         5970    i.vTaskSuspendAll   tasks.o
    0x08007a88   0x08007a88   0x000000c4   Code   RO         5971    i.vTaskSwitchContext  tasks.o
    0x08007b4c   0x08007b4c   0x00000040   Code   RO         7873    i.verify_crc16_check_sum  protocol.o
    0x08007b8c   0x08007b8c   0x00000030   Code   RO         7874    i.verify_crc8_check_sum  protocol.o
    0x08007bbc   0x08007bbc   0x0000013c   Code   RO         6509    i.xPortStartScheduler  port.o
    0x08007cf8   0x08007cf8   0x00000034   Code   RO         6510    i.xPortSysTickHandler  port.o
    0x08007d2c   0x08007d2c   0x00000022   Code   RO         5704    i.xQueueCreateMutex  queue.o
    0x08007d4e   0x08007d4e   0x00000058   Code   RO         5706    i.xQueueGenericCreate  queue.o
    0x08007da6   0x08007da6   0x00000002   PAD
    0x08007da8   0x08007da8   0x000001c4   Code   RO         5707    i.xQueueGenericReceive  queue.o
    0x08007f6c   0x08007f6c   0x00000098   Code   RO         5708    i.xQueueGenericReset  queue.o
    0x08008004   0x08008004   0x000001c8   Code   RO         5709    i.xQueueGenericSend  queue.o
    0x080081cc   0x080081cc   0x00000108   Code   RO         5710    i.xQueueGenericSendFromISR  queue.o
    0x080082d4   0x080082d4   0x0000008c   Code   RO         5972    i.xTaskCheckForTimeOut  tasks.o
    0x08008360   0x08008360   0x00000060   Code   RO         5973    i.xTaskCreate       tasks.o
    0x080083c0   0x080083c0   0x00000104   Code   RO         5974    i.xTaskGenericNotify  tasks.o
    0x080084c4   0x080084c4   0x00000144   Code   RO         5975    i.xTaskGenericNotifyFromISR  tasks.o
    0x08008608   0x08008608   0x00000020   Code   RO         5978    i.xTaskGetSchedulerState  tasks.o
    0x08008628   0x08008628   0x0000000c   Code   RO         5979    i.xTaskGetTickCount  tasks.o
    0x08008634   0x08008634   0x00000014   Code   RO         5980    i.xTaskGetTickCountFromISR  tasks.o
    0x08008648   0x08008648   0x00000148   Code   RO         5981    i.xTaskIncrementTick  tasks.o
    0x08008790   0x08008790   0x000000a0   Code   RO         5983    i.xTaskNotifyWait   tasks.o
    0x08008830   0x08008830   0x000000c8   Code   RO         5984    i.xTaskPriorityDisinherit  tasks.o
    0x080088f8   0x080088f8   0x00000098   Code   RO         5985    i.xTaskRemoveFromEventList  tasks.o
    0x08008990   0x08008990   0x00000104   Code   RO         5987    i.xTaskResumeAll    tasks.o
    0x08008a94   0x08008a94   0x00000054   Code   RO         6311    i.xTimerCreateTimerTask  timers.o
    0x08008ae8   0x08008ae8   0x00000084   Code   RO         6312    i.xTimerGenericCommand  timers.o
    0x08008b6c   0x08008b6c   0x00000302   Data   RO         7875    .constdata          protocol.o
    0x08008e6e   0x08008e6e   0x00000002   PAD
    0x08008e70   0x08008e70   0x00000020   Data   RO         8828    Region$$Table       anon$$obj.o


    Execution Region RW_IRAM1 (Exec base: 0x20000000, Load base: 0x08008e90, Size: 0x00023d88, Max: 0x00030000, ABSOLUTE, COMPRESSED[0x00000178])

    Exec Addr    Load Addr    Size         Type   Attr      Idx    E Section Name        Object

    0x20000000   COMPRESSED   0x00000014   Data   RW          463    .data               system_stm32f4xx.o
    0x20000014   COMPRESSED   0x00000034   Data   RW          503    .data               start_task.o
    0x20000048   COMPRESSED   0x00000004   Data   RW          594    .data               stm32_tim_base.o
    0x2000004c   COMPRESSED   0x00000010   Data   RW         3348    .data               stm32f4xx_rcc.o
    0x2000005c   COMPRESSED   0x00000044   Data   RW         5990    .data               tasks.o
    0x200000a0   COMPRESSED   0x00000014   Data   RW         6318    .data               timers.o
    0x200000b4   COMPRESSED   0x00000018   Data   RW         6448    .data               heap_4.o
    0x200000cc   COMPRESSED   0x0000000c   Data   RW         6511    .data               port.o
    0x200000d8   COMPRESSED   0x00000004   Data   RW         6594    .data               delay.o
    0x200000dc   COMPRESSED   0x00000001   Data   RW         6640    .data               gpio.o
    0x200000dd   COMPRESSED   0x00000001   PAD
    0x200000de   COMPRESSED   0x00000002   Data   RW         6795    .data               rc.o
    0x200000e0   COMPRESSED   0x00000003   Data   RW         6917    .data               bsp_can.o
    0x200000e3   COMPRESSED   0x00000001   PAD
    0x200000e4   COMPRESSED   0x00000004   Data   RW         7037    .data               comm_task.o
    0x200000e8   COMPRESSED   0x000003d8   Data   RW         7078    .data               detect_task.o
    0x200004c0   COMPRESSED   0x00000004   Data   RW         7146    .data               info_get_task.o
    0x200004c4   COMPRESSED   0x0000000c   Data   RW         7211    .data               modeswitch_task.o
    0x200004d0   COMPRESSED   0x00000008   Data   RW         7278    .data               judge_task.o
    0x200004d8   COMPRESSED   0x00000008   Data   RW         7322    .data               pc_task.o
    0x200004e0   COMPRESSED   0x00000027   Data   RW         7367    .data               clamp_task.o
    0x20000507   COMPRESSED   0x00000001   PAD
    0x20000508   COMPRESSED   0x00000027   Data   RW         7432    .data               rescue_task.o
    0x2000052f   COMPRESSED   0x00000001   PAD
    0x20000530   COMPRESSED   0x00000005   Data   RW         7481    .data               supply_task.o
    0x20000535   COMPRESSED   0x00000003   PAD
    0x20000538   COMPRESSED   0x00000032   Data   RW         7530    .data               upraise_task.o
    0x2000056a   COMPRESSED   0x00000006   Data   RW         7576    .data               remote_ctrl.o
    0x20000570   COMPRESSED   0x00000008   Data   RW         7637    .data               keyboard.o
    0x20000578   COMPRESSED   0x00000002   Data   RW         7876    .data               protocol.o
    0x2000057a   COMPRESSED   0x00000002   PAD
    0x2000057c   COMPRESSED   0x00000009   Data   RW         8047    .data               data_packet.o
    0x20000585   COMPRESSED   0x00000003   PAD
    0x20000588   COMPRESSED   0x00000005   Data   RW         8103    .data               judge_rx_data.o
    0x2000058d   COMPRESSED   0x00000003   PAD
    0x20000590   COMPRESSED   0x00000030   Data   RW         8149    .data               judge_tx_data.o
    0x200005c0   COMPRESSED   0x00000038   Data   RW         8223    .data               pc_rx_data.o
    0x200005f8   COMPRESSED   0x0000000c   Data   RW         8262    .data               pc_tx_data.o
    0x20000604        -       0x00000040   Zero   RW         5721    .bss                queue.o
    0x20000644        -       0x000002e4   Zero   RW         5989    .bss                tasks.o
    0x20000928        -       0x00000028   Zero   RW         6317    .bss                timers.o
    0x20000950        -       0x00020000   Zero   RW         6447    .bss                heap_4.o
    0x20020950        -       0x00000016   Zero   RW         6794    .bss                rc.o
    0x20020966        -       0x0000109a   Zero   RW         6837    .bss                dma.o
    0x20021a00        -       0x00000128   Zero   RW         6916    .bss                bsp_can.o
    0x20021b28        -       0x0000000c   Zero   RW         6996    .bss                bsp_flash.o
    0x20021b34        -       0x000001b0   Zero   RW         7077    .bss                detect_task.o
    0x20021ce4        -       0x00000060   Zero   RW         7366    .bss                clamp_task.o
    0x20021d44        -       0x00000040   Zero   RW         7431    .bss                rescue_task.o
    0x20021d84        -       0x00000024   Zero   RW         7529    .bss                upraise_task.o
    0x20021da8        -       0x00000440   Zero   RW         7738    .bss                pid.o
    0x200221e8        -       0x00000368   Zero   RW         8102    .bss                judge_rx_data.o
    0x20022550        -       0x000002c0   Zero   RW         8148    .bss                judge_tx_data.o
    0x20022810        -       0x0000033a   Zero   RW         8222    .bss                pc_rx_data.o
    0x20022b4a   COMPRESSED   0x00000002   PAD
    0x20022b4c        -       0x0000023c   Zero   RW         8261    .bss                pc_tx_data.o
    0x20022d88        -       0x00001000   Zero   RW          647    STACK               startup_stm32f427_437xx.o


==============================================================================

Image component sizes


      Code (inc. data)   RO Data    RW Data    ZI Data      Debug   Object Name

      1264         94          0          3        296       6889   bsp_can.o
       564         96          0          0         12       4091   bsp_flash.o
       540         18          0          0          0       1984   can.o
      4356        244          0         39         96       7887   clamp_task.o
       252         16          0          4          0       1756   comm_task.o
       412          0          0          0          0       6749   data_fifo.o
       932         36          0          9          0       6194   data_packet.o
       192         12          0          4          0       1866   delay.o
       984        130          0        984        432       6052   detect_task.o
       468         50          0          0       4250       2757   dma.o
         0          0          0          0          0      11656   event_groups.o
       400         40          0          1          0       1903   gpio.o
       692         62          0         24     131072       4387   heap_4.o
       328         54          0          4          0       3973   info_get_task.o
       340         32          0          5        872       4149   judge_rx_data.o
       244         38          0          8          0       2052   judge_task.o
        48         14          0         48        704       5598   judge_tx_data.o
       644         82          0          8          0       6769   keyboard.o
       148          0          0          0          0       3222   list.o
       136          0          0          0          0      59175   main.o
       180         24          0          0          0     253565   misc.o
       380         98          0         12          0       4938   modeswitch_task.o
       404         68          0         56        826       4399   pc_rx_data.o
       236         36          0          8          0       1996   pc_task.o
        86         18          0         12        572       3919   pc_tx_data.o
       438         16          0          0       1088       4969   pid.o
       954         92          0         12          0      11209   port.o
       286         18        770          2          0       4902   protocol.o
      2150         22          0          0         64      17913   queue.o
       200         22          0          2         22       1493   rc.o
       436         50          0          6          0       4529   remote_ctrl.o
      1160        100          0         39         64       4393   rescue_task.o
       168          8          0          0          0        625   spi.o
       584        298          0         52          0     253517   start_task.o
        36          8        428          0       4096        820   startup_stm32f427_437xx.o
       208         22          0          4          0       5121   stm32_tim_base.o
      1566         16          0          0          0       6362   stm32f4xx_can.o
       584         40          0          0          0       6648   stm32f4xx_dma.o
       184         16          0          0          0       2132   stm32f4xx_exti.o
       434         46          0          0          0       4966   stm32f4xx_flash.o
       240          0          0          0          0       3515   stm32f4xx_gpio.o
        36          0          0          0          0     328783   stm32f4xx_it.o
       392         48          0         16          0       5757   stm32f4xx_rcc.o
        84          0          0          0          0       1793   stm32f4xx_spi.o
        64          4          0          0          0        632   stm32f4xx_syscfg.o
       384         36          0          0          0       5502   stm32f4xx_tim.o
       736         42          0          0          0       7338   stm32f4xx_usart.o
       136         22          0          5          0       2622   supply_task.o
       392         32          0         20          0       1875   system_stm32f4xx.o
      4090        492          0         68        740      28384   tasks.o
       164          8          0          0          0        766   tim.o
      1138        116          0         20         40      17051   timers.o
      1088         84          0         50         36       3467   upraise_task.o
       864         40          0          0          0       2807   usart.o

    ----------------------------------------------------------------------
     33466       2960       1232       1540     145284    1157817   Object Totals
         0          0         32          0          0          0   (incl. Generated)
        40          0          2         15          2          0   (incl. Padding)

    ----------------------------------------------------------------------

      Code (inc. data)   RO Data    RW Data    ZI Data      Debug   Library Member Name

        20          0          0          0          0        124   fabs.o
        86          0          0          0          0          0   __dczerorl2.o
         0          0          0          0          0          0   entry.o
         0          0          0          0          0          0   entry10a.o
         0          0          0          0          0          0   entry11a.o
         8          4          0          0          0          0   entry2.o
         4          0          0          0          0          0   entry5.o
         0          0          0          0          0          0   entry7b.o
         0          0          0          0          0          0   entry8b.o
         8          4          0          0          0          0   entry9a.o
        30          0          0          0          0          0   handlers.o
        36          8          0          0          0         68   init.o
         0          0          0          0          0          0   iusefp.o
        30          0          0          0          0         68   llshl.o
        36          0          0          0          0         68   llsshr.o
        32          0          0          0          0         68   llushr.o
        36          0          0          0          0         68   memcpya.o
        36          0          0          0          0        108   memseta.o
       490         10          0          0          0        252   printf3.o
        14          0          0          0          0         68   strlen.o
        44          0          0          0          0         80   uidiv.o
        48          0          0          0          0         68   cdcmple.o
        48          0          0          0          0         68   cdrcmple.o
       334          0          0          0          0        148   dadd.o
       186          0          0          0          0        176   depilogue.o
       228          0          0          0          0         96   dmul.o
        38          0          0          0          0         68   f2d.o

    ----------------------------------------------------------------------
      1798         26          0          0          0       1596   Library Totals
         6          0          0          0          0          0   (incl. Padding)

    ----------------------------------------------------------------------

      Code (inc. data)   RO Data    RW Data    ZI Data      Debug   Library Name

        20          0          0          0          0        124   m_wm.l
       890         26          0          0          0        848   mc_w.l
       882          0          0          0          0        624   mf_w.l

    ----------------------------------------------------------------------
      1798         26          0          0          0       1596   Library Totals

    ----------------------------------------------------------------------

==============================================================================


      Code (inc. data)   RO Data    RW Data    ZI Data      Debug   

     35264       2986       1232       1540     145284    1132169   Grand Totals
     35264       2986       1232        376     145284    1132169   ELF Image Totals (compressed)
     35264       2986       1232        376          0          0   ROM Totals

==============================================================================

    Total RO  Size (Code + RO Data)                36496 (  35.64kB)
    Total RW  Size (RW Data + ZI Data)            146824 ( 143.38kB)
    Total ROM Size (Code + RO Data + RW Data)      36872 (  36.01kB)

==============================================================================

