Component: ARM Compiler 5.06 update 6 (build 750) Tool: armlink [4d35ed]

==============================================================================

Section Cross References

    main.o(i.flash_cali) refers to bsp_flash.o(i.BSP_FLASH_READ) for BSP_FLASH_READ
    main.o(i.flash_cali) refers to bsp_flash.o(.bss) for cali_param
    main.o(i.flash_cali) refers to gimbal_task.o(.bss) for gimbal
    main.o(i.main) refers to delay.o(i.SysTick_Init) for SysTick_Init
    main.o(i.main) refers to misc.o(i.NVIC_PriorityGroupConfig) for NVIC_PriorityGroupConfig
    main.o(i.main) refers to stm32_tim_base.o(i.TIM_BASE_Init) for TIM_BASE_Init
    main.o(i.main) refers to gpio.o(i.GPIO_INIT) for GPIO_INIT
    main.o(i.main) refers to tim.o(i.TIM5_DEVICE) for TIM5_DEVICE
    main.o(i.main) refers to tim.o(i.TIM1_DEVICE) for TIM1_DEVICE
    main.o(i.main) refers to can.o(i.CAN1_DEVICE) for CAN1_DEVICE
    main.o(i.main) refers to can.o(i.CAN2_DEVICE) for CAN2_DEVICE
    main.o(i.main) refers to usart.o(i.USART1_DEVICE) for USART1_DEVICE
    main.o(i.main) refers to usart.o(i.USART3_DEVICE) for USART3_DEVICE
    main.o(i.main) refers to usart.o(i.USART6_DEVICE) for USART6_DEVICE
    main.o(i.main) refers to spi.o(i.SPI_DEVICE) for SPI_DEVICE
    main.o(i.main) refers to gimbal_task.o(i.gimbal_param_init) for gimbal_param_init
    main.o(i.main) refers to chassis_task.o(i.chassis_param_init) for chassis_param_init
    main.o(i.main) refers to detect_task.o(i.detect_param_init) for detect_param_init
    main.o(i.main) refers to judge_rx_data.o(i.judgement_rx_param_init) for judgement_rx_param_init
    main.o(i.main) refers to judge_tx_data.o(i.judgement_tx_param_init) for judgement_tx_param_init
    main.o(i.main) refers to pc_rx_data.o(i.pc_rx_param_init) for pc_rx_param_init
    main.o(i.main) refers to pc_tx_data.o(i.pc_tx_param_init) for pc_tx_param_init
    main.o(i.main) refers to main.o(i.flash_cali) for flash_cali
    main.o(i.main) refers to start_task.o(i.TASK_START) for TASK_START
    main.o(i.main) refers to tasks.o(i.vTaskStartScheduler) for vTaskStartScheduler
    stm32f4xx_it.o(i.SysTick_Handler) refers to tasks.o(i.xTaskGetSchedulerState) for xTaskGetSchedulerState
    stm32f4xx_it.o(i.SysTick_Handler) refers to port.o(i.xPortSysTickHandler) for xPortSysTickHandler
    system_stm32f4xx.o(i.SystemCoreClockUpdate) refers to system_stm32f4xx.o(.data) for SystemCoreClock
    system_stm32f4xx.o(i.SystemInit) refers to system_stm32f4xx.o(i.SetSysClock) for SetSysClock
    start_task.o(i.TASK_START) refers to tasks.o(i.xTaskCreate) for xTaskCreate
    start_task.o(i.TASK_START) refers to start_task.o(.data) for start_Task_Handle
    start_task.o(i.TASK_START) refers to start_task.o(i.start_task) for start_task
    start_task.o(i.start_task) refers to port.o(i.vPortEnterCritical) for vPortEnterCritical
    start_task.o(i.start_task) refers to tasks.o(i.xTaskCreate) for xTaskCreate
    start_task.o(i.start_task) refers to tasks.o(i.vTaskDelete) for vTaskDelete
    start_task.o(i.start_task) refers to port.o(i.vPortExitCritical) for vPortExitCritical
    start_task.o(i.start_task) refers to start_task.o(.data) for gimbal_Task_Handle
    start_task.o(i.start_task) refers to gimbal_task.o(i.gimbal_task) for gimbal_task
    start_task.o(i.start_task) refers to chassis_task.o(i.chassis_task) for chassis_task
    start_task.o(i.start_task) refers to shoot_task.o(i.shoot_task) for shoot_task
    start_task.o(i.start_task) refers to comm_task.o(i.can_msg_send_task) for can_msg_send_task
    start_task.o(i.start_task) refers to modeswitch_task.o(i.mode_switch_task) for mode_switch_task
    start_task.o(i.start_task) refers to info_get_task.o(i.info_get_task) for info_get_task
    start_task.o(i.start_task) refers to detect_task.o(i.detect_task) for detect_task
    start_task.o(i.start_task) refers to imu_task.o(i.imu_task) for imu_task
    start_task.o(i.start_task) refers to judge_task.o(i.judge_tx_task) for judge_tx_task
    start_task.o(i.start_task) refers to judge_task.o(i.judge_rx_task) for judge_rx_task
    start_task.o(i.start_task) refers to pc_task.o(i.pc_tx_task) for pc_tx_task
    start_task.o(i.start_task) refers to pc_task.o(i.pc_rx_task) for pc_rx_task
    stm32_tim_base.o(i.HAL_GetTick) refers to stm32_tim_base.o(.data) for uwTick
    stm32_tim_base.o(i.HAL_IncTick) refers to stm32_tim_base.o(.data) for uwTick
    stm32_tim_base.o(i.TIM4_IRQHandler) refers to stm32f4xx_tim.o(i.TIM_GetITStatus) for TIM_GetITStatus
    stm32_tim_base.o(i.TIM4_IRQHandler) refers to stm32_tim_base.o(i.HAL_IncTick) for HAL_IncTick
    stm32_tim_base.o(i.TIM4_IRQHandler) refers to stm32f4xx_tim.o(i.TIM_ClearITPendingBit) for TIM_ClearITPendingBit
    stm32_tim_base.o(i.TIM_BASE_Init) refers to stm32f4xx_rcc.o(i.RCC_APB1PeriphClockCmd) for RCC_APB1PeriphClockCmd
    stm32_tim_base.o(i.TIM_BASE_Init) refers to stm32f4xx_tim.o(i.TIM_TimeBaseInit) for TIM_TimeBaseInit
[...]
    FLASH_Lock                               0x080016b9   Thumb Code    14  stm32f4xx_flash.o(i.FLASH_Lock)
    FLASH_ProgramByte                        0x080016cd   Thumb Code    70  stm32f4xx_flash.o(i.FLASH_ProgramByte)
    FLASH_Unlock                             0x08001719   Thumb Code    24  stm32f4xx_flash.o(i.FLASH_Unlock)
    FLASH_WaitForLastOperation               0x0800173d   Thumb Code    34  stm32f4xx_flash.o(i.FLASH_WaitForLastOperation)
    GPIO_INIT                                0x08001761   Thumb Code   130  gpio.o(i.GPIO_INIT)
    GPIO_Init                                0x080017f1   Thumb Code   144  stm32f4xx_gpio.o(i.GPIO_Init)
    GPIO_PinAFConfig                         0x08001881   Thumb Code    70  stm32f4xx_gpio.o(i.GPIO_PinAFConfig)
    GPIO_ReadInputDataBit                    0x080018c7   Thumb Code    18  stm32f4xx_gpio.o(i.GPIO_ReadInputDataBit)
    GPIO_SetBits                             0x080018d9   Thumb Code     4  stm32f4xx_gpio.o(i.GPIO_SetBits)
    GetSector                                0x080018dd   Thumb Code   374  bsp_flash.o(i.GetSector)
    HAL_GetTick                              0x08001aad   Thumb Code     6  stm32_tim_base.o(i.HAL_GetTick)
    HAL_IncTick                              0x08001ab9   Thumb Code    24  stm32_tim_base.o(i.HAL_IncTick)
    HardFault_Handler                        0x08001ad5   Thumb Code     4  stm32f4xx_it.o(i.HardFault_Handler)
    MemManage_Handler                        0x08001b25   Thumb Code     4  stm32f4xx_it.o(i.MemManage_Handler)
    NMI_Handler                              0x08001b29   Thumb Code     2  stm32f4xx_it.o(i.NMI_Handler)
    NVIC_Init                                0x08001b2d   Thumb Code   106  misc.o(i.NVIC_Init)
    NVIC_PriorityGroupConfig                 0x08001ba5   Thumb Code    10  misc.o(i.NVIC_PriorityGroupConfig)
    PID_Struct_Init                          0x08001bb9   Thumb Code   114  pid.o(i.PID_Struct_Init)
    RCC_AHB1PeriphClockCmd                   0x08001c35   Thumb Code    26  stm32f4xx_rcc.o(i.RCC_AHB1PeriphClockCmd)
    RCC_APB1PeriphClockCmd                   0x08001c55   Thumb Code    26  stm32f4xx_rcc.o(i.RCC_APB1PeriphClockCmd)
    RCC_APB1PeriphResetCmd                   0x08001c75   Thumb Code    26  stm32f4xx_rcc.o(i.RCC_APB1PeriphResetCmd)
    RCC_APB2PeriphClockCmd                   0x08001c95   Thumb Code    26  stm32f4xx_rcc.o(i.RCC_APB2PeriphClockCmd)
    RCC_APB2PeriphResetCmd                   0x08001cb5   Thumb Code    26  stm32f4xx_rcc.o(i.RCC_APB2PeriphResetCmd)
    RCC_GetClocksFreq                        0x08001cd5   Thumb Code   214  stm32f4xx_rcc.o(i.RCC_GetClocksFreq)
    SPI_Cmd                                  0x08001dbd   Thumb Code    24  stm32f4xx_spi.o(i.SPI_Cmd)
    SPI_DEVICE                               0x08001dd5   Thumb Code   160  spi.o(i.SPI_DEVICE)
    SPI_Init                                 0x08001e7d   Thumb Code    60  stm32f4xx_spi.o(i.SPI_Init)
    SYSCFG_EXTILineConfig                    0x0800205d   Thumb Code    60  stm32f4xx_syscfg.o(i.SYSCFG_EXTILineConfig)
    SysTick_CLKSourceConfig                  0x080021bd   Thumb Code    40  misc.o(i.SysTick_CLKSourceConfig)
    SysTick_Handler                          0x080021e5   Thumb Code    16  stm32f4xx_it.o(i.SysTick_Handler)
    SysTick_Init                             0x080021f5   Thumb Code    52  delay.o(i.SysTick_Init)
    SystemInit                               0x08002231   Thumb Code    88  system_stm32f4xx.o(i.SystemInit)
    TASK_START                               0x08002299   Thumb Code    24  start_task.o(i.TASK_START)
    TIM1_DEVICE                              0x080022c5   Thumb Code   196  tim.o(i.TIM1_DEVICE)
    TIM4_IRQHandler                          0x08002395   Thumb Code    26  stm32_tim_base.o(i.TIM4_IRQHandler)
    TIM5_DEVICE                              0x080023b5   Thumb Code   156  tim.o(i.TIM5_DEVICE)
    TIM_ARRPreloadConfig                     0x08002459   Thumb Code    24  stm32f4xx_tim.o(i.TIM_ARRPreloadConfig)
    TIM_BASE_Init                            0x08002471   Thumb Code    94  stm32_tim_base.o(i.TIM_BASE_Init)
    TIM_ClearITPendingBit                    0x080024d5   Thumb Code     6  stm32f4xx_tim.o(i.TIM_ClearITPendingBit)
    TIM_Cmd                                  0x080024db   Thumb Code    24  stm32f4xx_tim.o(i.TIM_Cmd)
    TIM_GetITStatus                          0x080024f3   Thumb Code    34  stm32f4xx_tim.o(i.TIM_GetITStatus)
    TIM_ITConfig                             0x08002515   Thumb Code    18  stm32f4xx_tim.o(i.TIM_ITConfig)
    TIM_OC1Init                              0x08002529   Thumb Code   114  stm32f4xx_tim.o(i.TIM_OC1Init)
    TIM_OC1PreloadConfig                     0x080025a5   Thumb Code    18  stm32f4xx_tim.o(i.TIM_OC1PreloadConfig)
    TIM_OC4Init                              0x080025b9   Thumb Code   112  stm32f4xx_tim.o(i.TIM_OC4Init)
    TIM_OC4PreloadConfig                     0x08002631   Thumb Code    26  stm32f4xx_tim.o(i.TIM_OC4PreloadConfig)
    TIM_TimeBaseInit                         0x0800264d   Thumb Code   104  stm32f4xx_tim.o(i.TIM_TimeBaseInit)
    USART1_DEVICE                            0x080026d1   Thumb Code   204  usart.o(i.USART1_DEVICE)
    USART1_DMA                               0x080027a9   Thumb Code   142  dma.o(i.USART1_DMA)
    USART1_IRQHandler                        0x08002845   Thumb Code   224  rc.o(i.USART1_IRQHandler)
    USART3_DEVICE                            0x08002941   Thumb Code   206  usart.o(i.USART3_DEVICE)
    USART3_DMA                               0x08002a19   Thumb Code   138  dma.o(i.USART3_DMA)
    USART3_IRQHandler                        0x08002ab5   Thumb Code    98  judge_task.o(i.USART3_IRQHandler)
    USART6_DEVICE                            0x08002b25   Thumb Code   214  usart.o(i.USART6_DEVICE)
    USART6_DMA                               0x08002c05   Thumb Code   138  dma.o(i.USART6_DMA)
    USART6_IRQHandler                        0x08002ca1   Thumb Code    98  pc_task.o(i.USART6_IRQHandler)
    USART_ClearFlag                          0x08002d11   Thumb Code    18  stm32f4xx_usart.o(i.USART_ClearFlag)
    USART_ClearITPendingBit                  0x08002d23   Thumb Code    30  stm32f4xx_usart.o(i.USART_ClearITPendingBit)
    USART_Cmd                                0x08002d41   Thumb Code    24  stm32f4xx_usart.o(i.USART_Cmd)
    USART_DMACmd                             0x08002d59   Thumb Code    18  stm32f4xx_usart.o(i.USART_DMACmd)
    USART_DeInit                             0x08002d6d   Thumb Code   206  stm32f4xx_usart.o(i.USART_DeInit)
    USART_GetFlagStatus                      0x08002e5d   Thumb Code    26  stm32f4xx_usart.o(i.USART_GetFlagStatus)
    USART_GetITStatus                        0x08002e77   Thumb Code    84  stm32f4xx_usart.o(i.USART_GetITStatus)
    USART_ITConfig                           0x08002ecb   Thumb Code    74  stm32f4xx_usart.o(i.USART_ITConfig)
    USART_Init                               0x08002f15   Thumb Code   204  stm32f4xx_usart.o(i.USART_Init)
    USART_ReceiveData                        0x08002fe9   Thumb Code    10  stm32f4xx_usart.o(i.USART_ReceiveData)
    UsageFault_Handler                       0x08002ff3   Thumb Code     4  stm32f4xx_it.o(i.UsageFault_Handler)
    __ARM_fpclassify                         0x08002ff7   Thumb Code    48  fpclassify.o(i.__ARM_fpclassify)
    __hardfp_cos                             0x08003029   Thumb Code   180  cos.o(i.__hardfp_cos)
    __hardfp_fabs                            0x080030f1   Thumb Code    20  fabs.o(i.__hardfp_fabs)
    __hardfp_sin                             0x08003109   Thumb Code   180  sin.o(i.__hardfp_sin)
    __ieee754_rem_pio2                       0x080031d1   Thumb Code   938  rred.o(i.__ieee754_rem_pio2)
    __kernel_cos                             0x08003609   Thumb Code   322  cos_i.o(i.__kernel_cos)
    __kernel_poly                            0x08003779   Thumb Code   248  poly.o(i.__kernel_poly)
    __kernel_sin                             0x08003871   Thumb Code   280  sin_i.o(i.__kernel_sin)
    __mathlib_dbl_infnan                     0x080039a1   Thumb Code    20  dunder.o(i.__mathlib_dbl_infnan)
    __mathlib_dbl_invalid                    0x080039b9   Thumb Code    24  dunder.o(i.__mathlib_dbl_invalid)
    __mathlib_dbl_underflow                  0x080039d9   Thumb Code    24  dunder.o(i.__mathlib_dbl_underflow)
    __scatterload_copy                       0x080039f9   Thumb Code    14  handlers.o(i.__scatterload_copy)
    __scatterload_null                       0x08003a07   Thumb Code     2  handlers.o(i.__scatterload_null)
    __scatterload_zeroinit                   0x08003a09   Thumb Code    14  handlers.o(i.__scatterload_zeroinit)
    __set_errno                              0x08003a19   Thumb Code     6  errno.o(i.__set_errno)
    append_crc16_check_sum                   0x08003a71   Thumb Code    44  protocol.o(i.append_crc16_check_sum)
    append_crc8_check_sum                    0x08003aa1   Thumb Code    38  protocol.o(i.append_crc8_check_sum)
    block_bullet_handler                     0x08003b09   Thumb Code   278  shoot_task.o(i.block_bullet_handler)
    can_msg_send_task                        0x08003c45   Thumb Code   140  comm_task.o(i.can_msg_send_task)
    chassis_is_controllable                  0x08004069   Thumb Code    22  detect_task.o(i.chassis_is_controllable)
    chassis_param_init                       0x080041fd   Thumb Code   122  chassis_task.o(i.chassis_param_init)
    chassis_task                             0x08004411   Thumb Code   390  chassis_task.o(i.chassis_task)
    data_packet_pack                         0x080049dd   Thumb Code    80  data_packet.o(i.data_packet_pack)
    delay_ms                                 0x08004a35   Thumb Code    56  delay.o(i.delay_ms)
    delay_nms                                0x08004a6d   Thumb Code    72  delay.o(i.delay_nms)
    detect_param_init                        0x08004ab9   Thumb Code    94  detect_task.o(i.detect_param_init)
    detect_task                              0x08004b1d   Thumb Code    44  detect_task.o(i.detect_task)
    dma_buffer_to_unpack_buffer              0x08004b51   Thumb Code   232  data_packet.o(i.dma_buffer_to_unpack_buffer)
    encoder_data_handler                     0x08004d75   Thumb Code   182  bsp_can.o(i.encoder_data_handler)
    err_detector_hook                        0x08004e39   Thumb Code    18  detect_task.o(i.err_detector_hook)
    fabs                                     0x08004e51   Thumb Code    24  fabs.o(i.fabs)
    fifo_s_get                               0x08004e69   Thumb Code    96  data_fifo.o(i.fifo_s_get)
    fifo_s_gets                              0x08004ec9   Thumb Code   126  data_fifo.o(i.fifo_s_gets)
    fifo_s_init                              0x08004f47   Thumb Code    66  data_fifo.o(i.fifo_s_init)
    fifo_s_puts                              0x08004f89   Thumb Code   132  data_fifo.o(i.fifo_s_puts)
    fifo_used_count                          0x0800500d   Thumb Code    16  data_fifo.o(i.fifo_used_count)
    flash_cali                               0x08005035   Thumb Code    34  main.o(i.flash_cali)
    fuzzy_calc                               0x08005081   Thumb Code  1584  fuzzy_pid.o(i.fuzzy_calc)
    fuzzy_pid_calc                           0x080056b9   Thumb Code   168  pid.o(i.fuzzy_pid_calc)
    getFeedforwardControl                    0x08005761   Thumb Code    82  gimbal_task.o(i.getFeedforwardControl)
    get_chassis_mode                         0x080057ed   Thumb Code   188  modeswitch_task.o(i.get_chassis_mode)
    get_crc16_check_sum                      0x080058bd   Thumb Code    46  protocol.o(i.get_crc16_check_sum)
    get_crc8_check_sum                       0x080058f1   Thumb Code    32  protocol.o(i.get_crc8_check_sum)
    get_gimbal_mode                          0x080059a5   Thumb Code   212  modeswitch_task.o(i.get_gimbal_mode)
    get_infantry_info                        0x08005ab1   Thumb Code    78  pc_tx_data.o(i.get_infantry_info)
    get_last_mode                            0x08005b11   Thumb Code    34  modeswitch_task.o(i.get_last_mode)
    get_main_mode                            0x08005b55   Thumb Code    92  modeswitch_task.o(i.get_main_mode)
    get_moto_offset                          0x08005bc9   Thumb Code    16  bsp_can.o(i.get_moto_offset)
    get_mouse_status                         0x08005bd9   Thumb Code   156  keyboard.o(i.get_mouse_status)
    get_shoot_mode                           0x08005cc1   Thumb Code    52  modeswitch_task.o(i.get_shoot_mode)
    get_upload_data                          0x08005dd1   Thumb Code    16  pc_tx_data.o(i.get_upload_data)
    gimbal_is_controllable                   0x08005de1   Thumb Code    38  detect_task.o(i.gimbal_is_controllable)
    gimbal_param_init                        0x08005e59   Thumb Code   316  gimbal_task.o(i.gimbal_param_init)
    gimbal_task                              0x0800605d   Thumb Code   832  gimbal_task.o(i.gimbal_task)
    imu_task                                 0x080063f9   Thumb Code    30  imu_task.o(i.imu_task)
    info_get_task                            0x0800642d   Thumb Code   148  info_get_task.o(i.info_get_task)
    initFeedforwardParam                     0x080064dd   Thumb Code    34  gimbal_task.o(i.initFeedforwardParam)
    judge_rx_task                            0x080065d5   Thumb Code    60  judge_task.o(i.judge_rx_task)
    judge_tx_task                            0x0800661d   Thumb Code    48  judge_task.o(i.judge_tx_task)
    judgement_client_graphics_draw_pack      0x08006659   Thumb Code   250  judge_tx_data.o(i.judgement_client_graphics_draw_pack)
    judgement_client_packet_pack             0x08006761   Thumb Code   168  judge_tx_data.o(i.judgement_client_packet_pack)
    judgement_data_handler                   0x08006811   Thumb Code   350  judge_rx_data.o(i.judgement_data_handler)
    judgement_rx_param_init                  0x08006979   Thumb Code    80  judge_rx_data.o(i.judgement_rx_param_init)
    judgement_tx_param_init                  0x080069e5   Thumb Code    30  judge_tx_data.o(i.judgement_tx_param_init)
    keyboard_chassis_hook                    0x08006a39   Thumb Code    86  keyboard.o(i.keyboard_chassis_hook)
    keyboard_gimbal_hook                     0x08006a9d   Thumb Code    50  keyboard.o(i.keyboard_gimbal_hook)
    keyboard_global_hook                     0x08006ae1   Thumb Code    32  keyboard.o(i.keyboard_global_hook)
    keyboard_shoot_hook                      0x08006b09   Thumb Code   128  keyboard.o(i.keyboard_shoot_hook)
    main                                     0x08006b91   Thumb Code   142  main.o(i.main)
    mode_switch_task                         0x0800703d   Thumb Code    64  modeswitch_task.o(i.mode_switch_task)
    module_offline_detect                    0x08007085   Thumb Code   136  detect_task.o(i.module_offline_detect)
    osKernelSysTick                          0x08007245   Thumb Code    20  stm32_tim_base.o(i.osKernelSysTick)
    pc_data_handler                          0x08007259   Thumb Code   262  pc_rx_data.o(i.pc_data_handler)
    pc_rx_param_init                         0x08007381   Thumb Code    80  pc_rx_data.o(i.pc_rx_param_init)
    pc_rx_task                               0x080073ed   Thumb Code    60  pc_task.o(i.pc_rx_task)
    pc_send_data_packet_pack                 0x08007435   Thumb Code    20  pc_tx_data.o(i.pc_send_data_packet_pack)
    pc_tx_param_init                         0x0800744d   Thumb Code    30  pc_tx_data.o(i.pc_tx_param_init)
    pc_tx_task                               0x08007479   Thumb Code    42  pc_task.o(i.pc_tx_task)
    pid_calc                                 0x080074ad   Thumb Code   252  pid.o(i.pid_calc)
    pvPortMalloc                             0x080080cd   Thumb Code   296  heap_4.o(i.pvPortMalloc)
    pvTaskIncrementMutexHeldCount            0x08008209   Thumb Code    26  tasks.o(i.pvTaskIncrementMutexHeldCount)
    pxPortInitialiseStack                    0x08008229   Thumb Code    38  port.o(i.pxPortInitialiseStack)
    ramp_calc                                0x08008255   Thumb Code    60  ramp.o(i.ramp_calc)
    ramp_init                                0x08008295   Thumb Code    16  ramp.o(i.ramp_init)
    remote_ctrl                              0x08008321   Thumb Code   388  remote_ctrl.o(i.remote_ctrl)
    remote_ctrl_chassis_hook                 0x080084a5   Thumb Code    22  remote_ctrl.o(i.remote_ctrl_chassis_hook)
    remote_ctrl_gimbal_hook                  0x080084c1   Thumb Code    18  remote_ctrl.o(i.remote_ctrl_gimbal_hook)
    remote_ctrl_shoot_hook                   0x080084d9   Thumb Code   126  remote_ctrl.o(i.remote_ctrl_shoot_hook)
    send_chassis_cur                         0x080086cd   Thumb Code    94  bsp_can.o(i.send_chassis_cur)
    send_detect_state                        0x08008731   Thumb Code    86  bsp_can.o(i.send_detect_state)
    send_gimbal_cur                          0x08008791   Thumb Code    84  bsp_can.o(i.send_gimbal_cur)
    send_packed_fifo_data                    0x080087e9   Thumb Code    70  data_packet.o(i.send_packed_fifo_data)
    shoot_task                               0x080089cd   Thumb Code   240  shoot_task.o(i.shoot_task)
    start_task                               0x08008aed   Thumb Code   262  start_task.o(i.start_task)
    trimf                                    0x08008e19   Thumb Code    78  fuzzy_pid.o(i.trimf)
    unpack_fifo_data                         0x08008e89   Thumb Code   354  data_packet.o(i.unpack_fifo_data)
    uxListRemove                             0x0800900b   Thumb Code    40  list.o(i.uxListRemove)
    uxTaskGetStackHighWaterMark              0x08009035   Thumb Code    34  tasks.o(i.uxTaskGetStackHighWaterMark)
    vListInitialise                          0x0800905d   Thumb Code    26  list.o(i.vListInitialise)
    vListInitialiseItem                      0x08009077   Thumb Code     6  list.o(i.vListInitialiseItem)
    vListInsert                              0x0800907d   Thumb Code    52  list.o(i.vListInsert)
    vListInsertEnd                           0x080090b1   Thumb Code    24  list.o(i.vListInsertEnd)
    vPortEnterCritical                       0x080090c9   Thumb Code    76  port.o(i.vPortEnterCritical)
    vPortExitCritical                        0x0800911d   Thumb Code    56  port.o(i.vPortExitCritical)
    vPortFree                                0x08009159   Thumb Code   140  heap_4.o(i.vPortFree)
    vPortSetupTimerInterrupt                 0x080091ed   Thumb Code    26  port.o(i.vPortSetupTimerInterrupt)
    vPortValidateInterruptPriority           0x0800920d   Thumb Code   106  port.o(i.vPortValidateInterruptPriority)
    vQueueAddToRegistry                      0x08009285   Thumb Code    38  queue.o(i.vQueueAddToRegistry)
    vQueueWaitForMessageRestricted           0x080092b1   Thumb Code    74  queue.o(i.vQueueWaitForMessageRestricted)
    vTaskDelayUntil                          0x080092fd   Thumb Code   200  tasks.o(i.vTaskDelayUntil)
    vTaskDelete                              0x080093d1   Thumb Code   202  tasks.o(i.vTaskDelete)
    vTaskMissedYield                         0x080094c5   Thumb Code     8  tasks.o(i.vTaskMissedYield)
    vTaskPlaceOnEventList                    0x080094d1   Thumb Code    52  tasks.o(i.vTaskPlaceOnEventList)
    vTaskPlaceOnEventListRestricted          0x08009509   Thumb Code    60  tasks.o(i.vTaskPlaceOnEventListRestricted)
    vTaskPriorityInherit                     0x08009549   Thumb Code   164  tasks.o(i.vTaskPriorityInherit)
    vTaskSetTimeOutState                     0x080095f9   Thumb Code    38  tasks.o(i.vTaskSetTimeOutState)
    vTaskStartScheduler                      0x08009629   Thumb Code   128  tasks.o(i.vTaskStartScheduler)
    vTaskSuspendAll                          0x080096c5   Thumb Code    12  tasks.o(i.vTaskSuspendAll)
    vTaskSwitchContext                       0x080096d5   Thumb Code   168  tasks.o(i.vTaskSwitchContext)
    verify_crc16_check_sum                   0x08009799   Thumb Code    60  protocol.o(i.verify_crc16_check_sum)
    verify_crc8_check_sum                    0x080097d9   Thumb Code    48  protocol.o(i.verify_crc8_check_sum)
    xPortStartScheduler                      0x08009809   Thumb Code   288  port.o(i.xPortStartScheduler)
    xPortSysTickHandler                      0x08009945   Thumb Code    46  port.o(i.xPortSysTickHandler)
    xQueueCreateMutex                        0x08009979   Thumb Code    34  queue.o(i.xQueueCreateMutex)
    xQueueGenericCreate                      0x0800999b   Thumb Code    88  queue.o(i.xQueueGenericCreate)
    xQueueGenericReceive                     0x080099f5   Thumb Code   446  queue.o(i.xQueueGenericReceive)
    xQueueGenericReset                       0x08009bb9   Thumb Code   146  queue.o(i.xQueueGenericReset)
    xQueueGenericSend                        0x08009c51   Thumb Code   452  queue.o(i.xQueueGenericSend)
    xQueueGenericSendFromISR                 0x08009e19   Thumb Code   264  queue.o(i.xQueueGenericSendFromISR)
    xTaskCheckForTimeOut                     0x08009f21   Thumb Code   132  tasks.o(i.xTaskCheckForTimeOut)
    xTaskCreate                              0x08009fad   Thumb Code    96  tasks.o(i.xTaskCreate)
    xTaskGenericNotify                       0x0800a00d   Thumb Code   242  tasks.o(i.xTaskGenericNotify)
    xTaskGenericNotifyFromISR                0x0800a111   Thumb Code   298  tasks.o(i.xTaskGenericNotifyFromISR)
    xTaskGetSchedulerState                   0x0800a255   Thumb Code    24  tasks.o(i.xTaskGetSchedulerState)
    xTaskGetTickCount                        0x0800a275   Thumb Code     6  tasks.o(i.xTaskGetTickCount)
    xTaskGetTickCountFromISR                 0x0800a281   Thumb Code    16  tasks.o(i.xTaskGetTickCountFromISR)
    xTaskIncrementTick                       0x0800a295   Thumb Code   282  tasks.o(i.xTaskIncrementTick)
    xTaskNotifyWait                          0x0800a3dd   Thumb Code   150  tasks.o(i.xTaskNotifyWait)
    xTaskPriorityDisinherit                  0x0800a47d   Thumb Code   188  tasks.o(i.xTaskPriorityDisinherit)
    xTaskRemoveFromEventList                 0x0800a545   Thumb Code   128  tasks.o(i.xTaskRemoveFromEventList)
    xTaskResumeAll                           0x0800a5dd   Thumb Code   224  tasks.o(i.xTaskResumeAll)
    xTimerCreateTimerTask                    0x0800a6e1   Thumb Code    64  timers.o(i.xTimerCreateTimerTask)
    xTimerGenericCommand                     0x0800a735   Thumb Code   126  timers.o(i.xTimerGenericCommand)
    CRC8_INIT                                0x0800a7b8   Data           1  protocol.o(.constdata)
    CRC8_TAB                                 0x0800a7b9   Data         256  protocol.o(.constdata)
    wCRC_Table                               0x0800a8ba   Data         512  protocol.o(.constdata)
    Region$$Table$$Base                      0x0800abe0   Number         0  anon$$obj.o(Region$$Table)
    Region$$Table$$Limit                     0x0800ac00   Number         0  anon$$obj.o(Region$$Table)
    SystemCoreClock                          0x20000000   Data           4  system_stm32f4xx.o(.data)
    AHBPrescTable                            0x20000004   Data          16  system_stm32f4xx.o(.data)
    start_Task_Handle                        0x20000014   Data           4  start_task.o(.data)
    gimbal_Task_Handle                       0x20000018   Data           4  start_task.o(.data)
    chassis_Task_Handle                      0x2000001c   Data           4  start_task.o(.data)
    shoot_Task_Handle                        0x20000020   Data           4  start_task.o(.data)
    can_msg_send_Task_Handle                 0x20000024   Data           4  start_task.o(.data)
    mode_switch_Task_Handle                  0x20000028   Data           4  start_task.o(.data)
    info_get_Task_Handle                     0x2000002c   Data           4  start_task.o(.data)
    detect_Task_Handle                       0x20000030   Data           4  start_task.o(.data)
    imu_Task_Handle                          0x20000034   Data           4  start_task.o(.data)
    judge_tx_Task_Handle                     0x20000038   Data           4  start_task.o(.data)
    judge_rx_Task_Handle                     0x2000003c   Data           4  start_task.o(.data)
    pc_tx_Task_Handle                        0x20000040   Data           4  start_task.o(.data)
    pc_rx_Task_Handle                        0x20000044   Data           4  start_task.o(.data)
    uwTick                                   0x20000048   Data           4  stm32_tim_base.o(.data)
    pxCurrentTCB                             0x2000005c   Data           4  tasks.o(.data)
    key_state                                0x200000dc   Data           1  gpio.o(.data)
    angle                                    0x200000e0   Data           4  bsp_can.o(.data)
    p_angle                                  0x200000e4   Data           4  bsp_can.o(.data)
    yaw                                      0x200000e8   Data           4  bsp_can.o(.data)
    gz                                       0x200000ec   Data           4  bsp_can.o(.data)
    gy                                       0x200000f0   Data           4  bsp_can.o(.data)
    can_stack_surplus                        0x200000f8   Data           4  comm_task.o(.data)
    detect_stack_surplus                     0x200000fc   Data           4  detect_task.o(.data)
    imu_stack_surplus                        0x20000100   Data           4  imu_task.o(.data)
    info_stack_surplus                       0x20000104   Data           4  info_get_task.o(.data)
    yaw_spd                                  0x20000108   Data           4  info_get_task.o(.data)
    pit_spd                                  0x2000010c   Data           4  info_get_task.o(.data)
    mode_switch_stack_surplus                0x20000118   Data           4  modeswitch_task.o(.data)
    global_mode                              0x2000011c   Data           1  modeswitch_task.o(.data)
    last_global_mode                         0x2000011d   Data           1  modeswitch_task.o(.data)
    gimbal_mode                              0x2000011e   Data           1  modeswitch_task.o(.data)
    last_gimbal_mode                         0x2000011f   Data           1  modeswitch_task.o(.data)
    chassis_mode                             0x20000120   Data           1  modeswitch_task.o(.data)
    last_chassis_mode                        0x20000121   Data           1  modeswitch_task.o(.data)
    shoot_mode                               0x20000122   Data           1  modeswitch_task.o(.data)
    last_shoot_mode                          0x20000123   Data           1  modeswitch_task.o(.data)
    shoot_stack_surplus                      0x20000124   Data           4  shoot_task.o(.data)
    ccr_open                                 0x20000128   Data           4  shoot_task.o(.data)
    ccr_close                                0x2000012c   Data           4  shoot_task.o(.data)
    normal_speed                             0x20000130   Data           2  shoot_task.o(.data)
    normal_cshoot                            0x20000134   Data           4  shoot_task.o(.data)
    heat_limit_pid                           0x20000138   Data          12  shoot_task.o(.data)
    fric_pid                                 0x20000144   Data          12  shoot_task.o(.data)
    debug_error                              0x20000150   Data           4  shoot_task.o(.data)
    debug_ref                                0x20000154   Data           4  shoot_task.o(.data)
    trig_error                               0x20000158   Data           4  shoot_task.o(.data)
    gimbal_stack_surplus                     0x20000164   Data           4  gimbal_task.o(.data)
    pit_pid                                  0x20000168   Data          24  gimbal_task.o(.data)
    yaw_pid                                  0x20000180   Data          24  gimbal_task.o(.data)
    trig_pid                                 0x20000198   Data          24  gimbal_task.o(.data)
    pit_dir                                  0x200001b0   Data           4  gimbal_task.o(.data)
    yaw_dir                                  0x200001b4   Data           4  gimbal_task.o(.data)
    pit_ctrl_ffc                             0x200001b8   Data           4  gimbal_task.o(.data)
    yaw_ctrl_ffc                             0x200001bc   Data           4  gimbal_task.o(.data)
    gimbal_time                              0x200001c0   Data           4  gimbal_task.o(.data)
    last_gimbal_time                         0x200001c4   Data           4  gimbal_task.o(.data)
    input_flag                               0x200001c8   Data           1  gimbal_task.o(.data)
    no_action_time                           0x200001cc   Data           4  gimbal_task.o(.data)
    debug_time                               0x200001d0   Data           4  gimbal_task.o(.data)
    clamp_flag                               0x200001d4   Data           1  gimbal_task.o(.data)
    rescue_flag                              0x200001d5   Data           1  gimbal_task.o(.data)
    speed_threshold                          0x200001d8   Data           4  gimbal_task.o(.data)
    chassis_stack_surplus                    0x200001dc   Data           4  chassis_task.o(.data)
    chassis_pid                              0x200001e0   Data          24  chassis_task.o(.data)
    twist_times                              0x200001f8   Data           4  chassis_task.o(.data)
    rotation_center_gimbal                   0x200001fc   Data           4  chassis_task.o(.data)
    judge_tx_stack_surplus                   0x20000214   Data           4  judge_task.o(.data)
    judge_rx_stack_surplus                   0x20000218   Data           4  judge_task.o(.data)
    pc_tx_stack_surplus                      0x2000021c   Data           4  pc_task.o(.data)
    pc_rx_stack_surplus                      0x20000220   Data           4  pc_task.o(.data)
    e_mf_paras                               0x20000224   Data          84  fuzzy_pid.o(.data)
    de_mf_paras                              0x20000278   Data          84  fuzzy_pid.o(.data)
    Kp_mf_paras                              0x200002cc   Data          84  fuzzy_pid.o(.data)
    Ki_mf_paras                              0x20000320   Data          84  fuzzy_pid.o(.data)
    Kd_mf_paras                              0x20000374   Data          84  fuzzy_pid.o(.data)
    delta_Kp_Matrix                          0x200003c8   Data         196  fuzzy_pid.o(.data)
    delta_Kd_Matrix                          0x2000048c   Data         196  fuzzy_pid.o(.data)
    delta_Ki_Matrix                          0x20000550   Data         196  fuzzy_pid.o(.data)
    glb_sw                                   0x20000614   Data           4  remote_ctrl.o(.data)
    CRC_INIT                                 0x20000618   Data           2  protocol.o(.data)
    dma_write_len                            0x2000061c   Data           4  data_packet.o(.data)
    fifo_overflow                            0x20000620   Data           4  data_packet.o(.data)
    interover_data_overflow                  0x2000062c   Data           1  judge_rx_data.o(.data)
    debug_radius                             0x20000634   Data           2  judge_tx_data.o(.data)
    debug_start_xx                           0x20000636   Data           2  judge_tx_data.o(.data)
    debug_start_yy                           0x20000638   Data           2  judge_tx_data.o(.data)
    debug_width                              0x2000063a   Data           2  judge_tx_data.o(.data)
    debug_start_x                            0x2000063c   Data           2  judge_tx_data.o(.data)
    debug_start_y                            0x2000063e   Data           2  judge_tx_data.o(.data)
    text1                                    0x20000640   Data          30  judge_tx_data.o(.data)
    sta10                                    0x2000065e   Data           2  judge_tx_data.o(.data)
    pc_seq                                   0x20000664   Data           4  pc_rx_data.o(.data)
    once_lost_num                            0x20000668   Data           4  pc_rx_data.o(.data)
    lost_pack_percent                        0x2000066c   Data           4  pc_rx_data.o(.data)
    pack_num_cnt                             0x20000670   Data           4  pc_rx_data.o(.data)
    lost_num_sum_t                           0x20000674   Data           4  pc_rx_data.o(.data)
    pack_lost                                0x20000678   Data           4  pc_rx_data.o(.data)
    gim_mode_js                              0x2000067c   Data           4  pc_rx_data.o(.data)
    pitch_angle_js                           0x20000680   Data           4  pc_rx_data.o(.data)
    yaw_angle_js                             0x20000684   Data           4  pc_rx_data.o(.data)
    dis_mm_js                                0x20000688   Data           4  pc_rx_data.o(.data)
    pc_yaw_time                              0x2000068c   Data           4  pc_rx_data.o(.data)
    recv_pc_glb                              0x20000690   Data           1  pc_rx_data.o(.data)
    glb_err_exit                             0x20000691   Data           1  pc_rx_data.o(.data)
    pc_state                                 0x20000694   Data           4  pc_rx_data.o(.data)
    pc_tx_packet_id                          0x2000069c   Data           1  pc_tx_data.o(.data)
    count_cali_count                         0x200006a0   Data           4  pc_tx_data.o(.data)
    xQueueRegistry                           0x200006a8   Data          64  queue.o(.bss)
    rc                                       0x200209f4   Data          22  rc.o(.bss)
    dbus_buf                                 0x20020a0a   Data          72  dma.o(.bss)
    usart2_TXbuf                             0x20020a52   Data          18  dma.o(.bss)
    usart2_RXbuf                             0x20020a64   Data          18  dma.o(.bss)
    judge_rxbuf                              0x20020a76   Data        2048  dma.o(.bss)
    pc_rxbuf                                 0x20021276   Data        2048  dma.o(.bss)
    spi5_rx_buf                              0x20021a76   Data          23  dma.o(.bss)
    spi5_tx_buf                              0x20021a8d   Data          23  dma.o(.bss)
    rx1_message                              0x20021aa4   Data          20  bsp_can.o(.bss)
    rx2_message                              0x20021ab8   Data          20  bsp_can.o(.bss)
    moto_chassis                             0x20021acc   Data         240  bsp_can.o(.bss)
    moto_pit                                 0x20021bbc   Data          60  bsp_can.o(.bss)
    moto_yaw                                 0x20021bf8   Data          60  bsp_can.o(.bss)
    moto_trigger                             0x20021c34   Data          60  bsp_can.o(.bss)
    moto_fric                                0x20021c70   Data         120  bsp_can.o(.bss)
    mpu_data                                 0x20021ce8   Data          12  bsp_can.o(.bss)
    cali_param                               0x20021cf4   Data          12  bsp_flash.o(.bss)
    glb_cur                                  0x20021d00   Data          18  comm_task.o(.bss)
    RCC_Clocks                               0x20021d14   Data          16  detect_task.o(.bss)
    global_err                               0x20021d24   Data         228  detect_task.o(.bss)
    shoot                                    0x20021e08   Data          12  shoot_task.o(.bss)
    trig                                     0x20021e14   Data          20  shoot_task.o(.bss)
    pit_ramp                                 0x20021e28   Data          12  gimbal_task.o(.bss)
    yaw_ramp                                 0x20021e34   Data          12  gimbal_task.o(.bss)
    p_ffc                                    0x20021e40   Data          20  gimbal_task.o(.bss)
    y_ffc                                    0x20021e54   Data          20  gimbal_task.o(.bss)
    gimbal                                   0x20021e68   Data          80  gimbal_task.o(.bss)
    chassis                                  0x20021eb8   Data          44  chassis_task.o(.bss)
    chassis_ramp                             0x20021ee4   Data          12  chassis_task.o(.bss)
    fuzzy_t                                  0x20021ef0   Data          52  fuzzy_pid.o(.bss)
    rm                                       0x20021f24   Data          20  remote_ctrl.o(.bss)
    km                                       0x20021f38   Data          40  keyboard.o(.bss)
    key_fbramp                               0x20021f60   Data          12  keyboard.o(.bss)
    key_rlramp                               0x20021f6c   Data          12  keyboard.o(.bss)
    pid_yaw                                  0x20021f78   Data          68  pid.o(.bss)
    pid_pit                                  0x20021fbc   Data          68  pid.o(.bss)
    pid_yaw_spd                              0x20022000   Data          68  pid.o(.bss)
    pid_pit_spd                              0x20022044   Data          68  pid.o(.bss)
    pid_spd                                  0x20022088   Data         272  pid.o(.bss)
    pid_chassis_angle                        0x20022198   Data          68  pid.o(.bss)
    pid_trigger                              0x200221dc   Data          68  pid.o(.bss)
    pid_trigger_spd                          0x20022220   Data          68  pid.o(.bss)
    pid_fric                                 0x20022264   Data         136  pid.o(.bss)
    pid_heat_limit                           0x200222ec   Data          68  pid.o(.bss)
    judge_recv_mesg                          0x20022330   Data         128  judge_rx_data.o(.bss)
    judge_rx_obj                             0x200223b0   Data          24  judge_rx_data.o(.bss)
    judge_unpack_obj                         0x200223c8   Data         216  judge_rx_data.o(.bss)
    judge_rxdata_fifo                        0x200224a0   Data          28  judge_rx_data.o(.bss)
    judge_send_mesg                          0x200226b0   Data         174  judge_tx_data.o(.bss)
    judge_txdata_fifo                        0x20022760   Data          28  judge_tx_data.o(.bss)
    glb_struct                               0x20022970   Data          12  pc_rx_data.o(.bss)
    pc_rx_obj                                0x2002297c   Data          24  pc_rx_data.o(.bss)
    pc_unpack_obj                            0x20022994   Data         216  pc_rx_data.o(.bss)
    pc_rxdata_fifo                           0x20022a6c   Data          28  pc_rx_data.o(.bss)
    pc_recv_mesg                             0x20022c7c   Data          46  pc_rx_data.o(.bss)
    pc_txdata_fifo                           0x20022cac   Data          28  pc_tx_data.o(.bss)
    pc_send_mesg                             0x20022ebc   Data          44  pc_tx_data.o(.bss)
    __initial_sp                             0x20023ee8   Data           0  startup_stm32f427_437xx.o(STACK)



==============================================================================

Memory Map of the image

  Image Entry point : 0x080001ad

  Load Region LR_IROM1 (Base: 0x08000000, Size: 0x0000b2a8, Max: 0x00200000, ABSOLUTE, COMPRESSED[0x0000ad38])

    Execution Region ER_IROM1 (Exec base: 0x08000000, Load base: 0x08000000, Size: 0x0000ac00, Max: 0x00200000, ABSOLUTE)

    Exec Addr    Load Addr    Size         Type   Attr      Idx    E Section Name        Object

    0x08000000   0x08000000   0x000001ac   Data   RO          651    RESET               startup_stm32f427_437xx.o
    0x080001ac   0x080001ac   0x00000000   Code   RO         8827  * .ARM.Collect$$$$00000000  mc_w.l(entry.o)
    0x080001ac   0x080001ac   0x00000004   Code   RO         8910    .ARM.Collect$$$$00000001  mc_w.l(entry2.o)
    0x080001b0   0x080001b0   0x00000004   Code   RO         8913    .ARM.Collect$$$$00000004  mc_w.l(entry5.o)
    0x080001b4   0x080001b4   0x00000000   Code   RO         8915    .ARM.Collect$$$$00000008  mc_w.l(entry7b.o)
    0x080001b4   0x080001b4   0x00000000   Code   RO         8917    .ARM.Collect$$$$0000000A  mc_w.l(entry8b.o)
    0x080001b4   0x080001b4   0x00000008   Code   RO         8918    .ARM.Collect$$$$0000000B  mc_w.l(entry9a.o)
    0x080001bc   0x080001bc   0x00000000   Code   RO         8920    .ARM.Collect$$$$0000000D  mc_w.l(entry10a.o)
    0x080001bc   0x080001bc   0x00000000   Code   RO         8922    .ARM.Collect$$$$0000000F  mc_w.l(entry11a.o)
    0x080001bc   0x080001bc   0x00000004   Code   RO         8911    .ARM.Collect$$$$00002712  mc_w.l(entry2.o)
    0x080001c0   0x080001c0   0x000000b6   Code   RO         6644    .emb_text           port.o
    0x08000276   0x08000276   0x00000002   PAD
    0x08000278   0x08000278   0x00000024   Code   RO          652    .text               startup_stm32f427_437xx.o
    0x0800029c   0x0800029c   0x00000024   Code   RO         8830    .text               mc_w.l(memcpya.o)
    0x080002c0   0x080002c0   0x00000024   Code   RO         8832    .text               mc_w.l(memseta.o)
    0x080002e4   0x080002e4   0x0000014e   Code   RO         8866    .text               mf_w.l(dadd.o)
    0x08000432   0x08000432   0x000000e4   Code   RO         8868    .text               mf_w.l(dmul.o)
    0x08000516   0x08000516   0x00000022   Code   RO         8870    .text               mf_w.l(dflti.o)
    0x08000538   0x08000538   0x0000003e   Code   RO         8872    .text               mf_w.l(dfixi.o)
    0x08000576   0x08000576   0x00000026   Code   RO         8874    .text               mf_w.l(f2d.o)
    0x0800059c   0x0800059c   0x00000030   Code   RO         8876    .text               mf_w.l(cdcmple.o)
    0x080005cc   0x080005cc   0x00000030   Code   RO         8878    .text               mf_w.l(cdrcmple.o)
    0x080005fc   0x080005fc   0x00000038   Code   RO         8880    .text               mf_w.l(d2f.o)
    0x08000634   0x08000634   0x0000001e   Code   RO         8924    .text               mc_w.l(llshl.o)
    0x08000652   0x08000652   0x00000020   Code   RO         8926    .text               mc_w.l(llushr.o)
    0x08000672   0x08000672   0x00000024   Code   RO         8928    .text               mc_w.l(llsshr.o)
    0x08000696   0x08000696   0x00000000   Code   RO         8939    .text               mc_w.l(iusefp.o)
    0x08000696   0x08000696   0x0000006e   Code   RO         8940    .text               mf_w.l(fepilogue.o)
    0x08000704   0x08000704   0x000000ba   Code   RO         8942    .text               mf_w.l(depilogue.o)
    0x080007be   0x080007be   0x00000002   PAD
    0x080007c0   0x080007c0   0x00000024   Code   RO         8950    .text               mc_w.l(init.o)
    0x080007e4   0x080007e4   0x000000de   Code   RO         8952    .text               mf_w.l(ddiv.o)
    0x080008c2   0x080008c2   0x0000001a   Code   RO         8954    .text               mf_w.l(dfltui.o)
    0x080008dc   0x080008dc   0x00000056   Code   RO         8964    .text               mc_w.l(__dczerorl2.o)
    0x08000932   0x08000932   0x00000002   PAD
    0x08000934   0x08000934   0x00000014   Code   RO         7179    i.BSP_FLASH_READ    bsp_flash.o
    0x08000948   0x08000948   0x00000064   Code   RO         7180    i.BSP_FLASH_WRITE   bsp_flash.o
    0x080009ac   0x080009ac   0x00000004   Code   RO          261    i.BusFault_Handler  stm32f4xx_it.o
    0x080009b0   0x080009b0   0x0000010c   Code   RO         6836    i.CAN1_DEVICE       can.o
    0x08000abc   0x08000abc   0x00000030   Code   RO         7072    i.CAN1_RX0_IRQHandler  bsp_can.o
    0x08000aec   0x08000aec   0x00000110   Code   RO         6837    i.CAN2_DEVICE       can.o
    0x08000bfc   0x08000bfc   0x00000030   Code   RO         7073    i.CAN2_RX0_IRQHandler  bsp_can.o
    0x08000c2c   0x08000c2c   0x000000a8   Code   RO          981    i.CAN_ClearITPendingBit  stm32f4xx_can.o
    0x08000cd4   0x08000cd4   0x00000108   Code   RO          985    i.CAN_FilterInit    stm32f4xx_can.o
    0x08000ddc   0x08000ddc   0x00000120   Code   RO          987    i.CAN_GetITStatus   stm32f4xx_can.o
    0x08000efc   0x08000efc   0x00000012   Code   RO          991    i.CAN_ITConfig      stm32f4xx_can.o
    0x08000f0e   0x08000f0e   0x00000114   Code   RO          992    i.CAN_Init          stm32f4xx_can.o
    0x08001022   0x08001022   0x000000f0   Code   RO          995    i.CAN_Receive       stm32f4xx_can.o
    0x08001112   0x08001112   0x00000126   Code   RO         1000    i.CAN_Transmit      stm32f4xx_can.o
    0x08001238   0x08001238   0x00000012   Code   RO         1003    i.CheckITStatus     stm32f4xx_can.o
    0x0800124a   0x0800124a   0x00000002   PAD
    0x0800124c   0x0800124c   0x00000034   Code   RO         1737    i.DMA_ClearFlag     stm32f4xx_dma.o
    0x08001280   0x08001280   0x00000016   Code   RO         1739    i.DMA_Cmd           stm32f4xx_dma.o
    0x08001296   0x08001296   0x00000002   PAD
    0x08001298   0x08001298   0x00000158   Code   RO         1740    i.DMA_DeInit        stm32f4xx_dma.o
    0x080013f0   0x080013f0   0x00000016   Code   RO         1741    i.DMA_DoubleBufferModeCmd  stm32f4xx_dma.o
    0x08001406   0x08001406   0x00000018   Code   RO         1742    i.DMA_DoubleBufferModeConfig  stm32f4xx_dma.o
    0x0800141e   0x0800141e   0x00000008   Code   RO         1745    i.DMA_GetCurrDataCounter  stm32f4xx_dma.o
    0x08001426   0x08001426   0x00000014   Code   RO         1746    i.DMA_GetCurrentMemoryTarget  stm32f4xx_dma.o
    0x0800143a   0x0800143a   0x00000002   PAD
    0x0800143c   0x0800143c   0x00000058   Code   RO         1751    i.DMA_Init          stm32f4xx_dma.o
    0x08001494   0x08001494   0x00000004   Code   RO         1754    i.DMA_SetCurrDataCounter  stm32f4xx_dma.o
    0x08001498   0x08001498   0x00000002   Code   RO          262    i.DebugMon_Handler  stm32f4xx_it.o
    0x0800149a   0x0800149a   0x00000002   PAD
    0x0800149c   0x0800149c   0x00000058   Code   RO         6780    i.EXTI2_IRQHandler  gpio.o
    0x080014f4   0x080014f4   0x0000000c   Code   RO         2002    i.EXTI_ClearITPendingBit  stm32f4xx_exti.o
    0x08001500   0x08001500   0x00000018   Code   RO         2006    i.EXTI_GetITStatus  stm32f4xx_exti.o
    0x08001518   0x08001518   0x00000094   Code   RO         2007    i.EXTI_Init         stm32f4xx_exti.o
    0x080015ac   0x080015ac   0x0000000c   Code   RO         2067    i.FLASH_ClearFlag   stm32f4xx_flash.o
    0x080015b8   0x080015b8   0x00000024   Code   RO         2068    i.FLASH_DataCacheCmd  stm32f4xx_flash.o
    0x080015dc   0x080015dc   0x00000088   Code   RO         2073    i.FLASH_EraseSector  stm32f4xx_flash.o
    0x08001664   0x08001664   0x00000054   Code   RO         2075    i.FLASH_GetStatus   stm32f4xx_flash.o
    0x080016b8   0x080016b8   0x00000014   Code   RO         2079    i.FLASH_Lock        stm32f4xx_flash.o
    0x080016cc   0x080016cc   0x0000004c   Code   RO         2100    i.FLASH_ProgramByte  stm32f4xx_flash.o
    0x08001718   0x08001718   0x00000024   Code   RO         2105    i.FLASH_Unlock      stm32f4xx_flash.o
    0x0800173c   0x0800173c   0x00000022   Code   RO         2106    i.FLASH_WaitForLastOperation  stm32f4xx_flash.o
    0x0800175e   0x0800175e   0x00000002   PAD
    0x08001760   0x08001760   0x00000090   Code   RO         6781    i.GPIO_INIT         gpio.o
    0x080017f0   0x080017f0   0x00000090   Code   RO         2380    i.GPIO_Init         stm32f4xx_gpio.o
    0x08001880   0x08001880   0x00000046   Code   RO         2381    i.GPIO_PinAFConfig  stm32f4xx_gpio.o
    0x080018c6   0x080018c6   0x00000012   Code   RO         2384    i.GPIO_ReadInputDataBit  stm32f4xx_gpio.o
    0x080018d8   0x080018d8   0x00000004   Code   RO         2388    i.GPIO_SetBits      stm32f4xx_gpio.o
    0x080018dc   0x080018dc   0x000001d0   Code   RO         7181    i.GetSector         bsp_flash.o
    0x08001aac   0x08001aac   0x0000000c   Code   RO          590    i.HAL_GetTick       stm32_tim_base.o
    0x08001ab8   0x08001ab8   0x0000001c   Code   RO          591    i.HAL_IncTick       stm32_tim_base.o
    0x08001ad4   0x08001ad4   0x00000004   Code   RO          263    i.HardFault_Handler  stm32f4xx_it.o
    0x08001ad8   0x08001ad8   0x0000004c   Code   RO         6782    i.KEY_EXTI          gpio.o
    0x08001b24   0x08001b24   0x00000004   Code   RO          264    i.MemManage_Handler  stm32f4xx_it.o
    0x08001b28   0x08001b28   0x00000002   Code   RO          265    i.NMI_Handler       stm32f4xx_it.o
    0x08001b2a   0x08001b2a   0x00000002   PAD
    0x08001b2c   0x08001b2c   0x00000078   Code   RO          659    i.NVIC_Init         misc.o
    0x08001ba4   0x08001ba4   0x00000014   Code   RO          660    i.NVIC_PriorityGroupConfig  misc.o
    0x08001bb8   0x08001bb8   0x0000007c   Code   RO         8136    i.PID_Struct_Init   pid.o
    0x08001c34   0x08001c34   0x00000020   Code   RO         3297    i.RCC_AHB1PeriphClockCmd  stm32f4xx_rcc.o
    0x08001c54   0x08001c54   0x00000020   Code   RO         3306    i.RCC_APB1PeriphClockCmd  stm32f4xx_rcc.o
    0x08001c74   0x08001c74   0x00000020   Code   RO         3308    i.RCC_APB1PeriphResetCmd  stm32f4xx_rcc.o
    0x08001c94   0x08001c94   0x00000020   Code   RO         3309    i.RCC_APB2PeriphClockCmd  stm32f4xx_rcc.o
    0x08001cb4   0x08001cb4   0x00000020   Code   RO         3311    i.RCC_APB2PeriphResetCmd  stm32f4xx_rcc.o
    0x08001cd4   0x08001cd4   0x000000e8   Code   RO         3318    i.RCC_GetClocksFreq  stm32f4xx_rcc.o
    0x08001dbc   0x08001dbc   0x00000018   Code   RO         4452    i.SPI_Cmd           stm32f4xx_spi.o
    0x08001dd4   0x08001dd4   0x000000a8   Code   RO         6912    i.SPI_DEVICE        spi.o
    0x08001e7c   0x08001e7c   0x0000003c   Code   RO         4465    i.SPI_Init          stm32f4xx_spi.o
    0x08001eb8   0x08001eb8   0x000001a4   Code   RO         7074    i.STD_CAN_RxCpltCallback  bsp_can.o
    0x0800205c   0x0800205c   0x00000040   Code   RO         4617    i.SYSCFG_EXTILineConfig  stm32f4xx_syscfg.o
    0x0800209c   0x0800209c   0x00000120   Code   RO          461    i.SetSysClock       system_stm32f4xx.o
    0x080021bc   0x080021bc   0x00000028   Code   RO          663    i.SysTick_CLKSourceConfig  misc.o
    0x080021e4   0x080021e4   0x00000010   Code   RO          266    i.SysTick_Handler   stm32f4xx_it.o
    0x080021f4   0x080021f4   0x0000003c   Code   RO         6733    i.SysTick_Init      delay.o
    0x08002230   0x08002230   0x00000068   Code   RO          463    i.SystemInit        system_stm32f4xx.o
    0x08002298   0x08002298   0x0000002c   Code   RO          503    i.TASK_START        start_task.o
    0x080022c4   0x080022c4   0x000000d0   Code   RO         7039    i.TIM1_DEVICE       tim.o
    0x08002394   0x08002394   0x00000020   Code   RO          592    i.TIM4_IRQHandler   stm32_tim_base.o
    0x080023b4   0x080023b4   0x000000a4   Code   RO         7040    i.TIM5_DEVICE       tim.o
    0x08002458   0x08002458   0x00000018   Code   RO         4678    i.TIM_ARRPreloadConfig  stm32f4xx_tim.o
    0x08002470   0x08002470   0x00000064   Code   RO          593    i.TIM_BASE_Init     stm32_tim_base.o
    0x080024d4   0x080024d4   0x00000006   Code   RO         4685    i.TIM_ClearITPendingBit  stm32f4xx_tim.o
    0x080024da   0x080024da   0x00000018   Code   RO         4690    i.TIM_Cmd           stm32f4xx_tim.o
    0x080024f2   0x080024f2   0x00000022   Code   RO         4711    i.TIM_GetITStatus   stm32f4xx_tim.o
    0x08002514   0x08002514   0x00000012   Code   RO         4715    i.TIM_ITConfig      stm32f4xx_tim.o
    0x08002526   0x08002526   0x00000002   PAD
    0x08002528   0x08002528   0x0000007c   Code   RO         4719    i.TIM_OC1Init       stm32f4xx_tim.o
    0x080025a4   0x080025a4   0x00000012   Code   RO         4722    i.TIM_OC1PreloadConfig  stm32f4xx_tim.o
    0x080025b6   0x080025b6   0x00000002   PAD
    0x080025b8   0x080025b8   0x00000078   Code   RO         4734    i.TIM_OC4Init       stm32f4xx_tim.o
    0x08002630   0x08002630   0x0000001a   Code   RO         4736    i.TIM_OC4PreloadConfig  stm32f4xx_tim.o
    0x0800264a   0x0800264a   0x00000002   PAD
    0x0800264c   0x0800264c   0x00000084   Code   RO         4762    i.TIM_TimeBaseInit  stm32f4xx_tim.o
    0x080026d0   0x080026d0   0x000000d8   Code   RO         6869    i.USART1_DEVICE     usart.o
    0x080027a8   0x080027a8   0x0000009c   Code   RO         6992    i.USART1_DMA        dma.o
    0x08002844   0x08002844   0x000000fc   Code   RO         6940    i.USART1_IRQHandler  rc.o
    0x08002940   0x08002940   0x000000d8   Code   RO         6870    i.USART3_DEVICE     usart.o
    0x08002a18   0x08002a18   0x0000009c   Code   RO         6993    i.USART3_DMA        dma.o
    0x08002ab4   0x08002ab4   0x00000070   Code   RO         7772    i.USART3_IRQHandler  judge_task.o
    0x08002b24   0x08002b24   0x000000e0   Code   RO         6871    i.USART6_DEVICE     usart.o
    0x08002c04   0x08002c04   0x0000009c   Code   RO         6994    i.USART6_DMA        dma.o
    0x08002ca0   0x08002ca0   0x00000070   Code   RO         7812    i.USART6_IRQHandler  pc_task.o
    0x08002d10   0x08002d10   0x00000012   Code   RO         5240    i.USART_ClearFlag   stm32f4xx_usart.o
    0x08002d22   0x08002d22   0x0000001e   Code   RO         5241    i.USART_ClearITPendingBit  stm32f4xx_usart.o
    0x08002d40   0x08002d40   0x00000018   Code   RO         5244    i.USART_Cmd         stm32f4xx_usart.o
    0x08002d58   0x08002d58   0x00000012   Code   RO         5245    i.USART_DMACmd      stm32f4xx_usart.o
    0x08002d6a   0x08002d6a   0x00000002   PAD
    0x08002d6c   0x08002d6c   0x000000f0   Code   RO         5246    i.USART_DeInit      stm32f4xx_usart.o
    0x08002e5c   0x08002e5c   0x0000001a   Code   RO         5247    i.USART_GetFlagStatus  stm32f4xx_usart.o
    0x08002e76   0x08002e76   0x00000054   Code   RO         5248    i.USART_GetITStatus  stm32f4xx_usart.o
    0x08002eca   0x08002eca   0x0000004a   Code   RO         5250    i.USART_ITConfig    stm32f4xx_usart.o
    0x08002f14   0x08002f14   0x000000d4   Code   RO         5251    i.USART_Init        stm32f4xx_usart.o
    0x08002fe8   0x08002fe8   0x0000000a   Code   RO         5258    i.USART_ReceiveData  stm32f4xx_usart.o
    0x08002ff2   0x08002ff2   0x00000004   Code   RO          267    i.UsageFault_Handler  stm32f4xx_it.o
    0x08002ff6   0x08002ff6   0x00000030   Code   RO         8946    i.__ARM_fpclassify  m_wm.l(fpclassify.o)
    0x08003026   0x08003026   0x00000002   PAD
    0x08003028   0x08003028   0x000000c8   Code   RO         8797    i.__hardfp_cos      m_wm.l(cos.o)
    0x080030f0   0x080030f0   0x00000014   Code   RO         8809    i.__hardfp_fabs     m_wm.l(fabs.o)
    0x08003104   0x08003104   0x00000004   PAD
    0x08003108   0x08003108   0x000000c8   Code   RO         8815    i.__hardfp_sin      m_wm.l(sin.o)
    0x080031d0   0x080031d0   0x00000438   Code   RO         8899    i.__ieee754_rem_pio2  m_wm.l(rred.o)
    0x08003608   0x08003608   0x00000170   Code   RO         8882    i.__kernel_cos      m_wm.l(cos_i.o)
    0x08003778   0x08003778   0x000000f8   Code   RO         8948    i.__kernel_poly     m_wm.l(poly.o)
    0x08003870   0x08003870   0x00000130   Code   RO         8904    i.__kernel_sin      m_wm.l(sin_i.o)
    0x080039a0   0x080039a0   0x00000014   Code   RO         8886    i.__mathlib_dbl_infnan  m_wm.l(dunder.o)
    0x080039b4   0x080039b4   0x00000004   PAD
    0x080039b8   0x080039b8   0x00000020   Code   RO         8888    i.__mathlib_dbl_invalid  m_wm.l(dunder.o)
    0x080039d8   0x080039d8   0x00000020   Code   RO         8891    i.__mathlib_dbl_underflow  m_wm.l(dunder.o)
    0x080039f8   0x080039f8   0x0000000e   Code   RO         8958    i.__scatterload_copy  mc_w.l(handlers.o)
    0x08003a06   0x08003a06   0x00000002   Code   RO         8959    i.__scatterload_null  mc_w.l(handlers.o)
    0x08003a08   0x08003a08   0x0000000e   Code   RO         8960    i.__scatterload_zeroinit  mc_w.l(handlers.o)
    0x08003a16   0x08003a16   0x00000002   PAD
    0x08003a18   0x08003a18   0x0000000c   Code   RO         8934    i.__set_errno       mc_w.l(errno.o)
    0x08003a24   0x08003a24   0x0000004a   Code   RO         8137    i.abs_limit         pid.o
    0x08003a6e   0x08003a6e   0x00000002   PAD
    0x08003a70   0x08003a70   0x00000030   Code   RO         8196    i.append_crc16_check_sum  protocol.o
    0x08003aa0   0x08003aa0   0x00000026   Code   RO         8197    i.append_crc8_check_sum  protocol.o
    0x08003ac6   0x08003ac6   0x00000002   PAD
    0x08003ac8   0x08003ac8   0x00000040   Code   RO         7528    i.ball_storage_ctrl  shoot_task.o
    0x08003b08   0x08003b08   0x0000013c   Code   RO         7529    i.block_bullet_handler  shoot_task.o
    0x08003c44   0x08003c44   0x00000094   Code   RO         7224    i.can_msg_send_task  comm_task.o
    0x08003cd8   0x08003cd8   0x00000068   Code   RO         7701    i.chassis_clamp_or_supply_handler  chassis_task.o
    0x08003d40   0x08003d40   0x000000d0   Code   RO         8022    i.chassis_direction_ctrl  keyboard.o
    0x08003e10   0x08003e10   0x00000258   Code   RO         7702    i.chassis_dodge_handler  chassis_task.o
    0x08004068   0x08004068   0x00000020   Code   RO         7273    i.chassis_is_controllable  detect_task.o
    0x08004088   0x08004088   0x000000f0   Code   RO         7703    i.chassis_normal_handler  chassis_task.o
    0x08004178   0x08004178   0x00000084   Code   RO         7928    i.chassis_operation_func  remote_ctrl.o
    0x080041fc   0x080041fc   0x00000090   Code   RO         7704    i.chassis_param_init  chassis_task.o
    0x0800428c   0x0800428c   0x00000110   Code   RO         7705    i.chassis_rescue_handler  chassis_task.o
    0x0800439c   0x0800439c   0x00000050   Code   RO         8023    i.chassis_speed_ctrl  keyboard.o
    0x080043ec   0x080043ec   0x00000024   Code   RO         7706    i.chassis_stop_handler  chassis_task.o
    0x08004410   0x08004410   0x000001ac   Code   RO         7707    i.chassis_task      chassis_task.o
    0x080045bc   0x080045bc   0x00000084   Code   RO         7610    i.clamp_or_supply_handler  gimbal_task.o
    0x08004640   0x08004640   0x0000009c   Code   RO         8462    i.client_graphic_draw_TXT  judge_tx_data.o
    0x080046dc   0x080046dc   0x00000068   Code   RO         8463    i.client_graphic_draw_roundness_middle1  judge_tx_data.o
    0x08004744   0x08004744   0x00000070   Code   RO         8464    i.client_graphic_draw_roundness_middle2  judge_tx_data.o
    0x080047b4   0x080047b4   0x00000070   Code   RO         8465    i.client_graphic_draw_roundness_middle3  judge_tx_data.o
    0x08004824   0x08004824   0x00000070   Code   RO         8466    i.client_graphic_draw_roundness_middle4  judge_tx_data.o
    0x08004894   0x08004894   0x00000070   Code   RO         8467    i.client_graphic_draw_roundness_middle5  judge_tx_data.o
    0x08004904   0x08004904   0x00000070   Code   RO         8468    i.client_graphic_draw_roundness_middle6  judge_tx_data.o
    0x08004974   0x08004974   0x00000068   Code   RO         8469    i.client_graphic_draw_roundness_middle7  judge_tx_data.o
    0x080049dc   0x080049dc   0x00000058   Code   RO         8361    i.data_packet_pack  data_packet.o
    0x08004a34   0x08004a34   0x00000038   Code   RO         6734    i.delay_ms          delay.o
    0x08004a6c   0x08004a6c   0x0000004c   Code   RO         6735    i.delay_nms         delay.o
    0x08004ab8   0x08004ab8   0x00000064   Code   RO         7274    i.detect_param_init  detect_task.o
    0x08004b1c   0x08004b1c   0x00000034   Code   RO         7275    i.detect_task       detect_task.o
    0x08004b50   0x08004b50   0x000000f0   Code   RO         8362    i.dma_buffer_to_unpack_buffer  data_packet.o
    0x08004c40   0x08004c40   0x00000134   Code   RO         7611    i.dodge_handler     gimbal_task.o
    0x08004d74   0x08004d74   0x000000c4   Code   RO         7075    i.encoder_data_handler  bsp_can.o
    0x08004e38   0x08004e38   0x00000018   Code   RO         7276    i.err_detector_hook  detect_task.o
    0x08004e50   0x08004e50   0x00000018   Code   RO         8811    i.fabs              m_wm.l(fabs.o)
    0x08004e68   0x08004e68   0x00000060   Code   RO         8267    i.fifo_s_get        data_fifo.o
    0x08004ec8   0x08004ec8   0x0000007e   Code   RO         8268    i.fifo_s_gets       data_fifo.o
    0x08004f46   0x08004f46   0x00000042   Code   RO         8269    i.fifo_s_init       data_fifo.o
    0x08004f88   0x08004f88   0x00000084   Code   RO         8272    i.fifo_s_puts       data_fifo.o
    0x0800500c   0x0800500c   0x00000010   Code   RO         8273    i.fifo_used_count   data_fifo.o
    0x0800501c   0x0800501c   0x00000018   Code   RO         8024    i.firc_ctrl         keyboard.o
    0x08005034   0x08005034   0x0000002c   Code   RO            4    i.flash_cali        main.o
    0x08005060   0x08005060   0x00000020   Code   RO         7530    i.fric_wheel_ctrl   shoot_task.o
    0x08005080   0x08005080   0x00000638   Code   RO         7852    i.fuzzy_calc        fuzzy_pid.o
    0x080056b8   0x080056b8   0x000000a8   Code   RO         8138    i.fuzzy_pid_calc    pid.o
    0x08005760   0x08005760   0x00000052   Code   RO         7612    i.getFeedforwardControl  gimbal_task.o
    0x080057b2   0x080057b2   0x00000002   PAD
    0x080057b4   0x080057b4   0x00000038   Code   RO         7394    i.get_chassis_info  info_get_task.o
    0x080057ec   0x080057ec   0x000000d0   Code   RO         7467    i.get_chassis_mode  modeswitch_task.o
    0x080058bc   0x080058bc   0x00000034   Code   RO         8198    i.get_crc16_check_sum  protocol.o
    0x080058f0   0x080058f0   0x00000024   Code   RO         8199    i.get_crc8_check_sum  protocol.o
    0x08005914   0x08005914   0x0000001a   Code   RO         8363    i.get_dma_memory_msg  data_packet.o
    0x0800592e   0x0800592e   0x00000002   PAD
    0x08005930   0x08005930   0x00000074   Code   RO         7395    i.get_gimbal_info   info_get_task.o
    0x080059a4   0x080059a4   0x000000ec   Code   RO         7468    i.get_gimbal_mode   modeswitch_task.o
    0x08005a90   0x08005a90   0x00000020   Code   RO         7396    i.get_global_last_info  info_get_task.o
    0x08005ab0   0x08005ab0   0x00000060   Code   RO         8582    i.get_infantry_info  pc_tx_data.o
    0x08005b10   0x08005b10   0x00000044   Code   RO         7469    i.get_last_mode     modeswitch_task.o
    0x08005b54   0x08005b54   0x00000074   Code   RO         7470    i.get_main_mode     modeswitch_task.o
    0x08005bc8   0x08005bc8   0x00000010   Code   RO         7076    i.get_moto_offset   bsp_can.o
    0x08005bd8   0x08005bd8   0x000000a0   Code   RO         8025    i.get_mouse_status  keyboard.o
    0x08005c78   0x08005c78   0x0000003a   Code   RO         7397    i.get_relative_pos  info_get_task.o
    0x08005cb2   0x08005cb2   0x0000000c   Code   RO         7398    i.get_shoot_info    info_get_task.o
    0x08005cbe   0x08005cbe   0x00000002   PAD
    0x08005cc0   0x08005cc0   0x0000003c   Code   RO         7471    i.get_shoot_mode    modeswitch_task.o
    0x08005cfc   0x08005cfc   0x000000d4   Code   RO         7399    i.get_structure_param  info_get_task.o
    0x08005dd0   0x08005dd0   0x00000010   Code   RO         8583    i.get_upload_data   pc_tx_data.o
    0x08005de0   0x08005de0   0x00000030   Code   RO         7277    i.gimbal_is_controllable  detect_task.o
    0x08005e10   0x08005e10   0x00000048   Code   RO         7929    i.gimbal_operation_func  remote_ctrl.o
    0x08005e58   0x08005e58   0x0000017c   Code   RO         7613    i.gimbal_param_init  gimbal_task.o
    0x08005fd4   0x08005fd4   0x00000088   Code   RO         8026    i.gimbal_speed_ctrl  keyboard.o
    0x0800605c   0x0800605c   0x0000039c   Code   RO         7614    i.gimbal_task       gimbal_task.o
    0x080063f8   0x080063f8   0x00000024   Code   RO         7350    i.imu_task          imu_task.o
    0x0800641c   0x0800641c   0x00000010   Code   RO          594    i.inHandlerMode     stm32_tim_base.o
    0x0800642c   0x0800642c   0x000000b0   Code   RO         7400    i.info_get_task     info_get_task.o
    0x080064dc   0x080064dc   0x00000028   Code   RO         7615    i.initFeedforwardParam  gimbal_task.o
    0x08006504   0x08006504   0x000000d0   Code   RO         7616    i.init_mode_handler  gimbal_task.o
    0x080065d4   0x080065d4   0x00000048   Code   RO         7773    i.judge_rx_task     judge_task.o
    0x0800661c   0x0800661c   0x0000003c   Code   RO         7774    i.judge_tx_task     judge_task.o
    0x08006658   0x08006658   0x00000108   Code   RO         8470    i.judgement_client_graphics_draw_pack  judge_tx_data.o
    0x08006760   0x08006760   0x000000b0   Code   RO         8471    i.judgement_client_packet_pack  judge_tx_data.o
    0x08006810   0x08006810   0x00000168   Code   RO         8421    i.judgement_data_handler  judge_rx_data.o
    0x08006978   0x08006978   0x0000006c   Code   RO         8422    i.judgement_rx_param_init  judge_rx_data.o
    0x080069e4   0x080069e4   0x0000002c   Code   RO         8472    i.judgement_tx_param_init  judge_tx_data.o
    0x08006a10   0x08006a10   0x00000028   Code   RO         7930    i.kb_enable_hook    remote_ctrl.o
    0x08006a38   0x08006a38   0x00000064   Code   RO         8027    i.keyboard_chassis_hook  keyboard.o
    0x08006a9c   0x08006a9c   0x00000044   Code   RO         8028    i.keyboard_gimbal_hook  keyboard.o
    0x08006ae0   0x08006ae0   0x00000028   Code   RO         8029    i.keyboard_global_hook  keyboard.o
    0x08006b08   0x08006b08   0x00000088   Code   RO         8030    i.keyboard_shoot_hook  keyboard.o
    0x08006b90   0x08006b90   0x0000008e   Code   RO            5    i.main              main.o
    0x08006c1e   0x08006c1e   0x00000002   PAD
    0x08006c20   0x08006c20   0x0000041c   Code   RO         7708    i.mecanum_calc      chassis_task.o
    0x0800703c   0x0800703c   0x00000048   Code   RO         7472    i.mode_switch_task  modeswitch_task.o
    0x08007084   0x08007084   0x0000008c   Code   RO         7279    i.module_offline_detect  detect_task.o
    0x08007110   0x08007110   0x00000134   Code   RO         7617    i.nomarl_handler    gimbal_task.o
    0x08007244   0x08007244   0x00000014   Code   RO          595    i.osKernelSysTick   stm32_tim_base.o
    0x08007258   0x08007258   0x00000128   Code   RO         8545    i.pc_data_handler   pc_rx_data.o
    0x08007380   0x08007380   0x0000006c   Code   RO         8546    i.pc_rx_param_init  pc_rx_data.o
    0x080073ec   0x080073ec   0x00000048   Code   RO         7813    i.pc_rx_task        pc_task.o
    0x08007434   0x08007434   0x00000018   Code   RO         8584    i.pc_send_data_packet_pack  pc_tx_data.o
    0x0800744c   0x0800744c   0x0000002c   Code   RO         8585    i.pc_tx_param_init  pc_tx_data.o
    0x08007478   0x08007478   0x00000034   Code   RO         7814    i.pc_tx_task        pc_task.o
    0x080074ac   0x080074ac   0x00000100   Code   RO         8139    i.pid_calc          pid.o
    0x080075ac   0x080075ac   0x0000001a   Code   RO         8140    i.pid_init          pid.o
    0x080075c6   0x080075c6   0x00000002   PAD
    0x080075c8   0x080075c8   0x00000034   Code   RO         8141    i.pid_reset         pid.o
    0x080075fc   0x080075fc   0x00000070   Code   RO         8364    i.protocol_packet_pack  data_packet.o
    0x0800766c   0x0800766c   0x00000098   Code   RO         5934    i.prvAddCurrentTaskToDelayedList  tasks.o
    0x08007704   0x08007704   0x000000b8   Code   RO         5935    i.prvAddNewTaskToReadyList  tasks.o
    0x080077bc   0x080077bc   0x00000064   Code   RO         6441    i.prvCheckForValidListAndQueue  timers.o
    0x08007820   0x08007820   0x00000064   Code   RO         5936    i.prvCheckTasksWaitingTermination  tasks.o
    0x08007884   0x08007884   0x0000002a   Code   RO         5686    i.prvCopyDataFromQueue  queue.o
    0x080078ae   0x080078ae   0x0000007c   Code   RO         5687    i.prvCopyDataToQueue  queue.o
    0x0800792a   0x0800792a   0x00000012   Code   RO         5937    i.prvDeleteTCB      tasks.o
    0x0800793c   0x0800793c   0x00000028   Code   RO         6442    i.prvGetNextExpireTime  timers.o
    0x08007964   0x08007964   0x0000007c   Code   RO         6583    i.prvHeapInit       heap_4.o
    0x080079e0   0x080079e0   0x00000028   Code   RO         5938    i.prvIdleTask       tasks.o
    0x08007a08   0x08007a08   0x0000001c   Code   RO         5688    i.prvInitialiseMutex  queue.o
    0x08007a24   0x08007a24   0x0000002e   Code   RO         5689    i.prvInitialiseNewQueue  queue.o
    0x08007a52   0x08007a52   0x000000b6   Code   RO         5939    i.prvInitialiseNewTask  tasks.o
    0x08007b08   0x08007b08   0x00000068   Code   RO         5940    i.prvInitialiseTaskLists  tasks.o
    0x08007b70   0x08007b70   0x00000068   Code   RO         6584    i.prvInsertBlockIntoFreeList  heap_4.o
    0x08007bd8   0x08007bd8   0x00000058   Code   RO         6444    i.prvInsertTimerInActiveList  timers.o
    0x08007c30   0x08007c30   0x0000001a   Code   RO         5690    i.prvIsQueueEmpty   queue.o
    0x08007c4a   0x08007c4a   0x0000001e   Code   RO         5691    i.prvIsQueueFull    queue.o
    0x08007c68   0x08007c68   0x00000090   Code   RO         5692    i.prvNotifyQueueSetContainer  queue.o
    0x08007cf8   0x08007cf8   0x00000064   Code   RO         6445    i.prvProcessExpiredTimer  timers.o
    0x08007d5c   0x08007d5c   0x000000f8   Code   RO         6446    i.prvProcessReceivedCommands  timers.o
    0x08007e54   0x08007e54   0x00000074   Code   RO         6447    i.prvProcessTimerOrBlockTask  timers.o
    0x08007ec8   0x08007ec8   0x00000034   Code   RO         5942    i.prvResetNextTaskUnblockTime  tasks.o
    0x08007efc   0x08007efc   0x0000002c   Code   RO         6448    i.prvSampleTimeNow  timers.o
    0x08007f28   0x08007f28   0x000000a0   Code   RO         6449    i.prvSwitchTimerLists  timers.o
    0x08007fc8   0x08007fc8   0x00000016   Code   RO         5944    i.prvTaskCheckFreeStackSpace  tasks.o
    0x08007fde   0x08007fde   0x00000002   PAD
    0x08007fe0   0x08007fe0   0x00000040   Code   RO         6645    i.prvTaskExitError  port.o
    0x08008020   0x08008020   0x0000001a   Code   RO         6450    i.prvTimerTask      timers.o
    0x0800803a   0x0800803a   0x00000092   Code   RO         5693    i.prvUnlockQueue    queue.o
    0x080080cc   0x080080cc   0x0000013c   Code   RO         6585    i.pvPortMalloc      heap_4.o
    0x08008208   0x08008208   0x00000020   Code   RO         5946    i.pvTaskIncrementMutexHeldCount  tasks.o
    0x08008228   0x08008228   0x0000002c   Code   RO         6646    i.pxPortInitialiseStack  port.o
    0x08008254   0x08008254   0x00000040   Code   RO         8106    i.ramp_calc         ramp.o
    0x08008294   0x08008294   0x00000014   Code   RO         8107    i.ramp_init         ramp.o
    0x080082a8   0x080082a8   0x00000018   Code   RO         7931    i.rc_ball_storage_ctrl  remote_ctrl.o
    0x080082c0   0x080082c0   0x00000018   Code   RO         7932    i.rc_fric_ctrl      remote_ctrl.o
    0x080082d8   0x080082d8   0x00000048   Code   RO         7933    i.rc_shoot_cmd      remote_ctrl.o
    0x08008320   0x08008320   0x00000184   Code   RO         7934    i.remote_ctrl       remote_ctrl.o
    0x080084a4   0x080084a4   0x0000001c   Code   RO         7935    i.remote_ctrl_chassis_hook  remote_ctrl.o
    0x080084c0   0x080084c0   0x00000018   Code   RO         7936    i.remote_ctrl_gimbal_hook  remote_ctrl.o
    0x080084d8   0x080084d8   0x0000008c   Code   RO         7937    i.remote_ctrl_shoot_hook  remote_ctrl.o
    0x08008564   0x08008564   0x00000034   Code   RO         7618    i.remote_is_action  gimbal_task.o
    0x08008598   0x08008598   0x00000134   Code   RO         7619    i.rescue_handler    gimbal_task.o
    0x080086cc   0x080086cc   0x00000064   Code   RO         7077    i.send_chassis_cur  bsp_can.o
    0x08008730   0x08008730   0x00000060   Code   RO         7078    i.send_detect_state  bsp_can.o
    0x08008790   0x08008790   0x00000058   Code   RO         7080    i.send_gimbal_cur   bsp_can.o
    0x080087e8   0x080087e8   0x00000050   Code   RO         8365    i.send_packed_fifo_data  data_packet.o
    0x08008838   0x08008838   0x00000130   Code   RO         7531    i.shoot_bullet_handler  shoot_task.o
    0x08008968   0x08008968   0x00000028   Code   RO         8031    i.shoot_cmd_ctrl    keyboard.o
    0x08008990   0x08008990   0x00000024   Code   RO         7533    i.shoot_speed_ctrl  shoot_task.o
    0x080089b4   0x080089b4   0x00000018   Code   RO         8032    i.shoot_storage_ctrl  keyboard.o
    0x080089cc   0x080089cc   0x00000120   Code   RO         7534    i.shoot_task        shoot_task.o
    0x08008aec   0x08008aec   0x0000021c   Code   RO          504    i.start_task        start_task.o
    0x08008d08   0x08008d08   0x00000110   Code   RO         7621    i.track_aimor_handler  gimbal_task.o
    0x08008e18   0x08008e18   0x00000054   Code   RO         7853    i.trimf             fuzzy_pid.o
    0x08008e6c   0x08008e6c   0x00000010   Code   RO         7535    i.turn_off_friction_wheel  shoot_task.o
    0x08008e7c   0x08008e7c   0x0000000c   Code   RO         7536    i.turn_on_friction_wheel  shoot_task.o
    0x08008e88   0x08008e88   0x00000162   Code   RO         8366    i.unpack_fifo_data  data_packet.o
    0x08008fea   0x08008fea   0x00000020   Code   RO         8367    i.usart_send_data   data_packet.o
    0x0800900a   0x0800900a   0x00000028   Code   RO         5637    i.uxListRemove      list.o
    0x08009032   0x08009032   0x00000002   PAD
    0x08009034   0x08009034   0x00000028   Code   RO         5949    i.uxTaskGetStackHighWaterMark  tasks.o
    0x0800905c   0x0800905c   0x0000001a   Code   RO         5638    i.vListInitialise   list.o
    0x08009076   0x08009076   0x00000006   Code   RO         5639    i.vListInitialiseItem  list.o
    0x0800907c   0x0800907c   0x00000034   Code   RO         5640    i.vListInsert       list.o
    0x080090b0   0x080090b0   0x00000018   Code   RO         5641    i.vListInsertEnd    list.o
    0x080090c8   0x080090c8   0x00000054   Code   RO         6648    i.vPortEnterCritical  port.o
    0x0800911c   0x0800911c   0x0000003c   Code   RO         6649    i.vPortExitCritical  port.o
    0x08009158   0x08009158   0x00000094   Code   RO         6586    i.vPortFree         heap_4.o
    0x080091ec   0x080091ec   0x00000020   Code   RO         6650    i.vPortSetupTimerInterrupt  port.o
    0x0800920c   0x0800920c   0x00000078   Code   RO         6651    i.vPortValidateInterruptPriority  port.o
    0x08009284   0x08009284   0x0000002c   Code   RO         5699    i.vQueueAddToRegistry  queue.o
    0x080092b0   0x080092b0   0x0000004a   Code   RO         5703    i.vQueueWaitForMessageRestricted  queue.o
    0x080092fa   0x080092fa   0x00000002   PAD
    0x080092fc   0x080092fc   0x000000d4   Code   RO         5956    i.vTaskDelayUntil   tasks.o
    0x080093d0   0x080093d0   0x000000f4   Code   RO         5957    i.vTaskDelete       tasks.o
    0x080094c4   0x080094c4   0x0000000c   Code   RO         5960    i.vTaskMissedYield  tasks.o
    0x080094d0   0x080094d0   0x00000038   Code   RO         5962    i.vTaskPlaceOnEventList  tasks.o
    0x08009508   0x08009508   0x00000040   Code   RO         5963    i.vTaskPlaceOnEventListRestricted  tasks.o
    0x08009548   0x08009548   0x000000b0   Code   RO         5965    i.vTaskPriorityInherit  tasks.o
    0x080095f8   0x080095f8   0x00000030   Code   RO         5969    i.vTaskSetTimeOutState  tasks.o
    0x08009628   0x08009628   0x0000009c   Code   RO         5970    i.vTaskStartScheduler  tasks.o
    0x080096c4   0x080096c4   0x00000010   Code   RO         5972    i.vTaskSuspendAll   tasks.o
    0x080096d4   0x080096d4   0x000000c4   Code   RO         5973    i.vTaskSwitchContext  tasks.o
    0x08009798   0x08009798   0x00000040   Code   RO         8200    i.verify_crc16_check_sum  protocol.o
    0x080097d8   0x080097d8   0x00000030   Code   RO         8201    i.verify_crc8_check_sum  protocol.o
    0x08009808   0x08009808   0x0000013c   Code   RO         6652    i.xPortStartScheduler  port.o
    0x08009944   0x08009944   0x00000034   Code   RO         6653    i.xPortSysTickHandler  port.o
    0x08009978   0x08009978   0x00000022   Code   RO         5706    i.xQueueCreateMutex  queue.o
    0x0800999a   0x0800999a   0x00000058   Code   RO         5708    i.xQueueGenericCreate  queue.o
    0x080099f2   0x080099f2   0x00000002   PAD
    0x080099f4   0x080099f4   0x000001c4   Code   RO         5709    i.xQueueGenericReceive  queue.o
    0x08009bb8   0x08009bb8   0x00000098   Code   RO         5710    i.xQueueGenericReset  queue.o
    0x08009c50   0x08009c50   0x000001c8   Code   RO         5711    i.xQueueGenericSend  queue.o
    0x08009e18   0x08009e18   0x00000108   Code   RO         5712    i.xQueueGenericSendFromISR  queue.o
    0x08009f20   0x08009f20   0x0000008c   Code   RO         5974    i.xTaskCheckForTimeOut  tasks.o
    0x08009fac   0x08009fac   0x00000060   Code   RO         5975    i.xTaskCreate       tasks.o
    0x0800a00c   0x0800a00c   0x00000104   Code   RO         5976    i.xTaskGenericNotify  tasks.o
    0x0800a110   0x0800a110   0x00000144   Code   RO         5977    i.xTaskGenericNotifyFromISR  tasks.o
    0x0800a254   0x0800a254   0x00000020   Code   RO         5980    i.xTaskGetSchedulerState  tasks.o
    0x0800a274   0x0800a274   0x0000000c   Code   RO         5981    i.xTaskGetTickCount  tasks.o
    0x0800a280   0x0800a280   0x00000014   Code   RO         5982    i.xTaskGetTickCountFromISR  tasks.o
    0x0800a294   0x0800a294   0x00000148   Code   RO         5983    i.xTaskIncrementTick  tasks.o
    0x0800a3dc   0x0800a3dc   0x000000a0   Code   RO         5985    i.xTaskNotifyWait   tasks.o
    0x0800a47c   0x0800a47c   0x000000c8   Code   RO         5986    i.xTaskPriorityDisinherit  tasks.o
    0x0800a544   0x0800a544   0x00000098   Code   RO         5987    i.xTaskRemoveFromEventList  tasks.o
    0x0800a5dc   0x0800a5dc   0x00000104   Code   RO         5989    i.xTaskResumeAll    tasks.o
    0x0800a6e0   0x0800a6e0   0x00000054   Code   RO         6454    i.xTimerCreateTimerTask  timers.o
    0x0800a734   0x0800a734   0x00000084   Code   RO         6455    i.xTimerGenericCommand  timers.o
    0x0800a7b8   0x0800a7b8   0x00000302   Data   RO         8202    .constdata          protocol.o
    0x0800aaba   0x0800aaba   0x00000006   PAD
    0x0800aac0   0x0800aac0   0x00000030   Data   RO         8883    .constdata          m_wm.l(cos_i.o)
    0x0800aaf0   0x0800aaf0   0x000000c8   Data   RO         8901    .constdata          m_wm.l(rred.o)
    0x0800abb8   0x0800abb8   0x00000028   Data   RO         8905    .constdata          m_wm.l(sin_i.o)
    0x0800abe0   0x0800abe0   0x00000020   Data   RO         8956    Region$$Table       anon$$obj.o


    Execution Region RW_IRAM1 (Exec base: 0x20000000, Load base: 0x0800ac00, Size: 0x00023ee8, Max: 0x00030000, ABSOLUTE, COMPRESSED[0x00000138])

    Exec Addr    Load Addr    Size         Type   Attr      Idx    E Section Name        Object

    0x20000000   COMPRESSED   0x00000014   Data   RW          465    .data               system_stm32f4xx.o
    0x20000014   COMPRESSED   0x00000034   Data   RW          505    .data               start_task.o
    0x20000048   COMPRESSED   0x00000004   Data   RW          596    .data               stm32_tim_base.o
    0x2000004c   COMPRESSED   0x00000010   Data   RW         3350    .data               stm32f4xx_rcc.o
    0x2000005c   COMPRESSED   0x00000044   Data   RW         5992    .data               tasks.o
    0x200000a0   COMPRESSED   0x00000014   Data   RW         6461    .data               timers.o
    0x200000b4   COMPRESSED   0x00000018   Data   RW         6591    .data               heap_4.o
    0x200000cc   COMPRESSED   0x0000000c   Data   RW         6654    .data               port.o
    0x200000d8   COMPRESSED   0x00000004   Data   RW         6737    .data               delay.o
    0x200000dc   COMPRESSED   0x00000001   Data   RW         6783    .data               gpio.o
    0x200000dd   COMPRESSED   0x00000001   PAD
    0x200000de   COMPRESSED   0x00000002   Data   RW         6942    .data               rc.o
    0x200000e0   COMPRESSED   0x00000015   Data   RW         7085    .data               bsp_can.o
    0x200000f5   COMPRESSED   0x00000003   PAD
    0x200000f8   COMPRESSED   0x00000004   Data   RW         7226    .data               comm_task.o
    0x200000fc   COMPRESSED   0x00000004   Data   RW         7282    .data               detect_task.o
    0x20000100   COMPRESSED   0x00000004   Data   RW         7351    .data               imu_task.o
    0x20000104   COMPRESSED   0x00000014   Data   RW         7401    .data               info_get_task.o
    0x20000118   COMPRESSED   0x0000000c   Data   RW         7473    .data               modeswitch_task.o
    0x20000124   COMPRESSED   0x00000040   Data   RW         7538    .data               shoot_task.o
    0x20000164   COMPRESSED   0x00000078   Data   RW         7623    .data               gimbal_task.o
    0x200001dc   COMPRESSED   0x00000038   Data   RW         7710    .data               chassis_task.o
    0x20000214   COMPRESSED   0x00000008   Data   RW         7775    .data               judge_task.o
    0x2000021c   COMPRESSED   0x00000008   Data   RW         7815    .data               pc_task.o
    0x20000224   COMPRESSED   0x000003f0   Data   RW         7855    .data               fuzzy_pid.o
    0x20000614   COMPRESSED   0x00000004   Data   RW         7939    .data               remote_ctrl.o
    0x20000618   COMPRESSED   0x00000002   Data   RW         8203    .data               protocol.o
    0x2000061a   COMPRESSED   0x00000002   PAD
    0x2000061c   COMPRESSED   0x00000009   Data   RW         8368    .data               data_packet.o
    0x20000625   COMPRESSED   0x00000003   PAD
    0x20000628   COMPRESSED   0x00000005   Data   RW         8424    .data               judge_rx_data.o
    0x2000062d   COMPRESSED   0x00000003   PAD
    0x20000630   COMPRESSED   0x00000030   Data   RW         8474    .data               judge_tx_data.o
    0x20000660   COMPRESSED   0x00000038   Data   RW         8548    .data               pc_rx_data.o
    0x20000698   COMPRESSED   0x0000000c   Data   RW         8587    .data               pc_tx_data.o
    0x200006a4   COMPRESSED   0x00000004   Data   RW         8935    .data               mc_w.l(errno.o)
    0x200006a8        -       0x00000040   Zero   RW         5723    .bss                queue.o
    0x200006e8        -       0x000002e4   Zero   RW         5991    .bss                tasks.o
    0x200009cc        -       0x00000028   Zero   RW         6460    .bss                timers.o
    0x200009f4        -       0x00020000   Zero   RW         6590    .bss                heap_4.o
    0x200209f4        -       0x00000016   Zero   RW         6941    .bss                rc.o
    0x20020a0a        -       0x0000109a   Zero   RW         6995    .bss                dma.o
    0x20021aa4        -       0x00000250   Zero   RW         7084    .bss                bsp_can.o
    0x20021cf4        -       0x0000000c   Zero   RW         7182    .bss                bsp_flash.o
    0x20021d00        -       0x00000012   Zero   RW         7225    .bss                comm_task.o
    0x20021d12   COMPRESSED   0x00000002   PAD
    0x20021d14        -       0x000000f4   Zero   RW         7281    .bss                detect_task.o
    0x20021e08        -       0x00000020   Zero   RW         7537    .bss                shoot_task.o
    0x20021e28        -       0x00000090   Zero   RW         7622    .bss                gimbal_task.o
    0x20021eb8        -       0x00000038   Zero   RW         7709    .bss                chassis_task.o
    0x20021ef0        -       0x00000034   Zero   RW         7854    .bss                fuzzy_pid.o
    0x20021f24        -       0x00000014   Zero   RW         7938    .bss                remote_ctrl.o
    0x20021f38        -       0x00000040   Zero   RW         8033    .bss                keyboard.o
    0x20021f78        -       0x000003b8   Zero   RW         8142    .bss                pid.o
    0x20022330        -       0x00000380   Zero   RW         8423    .bss                judge_rx_data.o
    0x200226b0        -       0x000002c0   Zero   RW         8473    .bss                judge_tx_data.o
    0x20022970        -       0x0000033a   Zero   RW         8547    .bss                pc_rx_data.o
    0x20022caa   COMPRESSED   0x00000002   PAD
    0x20022cac        -       0x0000023c   Zero   RW         8586    .bss                pc_tx_data.o
    0x20022ee8        -       0x00001000   Zero   RW          649    STACK               startup_stm32f427_437xx.o


==============================================================================

Image component sizes


      Code (inc. data)   RO Data    RW Data    ZI Data      Debug   Object Name

      1012        104          0         21        592       7495   bsp_can.o
       584        104          0          0         12       4568   bsp_flash.o
       540         18          0          0          0       1984   can.o
      2876        286          0         56         56       7383   chassis_task.o
       148          8          0          4         18       4200   comm_task.o
       436          0          0          0          0       4025   data_fifo.o
       932         36          0          9          0       6286   data_packet.o
       192         12          0          4          0       1866   delay.o
       396         44          0          4        244       4570   detect_task.o
       468         50          0          0       4250       2757   dma.o
         0          0          0          0          0      11656   event_groups.o
      1676         48          0       1008         52       4366   fuzzy_pid.o
      3014        292          0        120        144       9760   gimbal_task.o
       308         34          0          1          0       1831   gpio.o
       692         62          0         24     131072       4387   heap_4.o
        36          6          0          4          0        783   imu_task.o
       662         76          0         20          0       5333   info_get_task.o
       468         38          0          5        896       5105   judge_rx_data.o
       244         38          0          8          0       2084   judge_task.o
      1408        220          0         48        704      10166   judge_tx_data.o
      1016        128          0          0         64       8362   keyboard.o
       148          0          0          0          0       3222   list.o
       186         10          0          0          0      19200   main.o
       180         24          0          0          0     253565   misc.o
       760        118          0         12          0       4953   modeswitch_task.o
       404         68          0         56        826       4439   pc_rx_data.o
       236         36          0          8          0       2036   pc_task.o
       180         36          0         12        572       4059   pc_tx_data.o
       700         20          0          0        952       5826   pid.o
       954         92          0         12          0      11209   port.o
       286         18        770          2          0       4902   protocol.o
      2150         22          0          0         64      17913   queue.o
        84          8          0          0          0       1492   ramp.o
       252         28          0          2         22       1525   rc.o
       944         72          0          4         20       8005   remote_ctrl.o
      1068        172          0         64         32       7611   shoot_task.o
       168          8          0          0          0        625   spi.o
       584        298          0         52          0     249590   start_task.o
        36          8        428          0       4096        820   startup_stm32f427_437xx.o
       208         22          0          4          0       5121   stm32_tim_base.o
      1566         16          0          0          0       6362   stm32f4xx_can.o
       584         40          0          0          0       6648   stm32f4xx_dma.o
       184         16          0          0          0       2132   stm32f4xx_exti.o
       434         46          0          0          0       4966   stm32f4xx_flash.o
       236          0          0          0          0       2982   stm32f4xx_gpio.o
        36          0          0          0          0     328783   stm32f4xx_it.o
       392         48          0         16          0       5757   stm32f4xx_rcc.o
        84          0          0          0          0       1793   stm32f4xx_spi.o
        64          4          0          0          0        632   stm32f4xx_syscfg.o
       526         46          0          0          0       6807   stm32f4xx_tim.o
       736         42          0          0          0       7338   stm32f4xx_usart.o
       392         32          0         20          0       1875   system_stm32f4xx.o
      4090        492          0         68        740     336604   tasks.o
       372         20          0          0          0       1568   tim.o
      1138        116          0         20         40      17051   timers.o
       656         32          0          0          0       2084   usart.o

    ----------------------------------------------------------------------
     38170       3614       1236       1700     145472    1448462   Object Totals
         0          0         32          0          0          0   (incl. Generated)
        44          0          6         12          4          0   (incl. Padding)

    ----------------------------------------------------------------------

      Code (inc. data)   RO Data    RW Data    ZI Data      Debug   Library Member Name

       200         20          0          0          0        164   cos.o
       368         46         48          0          0        200   cos_i.o
        84         16          0          0          0        372   dunder.o
        44          0          0          0          0        248   fabs.o
        48          0          0          0          0        124   fpclassify.o
       248          0          0          0          0        152   poly.o
      1080        142        200          0          0        188   rred.o
       200         20          0          0          0        164   sin.o
       304         24         40          0          0        208   sin_i.o
        86          0          0          0          0          0   __dczerorl2.o
         0          0          0          0          0          0   entry.o
         0          0          0          0          0          0   entry10a.o
         0          0          0          0          0          0   entry11a.o
         8          4          0          0          0          0   entry2.o
         4          0          0          0          0          0   entry5.o
         0          0          0          0          0          0   entry7b.o
         0          0          0          0          0          0   entry8b.o
         8          4          0          0          0          0   entry9a.o
        12          6          0          4          0         68   errno.o
        30          0          0          0          0          0   handlers.o
        36          8          0          0          0         68   init.o
         0          0          0          0          0          0   iusefp.o
        30          0          0          0          0         68   llshl.o
        36          0          0          0          0         68   llsshr.o
        32          0          0          0          0         68   llushr.o
        36          0          0          0          0         68   memcpya.o
        36          0          0          0          0        108   memseta.o
        48          0          0          0          0         68   cdcmple.o
        48          0          0          0          0         68   cdrcmple.o
        56          0          0          0          0         88   d2f.o
       334          0          0          0          0        148   dadd.o
       222          0          0          0          0        100   ddiv.o
       186          0          0          0          0        176   depilogue.o
        62          0          0          0          0         80   dfixi.o
        34          0          0          0          0         76   dflti.o
        26          0          0          0          0         76   dfltui.o
       228          0          0          0          0         96   dmul.o
        38          0          0          0          0         68   f2d.o
       110          0          0          0          0        168   fepilogue.o

    ----------------------------------------------------------------------
      4338        290        288          4          0       3548   Library Totals
        16          0          0          0          0          0   (incl. Padding)

    ----------------------------------------------------------------------

      Code (inc. data)   RO Data    RW Data    ZI Data      Debug   Library Name

      2576        268        288          0          0       1820   m_wm.l
       354         22          0          4          0        516   mc_w.l
      1392          0          0          0          0       1212   mf_w.l

    ----------------------------------------------------------------------
      4338        290        288          4          0       3548   Library Totals

    ----------------------------------------------------------------------

==============================================================================


      Code (inc. data)   RO Data    RW Data    ZI Data      Debug   

     42508       3904       1524       1704     145472    1420362   Grand Totals
     42508       3904       1524        312     145472    1420362   ELF Image Totals (compressed)
     42508       3904       1524        312          0          0   ROM Totals

==============================================================================

    Total RO  Size (Code + RO Data)                44032 (  43.00kB)
    Total RW  Size (RW Data + ZI Data)            147176 ( 143.73kB)
    Total ROM Size (Code + RO Data + RW Data)      44344 (  43.30kB)

==============================================================================

